Archive member included to satisfy reference by file (symbol)

/usr/lib/gcc/arm-none-eabi/8.3.1/thumb/v6-m/nofp/libgcc.a(_dvmd_tls.o)
                              CMakeFiles/pico-UUBUS.dir/home/pi/pico/pico-sdk/src/rp2_common/pico_divider/divider.S.obj (__aeabi_idiv0)
/usr/lib/gcc/arm-none-eabi/8.3.1/../../../arm-none-eabi/lib/thumb/v6-m/nofp/libg.a(lib_a-atexit.o)
                              /usr/lib/gcc/arm-none-eabi/8.3.1/../../../arm-none-eabi/lib/thumb/v6-m/nofp/crt0.o (atexit)
/usr/lib/gcc/arm-none-eabi/8.3.1/../../../arm-none-eabi/lib/thumb/v6-m/nofp/libg.a(lib_a-calloc.o)
                              CMakeFiles/pico-UUBUS.dir/home/pi/pico/pico-sdk/src/rp2_common/pico_malloc/pico_malloc.c.obj (calloc)
/usr/lib/gcc/arm-none-eabi/8.3.1/../../../arm-none-eabi/lib/thumb/v6-m/nofp/libg.a(lib_a-callocr.o)
                              /usr/lib/gcc/arm-none-eabi/8.3.1/../../../arm-none-eabi/lib/thumb/v6-m/nofp/libg.a(lib_a-calloc.o) (_calloc_r)
/usr/lib/gcc/arm-none-eabi/8.3.1/../../../arm-none-eabi/lib/thumb/v6-m/nofp/libg.a(lib_a-fini.o)
                              /usr/lib/gcc/arm-none-eabi/8.3.1/../../../arm-none-eabi/lib/thumb/v6-m/nofp/crt0.o (__libc_fini_array)
/usr/lib/gcc/arm-none-eabi/8.3.1/../../../arm-none-eabi/lib/thumb/v6-m/nofp/libg.a(lib_a-impure.o)
                              /usr/lib/gcc/arm-none-eabi/8.3.1/../../../arm-none-eabi/lib/thumb/v6-m/nofp/libg.a(lib_a-calloc.o) (_impure_ptr)
/usr/lib/gcc/arm-none-eabi/8.3.1/../../../arm-none-eabi/lib/thumb/v6-m/nofp/libg.a(lib_a-init.o)
                              /usr/lib/gcc/arm-none-eabi/8.3.1/../../../arm-none-eabi/lib/thumb/v6-m/nofp/crt0.o (__libc_init_array)
/usr/lib/gcc/arm-none-eabi/8.3.1/../../../arm-none-eabi/lib/thumb/v6-m/nofp/libg.a(lib_a-malloc.o)
                              CMakeFiles/pico-UUBUS.dir/home/pi/pico/pico-sdk/src/rp2_common/pico_malloc/pico_malloc.c.obj (malloc)
/usr/lib/gcc/arm-none-eabi/8.3.1/../../../arm-none-eabi/lib/thumb/v6-m/nofp/libg.a(lib_a-mallocr.o)
                              /usr/lib/gcc/arm-none-eabi/8.3.1/../../../arm-none-eabi/lib/thumb/v6-m/nofp/libg.a(lib_a-callocr.o) (_malloc_r)
/usr/lib/gcc/arm-none-eabi/8.3.1/../../../arm-none-eabi/lib/thumb/v6-m/nofp/libg.a(lib_a-mlock.o)
                              /usr/lib/gcc/arm-none-eabi/8.3.1/../../../arm-none-eabi/lib/thumb/v6-m/nofp/libg.a(lib_a-mallocr.o) (__malloc_lock)
/usr/lib/gcc/arm-none-eabi/8.3.1/../../../arm-none-eabi/lib/thumb/v6-m/nofp/libg.a(lib_a-realloc.o)
                              CMakeFiles/pico-UUBUS.dir/home/pi/pico/pico-sdk/src/rp2_common/pico_malloc/pico_malloc.c.obj (realloc)
/usr/lib/gcc/arm-none-eabi/8.3.1/../../../arm-none-eabi/lib/thumb/v6-m/nofp/libg.a(lib_a-reallocr.o)
                              /usr/lib/gcc/arm-none-eabi/8.3.1/../../../arm-none-eabi/lib/thumb/v6-m/nofp/libg.a(lib_a-realloc.o) (_realloc_r)
/usr/lib/gcc/arm-none-eabi/8.3.1/../../../arm-none-eabi/lib/thumb/v6-m/nofp/libg.a(lib_a-sbrkr.o)
                              /usr/lib/gcc/arm-none-eabi/8.3.1/../../../arm-none-eabi/lib/thumb/v6-m/nofp/libg.a(lib_a-mallocr.o) (_sbrk_r)
/usr/lib/gcc/arm-none-eabi/8.3.1/../../../arm-none-eabi/lib/thumb/v6-m/nofp/libg.a(lib_a-strlen-stub.o)
                              CMakeFiles/pico-UUBUS.dir/home/pi/pico/pico-sdk/src/rp2_common/pico_stdio/stdio.c.obj (strlen)
/usr/lib/gcc/arm-none-eabi/8.3.1/../../../arm-none-eabi/lib/thumb/v6-m/nofp/libg.a(lib_a-__atexit.o)
                              /usr/lib/gcc/arm-none-eabi/8.3.1/../../../arm-none-eabi/lib/thumb/v6-m/nofp/libg.a(lib_a-atexit.o) (__register_exitproc)
/usr/lib/gcc/arm-none-eabi/8.3.1/../../../arm-none-eabi/lib/thumb/v6-m/nofp/libg.a(lib_a-freer.o)
                              /usr/lib/gcc/arm-none-eabi/8.3.1/../../../arm-none-eabi/lib/thumb/v6-m/nofp/libg.a(lib_a-malloc.o) (_free_r)
/usr/lib/gcc/arm-none-eabi/8.3.1/../../../arm-none-eabi/lib/thumb/v6-m/nofp/libg.a(lib_a-memmove.o)
                              /usr/lib/gcc/arm-none-eabi/8.3.1/../../../arm-none-eabi/lib/thumb/v6-m/nofp/libg.a(lib_a-reallocr.o) (memmove)
/usr/lib/gcc/arm-none-eabi/8.3.1/../../../arm-none-eabi/lib/thumb/v6-m/nofp/libg.a(lib_a-reent.o)
                              /usr/lib/gcc/arm-none-eabi/8.3.1/../../../arm-none-eabi/lib/thumb/v6-m/nofp/libg.a(lib_a-sbrkr.o) (errno)

Allocating common symbols
Common symbol       size              file

sf_table            0x100             CMakeFiles/pico-UUBUS.dir/home/pi/pico/pico-sdk/src/rp2_common/pico_float/float_init_rom.c.obj
errno               0x4               /usr/lib/gcc/arm-none-eabi/8.3.1/../../../arm-none-eabi/lib/thumb/v6-m/nofp/libg.a(lib_a-reent.o)
sd_table            0x100             CMakeFiles/pico-UUBUS.dir/home/pi/pico/pico-sdk/src/rp2_common/pico_double/double_init_rom.c.obj
uart_char_to_line_feed
                    0x4               CMakeFiles/pico-UUBUS.dir/home/pi/pico/pico-sdk/src/rp2_common/hardware_uart/uart.c.obj

Discarded input sections

[...]
Memory Configuration

Name             Origin             Length             Attributes
FLASH            0x10000000         0x00200000         xr
RAM              0x20000000         0x00040000         xrw
SCRATCH_X        0x20040000         0x00001000         xrw
SCRATCH_Y        0x20041000         0x00001000         xrw
*default*        0x00000000         0xffffffff

Linker script and memory map

LOAD /usr/lib/gcc/arm-none-eabi/8.3.1/thumb/v6-m/nofp/crti.o
LOAD /usr/lib/gcc/arm-none-eabi/8.3.1/thumb/v6-m/nofp/crtbegin.o
LOAD /usr/lib/gcc/arm-none-eabi/8.3.1/../../../arm-none-eabi/lib/thumb/v6-m/nofp/crt0.o

.flash_begin    0x10000000        0x0
                0x10000000                __flash_binary_start = .

.boot2          0x10000000      0x100
                0x10000000                __boot2_start__ = .
 *(.boot2)
 .boot2         0x10000000      0x100 /tmp/cc4DpKhG.o
                0x10000100                __boot2_end__ = .
                0x00000001                ASSERT (((__boot2_end__ - __boot2_start__) == 0x100), ERROR: Pico second stage bootloader must be 256 bytes in size)

.text           0x10000100     0x42d8
                0x10000100                __logical_binary_start = .
 *(.vectors)
 .vectors       0x10000100       0xd4 CMakeFiles/pico-UUBUS.dir/home/pi/pico/pico-sdk/src/rp2_common/pico_standard_link/crt0.S.obj
                0x10000100                __vectors
                0x10000100                __VECTOR_TABLE
                0x100001c0                isr_invalid
                0x100001c0                __default_isrs_start
                0x100001c2                isr_nmi
                0x100001c4                isr_hardfault
                0x100001c6                isr_svcall
                0x100001c8                isr_pendsv
                0x100001ca                isr_systick
                0x100001cc                isr_irq30
                0x100001cc                __unhandled_user_irq
                0x100001cc                isr_irq13
                0x100001cc                isr_irq27
                0x100001cc                isr_irq31
                0x100001cc                isr_irq5
                0x100001cc                isr_irq11
                0x100001cc                isr_irq23
                0x100001cc                isr_irq18
                0x100001cc                isr_irq28
                0x100001cc                isr_irq19
                0x100001cc                isr_irq0
                0x100001cc                isr_irq6
                0x100001cc                isr_irq22
                0x100001cc                isr_irq17
                0x100001cc                isr_irq14
                0x100001cc                isr_irq2
                0x100001cc                isr_irq10
                0x100001cc                isr_irq8
                0x100001cc                isr_irq24
                0x100001cc                isr_irq1
                0x100001cc                isr_irq7
                0x100001cc                isr_irq21
                0x100001cc                isr_irq20
                0x100001cc                isr_irq15
                0x100001cc                isr_irq25
                0x100001cc                isr_irq4
                0x100001cc                isr_irq16
                0x100001cc                isr_irq29
                0x100001cc                isr_irq26
                0x100001cc                __default_isrs_end
                0x100001cc                isr_irq3
                0x100001cc                isr_irq12
                0x100001cc                isr_irq9
                0x100001d2                unhandled_user_irq_num_in_r0
 *(.binary_info_header)
 .binary_info_header
                0x100001d4       0x14 CMakeFiles/pico-UUBUS.dir/home/pi/pico/pico-sdk/src/rp2_common/pico_standard_link/crt0.S.obj
                0x100001e8                __binary_info_header_end = .
 *(.reset)
 .reset         0x100001e8       0xa0 CMakeFiles/pico-UUBUS.dir/home/pi/pico/pico-sdk/src/rp2_common/pico_standard_link/crt0.S.obj
                0x100001e8                _entry_point
 .reset         0x10000288       0x30 CMakeFiles/pico-UUBUS.dir/home/pi/pico/pico-sdk/src/rp2_common/pico_standard_link/binary_info.c.obj
 *(.init)
 .init          0x100002b8        0x4 /usr/lib/gcc/arm-none-eabi/8.3.1/thumb/v6-m/nofp/crti.o
                0x100002b8                _init
 *(EXCLUDE_FILE(*libm.a: *libc.a:*lib_a-mem*.o *libgcc.a:) .text*)
 .text          0x100002bc       0x98 /usr/lib/gcc/arm-none-eabi/8.3.1/thumb/v6-m/nofp/crtbegin.o
 .text.servo_enable
                0x10000354       0xbc CMakeFiles/pico-UUBUS.dir/src/pico_servo.c.obj
                0x10000354                servo_enable
 .text.servo_set_position
                0x10000410       0x98 CMakeFiles/pico-UUBUS.dir/src/pico_servo.c.obj
                0x10000410                servo_set_position
 .text.main     0x100004a8       0x2e CMakeFiles/pico-UUBUS.dir/main.c.obj
                0x100004a8                main
 *fill*         0x100004d6        0x2 
 .text.gpio_set_function
                0x100004d8       0x30 CMakeFiles/pico-UUBUS.dir/home/pi/pico/pico-sdk/src/rp2_common/hardware_gpio/gpio.c.obj
                0x100004d8                gpio_set_function
 .text.running_on_fpga
                0x10000508       0x14 CMakeFiles/pico-UUBUS.dir/home/pi/pico/pico-sdk/src/rp2_common/pico_platform/platform.c.obj
                0x10000508                running_on_fpga
 .text.hw_claim_lock
                0x1000051c       0x18 CMakeFiles/pico-UUBUS.dir/home/pi/pico/pico-sdk/src/rp2_common/hardware_claim/claim.c.obj
                0x1000051c                hw_claim_lock
 .text.hw_claim_unlock
                0x10000534       0x14 CMakeFiles/pico-UUBUS.dir/home/pi/pico/pico-sdk/src/rp2_common/hardware_claim/claim.c.obj
                0x10000534                hw_claim_unlock
 .text.hw_claim_or_assert
                0x10000548       0x32 CMakeFiles/pico-UUBUS.dir/home/pi/pico/pico-sdk/src/rp2_common/hardware_claim/claim.c.obj
                0x10000548                hw_claim_or_assert
 *fill*         0x1000057a        0x2 
 .text.spin_locks_reset
                0x1000057c       0x20 CMakeFiles/pico-UUBUS.dir/home/pi/pico/pico-sdk/src/rp2_common/hardware_sync/sync.c.obj
                0x1000057c                spin_locks_reset
 .text.next_striped_spin_lock_num
                0x1000059c       0x1c CMakeFiles/pico-UUBUS.dir/home/pi/pico/pico-sdk/src/rp2_common/hardware_sync/sync.c.obj
                0x1000059c                next_striped_spin_lock_num
 .text.set_raw_irq_handler_and_unlock
                0x100005b8       0x28 CMakeFiles/pico-UUBUS.dir/home/pi/pico/pico-sdk/src/rp2_common/hardware_irq/irq.c.obj
 .text.make_branch
                0x100005e0       0x48 CMakeFiles/pico-UUBUS.dir/home/pi/pico/pico-sdk/src/rp2_common/hardware_irq/irq.c.obj
 .text.insert_branch_and_link
                0x10000628       0x40 CMakeFiles/pico-UUBUS.dir/home/pi/pico/pico-sdk/src/rp2_common/hardware_irq/irq.c.obj
 .text.irq_is_enabled
                0x10000668       0x18 CMakeFiles/pico-UUBUS.dir/home/pi/pico/pico-sdk/src/rp2_common/hardware_irq/irq.c.obj
                0x10000668                irq_is_enabled
 .text.irq_set_mask_enabled
                0x10000680       0x20 CMakeFiles/pico-UUBUS.dir/home/pi/pico/pico-sdk/src/rp2_common/hardware_irq/irq.c.obj
                0x10000680                irq_set_mask_enabled
 .text.irq_set_enabled
                0x100006a0        0xe CMakeFiles/pico-UUBUS.dir/home/pi/pico/pico-sdk/src/rp2_common/hardware_irq/irq.c.obj
                0x100006a0                irq_set_enabled
 *fill*         0x100006ae        0x2 
 .text.irq_get_vtable_handler
                0x100006b0       0x10 CMakeFiles/pico-UUBUS.dir/home/pi/pico/pico-sdk/src/rp2_common/hardware_irq/irq.c.obj
                0x100006b0                irq_get_vtable_handler
 .text.irq_set_exclusive_handler
                0x100006c0       0x54 CMakeFiles/pico-UUBUS.dir/home/pi/pico/pico-sdk/src/rp2_common/hardware_irq/irq.c.obj
                0x100006c0                irq_set_exclusive_handler
 .text.irq_remove_handler
                0x10000714      0x1a4 CMakeFiles/pico-UUBUS.dir/home/pi/pico/pico-sdk/src/rp2_common/hardware_irq/irq.c.obj
                0x10000714                irq_remove_handler
 .text.irq_add_tail_to_free_list
                0x100008b8       0xf0 CMakeFiles/pico-UUBUS.dir/home/pi/pico/pico-sdk/src/rp2_common/hardware_irq/irq.c.obj
                0x100008b8                irq_add_tail_to_free_list
 .text.irq_init_priorities
                0x100009a8       0x1c CMakeFiles/pico-UUBUS.dir/home/pi/pico/pico-sdk/src/rp2_common/hardware_irq/irq.c.obj
                0x100009a8                irq_init_priorities
 .text.lock_init
                0x100009c4       0x10 CMakeFiles/pico-UUBUS.dir/home/pi/pico/pico-sdk/src/common/pico_sync/lock_core.c.obj
                0x100009c4                lock_init
 .text.mutex_init
                0x100009d4       0x1a CMakeFiles/pico-UUBUS.dir/home/pi/pico/pico-sdk/src/common/pico_sync/mutex.c.obj
                0x100009d4                mutex_init
 .text.recursive_mutex_init
                0x100009ee       0x1e CMakeFiles/pico-UUBUS.dir/home/pi/pico/pico-sdk/src/common/pico_sync/mutex.c.obj
                0x100009ee                recursive_mutex_init
 .text.sleep_until_callback
                0x10000a0c       0x30 CMakeFiles/pico-UUBUS.dir/home/pi/pico/pico-sdk/src/common/pico_time/time.c.obj
 .text.alarm_pool_post_alloc_init
                0x10000a3c       0x40 CMakeFiles/pico-UUBUS.dir/home/pi/pico/pico-sdk/src/common/pico_time/time.c.obj
 .text.timer_pool_entry_comparator
                0x10000a7c       0x7c CMakeFiles/pico-UUBUS.dir/home/pi/pico/pico-sdk/src/common/pico_time/time.c.obj
                0x10000a7c                timer_pool_entry_comparator
 .text.ph_add_child_node
                0x10000af8       0xa4 CMakeFiles/pico-UUBUS.dir/home/pi/pico/pico-sdk/src/common/pico_time/time.c.obj
 .text.ph_merge_nodes
                0x10000b9c       0x3e CMakeFiles/pico-UUBUS.dir/home/pi/pico/pico-sdk/src/common/pico_time/time.c.obj
 *fill*         0x10000bda        0x2 
 .text.add_alarm_under_lock
                0x10000bdc      0x180 CMakeFiles/pico-UUBUS.dir/home/pi/pico/pico-sdk/src/common/pico_time/time.c.obj
 .text.alarm_pool_alarm_callback
                0x10000d5c      0x33c CMakeFiles/pico-UUBUS.dir/home/pi/pico/pico-sdk/src/common/pico_time/time.c.obj
 .text.alarm_pool_init_default
                0x10001098       0x40 CMakeFiles/pico-UUBUS.dir/home/pi/pico/pico-sdk/src/common/pico_time/time.c.obj
                0x10001098                alarm_pool_init_default
 .text.alarm_pool_get_default
                0x100010d8       0x2c CMakeFiles/pico-UUBUS.dir/home/pi/pico/pico-sdk/src/common/pico_time/time.c.obj
                0x100010d8                alarm_pool_get_default
 .text.alarm_pool_add_alarm_at
                0x10001104      0x14c CMakeFiles/pico-UUBUS.dir/home/pi/pico/pico-sdk/src/common/pico_time/time.c.obj
                0x10001104                alarm_pool_add_alarm_at
 .text.alarm_pool_cancel_alarm
                0x10001250       0xf4 CMakeFiles/pico-UUBUS.dir/home/pi/pico/pico-sdk/src/common/pico_time/time.c.obj
                0x10001250                alarm_pool_cancel_alarm
 .text.sleep_until
                0x10001344       0xf8 CMakeFiles/pico-UUBUS.dir/home/pi/pico/pico-sdk/src/common/pico_time/time.c.obj
                0x10001344                sleep_until
 .text.sleep_us
                0x1000143c       0x50 CMakeFiles/pico-UUBUS.dir/home/pi/pico/pico-sdk/src/common/pico_time/time.c.obj
                0x1000143c                sleep_us
 .text.sleep_ms
                0x1000148c       0x14 CMakeFiles/pico-UUBUS.dir/home/pi/pico/pico-sdk/src/common/pico_time/time.c.obj
                0x1000148c                sleep_ms
 .text.best_effort_wfe_or_timeout
                0x100014a0       0xac CMakeFiles/pico-UUBUS.dir/home/pi/pico/pico-sdk/src/common/pico_time/time.c.obj
                0x100014a0                best_effort_wfe_or_timeout
 .text.hardware_alarm_irq_handler
                0x1000154c       0x90 CMakeFiles/pico-UUBUS.dir/home/pi/pico/pico-sdk/src/rp2_common/hardware_timer/timer.c.obj
 .text.hardware_alarm_claim
                0x100015dc       0x18 CMakeFiles/pico-UUBUS.dir/home/pi/pico/pico-sdk/src/rp2_common/hardware_timer/timer.c.obj
                0x100015dc                hardware_alarm_claim
 .text.time_us_64
                0x100015f4       0x18 CMakeFiles/pico-UUBUS.dir/home/pi/pico/pico-sdk/src/rp2_common/hardware_timer/timer.c.obj
                0x100015f4                time_us_64
 .text.busy_wait_until
                0x1000160c       0x24 CMakeFiles/pico-UUBUS.dir/home/pi/pico/pico-sdk/src/rp2_common/hardware_timer/timer.c.obj
                0x1000160c                busy_wait_until
 .text.hardware_alarm_set_callback
                0x10001630       0x90 CMakeFiles/pico-UUBUS.dir/home/pi/pico/pico-sdk/src/rp2_common/hardware_timer/timer.c.obj
                0x10001630                hardware_alarm_set_callback
 .text.hardware_alarm_set_target
                0x100016c0       0xe8 CMakeFiles/pico-UUBUS.dir/home/pi/pico/pico-sdk/src/rp2_common/hardware_timer/timer.c.obj
                0x100016c0                hardware_alarm_set_target
 .text.hardware_alarm_cancel
                0x100017a8       0x40 CMakeFiles/pico-UUBUS.dir/home/pi/pico/pico-sdk/src/rp2_common/hardware_timer/timer.c.obj
                0x100017a8                hardware_alarm_cancel
 .text.ph_add_child_node
                0x100017e8       0xa4 CMakeFiles/pico-UUBUS.dir/home/pi/pico/pico-sdk/src/common/pico_util/pheap.c.obj
 .text.ph_merge_nodes
                0x1000188c       0x3e CMakeFiles/pico-UUBUS.dir/home/pi/pico/pico-sdk/src/common/pico_util/pheap.c.obj
 *fill*         0x100018ca        0x2 
 .text.ph_clear
                0x100018cc       0x70 CMakeFiles/pico-UUBUS.dir/home/pi/pico/pico-sdk/src/common/pico_util/pheap.c.obj
                0x100018cc                ph_clear
 .text.ph_post_alloc_init
                0x1000193c        0xe CMakeFiles/pico-UUBUS.dir/home/pi/pico/pico-sdk/src/common/pico_util/pheap.c.obj
                0x1000193c                ph_post_alloc_init
 *fill*         0x1000194a        0x2 
 .text.ph_merge_two_pass
                0x1000194c       0xac CMakeFiles/pico-UUBUS.dir/home/pi/pico/pico-sdk/src/common/pico_util/pheap.c.obj
                0x1000194c                ph_merge_two_pass
 .text.ph_remove_any_head
                0x100019f8      0x128 CMakeFiles/pico-UUBUS.dir/home/pi/pico/pico-sdk/src/common/pico_util/pheap.c.obj
 .text.ph_remove_head
                0x10001b20       0x14 CMakeFiles/pico-UUBUS.dir/home/pi/pico/pico-sdk/src/common/pico_util/pheap.c.obj
                0x10001b20                ph_remove_head
 .text.ph_remove_and_free_node
                0x10001b34       0xf8 CMakeFiles/pico-UUBUS.dir/home/pi/pico/pico-sdk/src/common/pico_util/pheap.c.obj
                0x10001b34                ph_remove_and_free_node
 .text.clock_configure
                0x10001c2c      0x100 CMakeFiles/pico-UUBUS.dir/home/pi/pico/pico-sdk/src/rp2_common/hardware_clocks/clocks.c.obj
                0x10001c2c                clock_configure
 .text.clocks_init
                0x10001d2c      0x100 CMakeFiles/pico-UUBUS.dir/home/pi/pico/pico-sdk/src/rp2_common/hardware_clocks/clocks.c.obj
                0x10001d2c                clocks_init
 .text.clock_get_hz
                0x10001e2c        0xc CMakeFiles/pico-UUBUS.dir/home/pi/pico/pico-sdk/src/rp2_common/hardware_clocks/clocks.c.obj
                0x10001e2c                clock_get_hz
 .text.pll_init
                0x10001e38      0x120 CMakeFiles/pico-UUBUS.dir/home/pi/pico/pico-sdk/src/rp2_common/hardware_pll/pll.c.obj
                0x10001e38                pll_init
 .text.watchdog_start_tick
                0x10001f58       0x10 CMakeFiles/pico-UUBUS.dir/home/pi/pico/pico-sdk/src/rp2_common/hardware_watchdog/watchdog.c.obj
                0x10001f58                watchdog_start_tick
 .text.xosc_init
                0x10001f68       0x28 CMakeFiles/pico-UUBUS.dir/home/pi/pico/pico-sdk/src/rp2_common/hardware_xosc/xosc.c.obj
                0x10001f68                xosc_init
 .text._exit    0x10001f90        0x4 CMakeFiles/pico-UUBUS.dir/home/pi/pico/pico-sdk/src/rp2_common/pico_runtime/runtime.c.obj
                0x10001f90                _exit
 .text.exit     0x10001f94        0x6 CMakeFiles/pico-UUBUS.dir/home/pi/pico/pico-sdk/src/rp2_common/pico_runtime/runtime.c.obj
                0x10001f94                exit
 *fill*         0x10001f9a        0x2 
 .text.__assert_func
                0x10001f9c       0x3c CMakeFiles/pico-UUBUS.dir/home/pi/pico/pico-sdk/src/rp2_common/pico_runtime/runtime.c.obj
                0x10001f9c                __assert_func
 .text.runtime_init
                0x10001fd8       0xf8 CMakeFiles/pico-UUBUS.dir/home/pi/pico/pico-sdk/src/rp2_common/pico_runtime/runtime.c.obj
                0x10001fd8                runtime_init
 .text.panic    0x100020d0       0x30 CMakeFiles/pico-UUBUS.dir/home/pi/pico/pico-sdk/src/rp2_common/pico_runtime/runtime.c.obj
                0x100020d0                panic
 .text._out_null
                0x10002100        0x2 CMakeFiles/pico-UUBUS.dir/home/pi/pico/pico-sdk/src/rp2_common/pico_printf/printf.c.obj
 .text._out_fct
                0x10002102        0xe CMakeFiles/pico-UUBUS.dir/home/pi/pico/pico-sdk/src/rp2_common/pico_printf/printf.c.obj
 .text._atoi    0x10002110       0x28 CMakeFiles/pico-UUBUS.dir/home/pi/pico/pico-sdk/src/rp2_common/pico_printf/printf.c.obj
 .text._out_rev
                0x10002138       0x8c CMakeFiles/pico-UUBUS.dir/home/pi/pico/pico-sdk/src/rp2_common/pico_printf/printf.c.obj
 .text._ntoa_format
                0x100021c4      0x10c CMakeFiles/pico-UUBUS.dir/home/pi/pico/pico-sdk/src/rp2_common/pico_printf/printf.c.obj
 .text._ntoa_long
                0x100022d0       0xb0 CMakeFiles/pico-UUBUS.dir/home/pi/pico/pico-sdk/src/rp2_common/pico_printf/printf.c.obj
 .text._ntoa_long_long
                0x10002380       0xe6 CMakeFiles/pico-UUBUS.dir/home/pi/pico/pico-sdk/src/rp2_common/pico_printf/printf.c.obj
 *fill*         0x10002466        0x2 
 .text._etoa    0x10002468      0x408 CMakeFiles/pico-UUBUS.dir/home/pi/pico/pico-sdk/src/rp2_common/pico_printf/printf.c.obj
 .text._ftoa    0x10002870      0x344 CMakeFiles/pico-UUBUS.dir/home/pi/pico/pico-sdk/src/rp2_common/pico_printf/printf.c.obj
 .text._vsnprintf
                0x10002bb4      0x61c CMakeFiles/pico-UUBUS.dir/home/pi/pico/pico-sdk/src/rp2_common/pico_printf/printf.c.obj
 .text.vfctprintf
                0x100031d0       0x20 CMakeFiles/pico-UUBUS.dir/home/pi/pico/pico-sdk/src/rp2_common/pico_printf/printf.c.obj
                0x100031d0                vfctprintf
 .text          0x100031f0       0x10 CMakeFiles/pico-UUBUS.dir/home/pi/pico/pico-sdk/src/rp2_common/pico_bit_ops/bit_ops_aeabi.S.obj
 .text.rom_func_lookup
                0x10003200       0x10 CMakeFiles/pico-UUBUS.dir/home/pi/pico/pico-sdk/src/rp2_common/pico_bootrom/bootrom.c.obj
                0x10003200                rom_func_lookup
 .text.rom_data_lookup
                0x10003210       0x10 CMakeFiles/pico-UUBUS.dir/home/pi/pico/pico-sdk/src/rp2_common/pico_bootrom/bootrom.c.obj
                0x10003210                rom_data_lookup
 .text.rom_funcs_lookup
                0x10003220       0x36 CMakeFiles/pico-UUBUS.dir/home/pi/pico/pico-sdk/src/rp2_common/pico_bootrom/bootrom.c.obj
                0x10003220                rom_funcs_lookup
 *fill*         0x10003256        0x2 
 .text.__wrap___aeabi_idiv
                0x10003258       0x50 CMakeFiles/pico-UUBUS.dir/home/pi/pico/pico-sdk/src/rp2_common/pico_divider/divider.S.obj
                0x10003258                __wrap___aeabi_idivmod
                0x10003258                divmod_s32s32
                0x10003258                div_s32s32
                0x10003258                __wrap___aeabi_idiv
                0x10003260                divmod_s32s32_unsafe
                0x1000328c                divmod_s32s32_savestate
 .text.__wrap___aeabi_uidiv
                0x100032a8       0x4c CMakeFiles/pico-UUBUS.dir/home/pi/pico/pico-sdk/src/rp2_common/pico_divider/divider.S.obj
                0x100032a8                __wrap___aeabi_uidiv
                0x100032a8                __wrap___aeabi_uidivmod
                0x100032a8                div_u32u32
                0x100032a8                divmod_u32u32
                0x100032b0                divmod_u32u32_unsafe
                0x100032d8                divmod_u32u32_savestate
 .text.__wrap___aeabi_ldiv
                0x100032f4      0x424 CMakeFiles/pico-UUBUS.dir/home/pi/pico/pico-sdk/src/rp2_common/pico_divider/divider.S.obj
                0x100032f4                div_s64s64
                0x100032f4                divmod_s64s64
                0x100032f4                __wrap___aeabi_ldivmod
                0x10003324                div_u64u64
                0x10003324                divmod_u64u64
                0x10003324                __wrap___aeabi_uldivmod
                0x10003334                divmod_u64u64_savestate
                0x10003354                divmod_s64s64_unsafe
                0x100033dc                divmod_u64u64_unsafe
 .text.__wrap___aeabi_darithmetic
                0x10003718       0x80 CMakeFiles/pico-UUBUS.dir/home/pi/pico/pico-sdk/src/rp2_common/pico_double/double_aeabi.S.obj
                0x10003718                __wrap___aeabi_drsub
                0x1000371e                __wrap___aeabi_dsub
                0x10003730                __wrap___aeabi_dadd
                0x10003742                __wrap___aeabi_ddiv
                0x1000377e                __wrap___aeabi_dmul
 .text.__wrap___aeabi_cdcmple
                0x10003798       0x6c CMakeFiles/pico-UUBUS.dir/home/pi/pico/pico-sdk/src/rp2_common/pico_double/double_aeabi.S.obj
                0x10003798                __wrap___aeabi_cdrcmple
                0x100037a8                __wrap___aeabi_cdcmple
                0x100037a8                __wrap___aeabi_cdcmpeq
 .text.__wrap___aeabi_dcmplt
                0x10003804        0xc CMakeFiles/pico-UUBUS.dir/home/pi/pico/pico-sdk/src/rp2_common/pico_double/double_aeabi.S.obj
                0x10003804                __wrap___aeabi_dcmplt
 .text.__wrap___aeabi_dcmple
                0x10003810       0x10 CMakeFiles/pico-UUBUS.dir/home/pi/pico/pico-sdk/src/rp2_common/pico_double/double_aeabi.S.obj
                0x10003810                __wrap___aeabi_dcmple
 .text.__wrap___aeabi_dcmpge
                0x10003820       0x10 CMakeFiles/pico-UUBUS.dir/home/pi/pico/pico-sdk/src/rp2_common/pico_double/double_aeabi.S.obj
                0x10003820                __wrap___aeabi_dcmpge
 .text.__wrap___aeabi_dcmpgt
                0x10003830        0xa CMakeFiles/pico-UUBUS.dir/home/pi/pico/pico-sdk/src/rp2_common/pico_double/double_aeabi.S.obj
                0x10003830                __wrap___aeabi_dcmpgt
 .text.__wrap___aeabi_dcmpun
                0x1000383a       0x1c CMakeFiles/pico-UUBUS.dir/home/pi/pico/pico-sdk/src/rp2_common/pico_double/double_aeabi.S.obj
                0x1000383a                __wrap___aeabi_dcmpun
 *fill*         0x10003856        0x2 
 .text.__wrap___aeabi_i2d
                0x10003858       0x38 CMakeFiles/pico-UUBUS.dir/home/pi/pico/pico-sdk/src/rp2_common/pico_double/double_aeabi.S.obj
                0x10003858                __wrap___aeabi_ui2d
                0x10003860                __wrap___aeabi_i2d
 .text.__wrap___aeabi_d2iz
                0x10003890       0x48 CMakeFiles/pico-UUBUS.dir/home/pi/pico/pico-sdk/src/rp2_common/pico_double/double_aeabi.S.obj
                0x10003890                __wrap___aeabi_d2iz
                0x10003890                double2int_z
 .text.__wrap___aeabi_d2uiz
                0x100038d8       0x18 CMakeFiles/pico-UUBUS.dir/home/pi/pico/pico-sdk/src/rp2_common/pico_double/double_aeabi.S.obj
                0x100038d8                double2uint
                0x100038d8                __wrap___aeabi_d2uiz
 .text.__aeabi_double_init
                0x100038f0       0xc8 CMakeFiles/pico-UUBUS.dir/home/pi/pico/pico-sdk/src/rp2_common/pico_double/double_init_rom.c.obj
                0x100038f0                __aeabi_double_init
 .text.double_table_shim_on_use_helper
                0x100039b8       0x34 CMakeFiles/pico-UUBUS.dir/home/pi/pico/pico-sdk/src/rp2_common/pico_double/double_v1_rom_shim.S.obj
                0x100039b8                double_table_shim_on_use_helper
 .text.__wrap___aeabi_dsub
                0x100039ec       0x10 CMakeFiles/pico-UUBUS.dir/home/pi/pico/pico-sdk/src/rp2_common/pico_double/double_v1_rom_shim.S.obj
                0x100039ec                drsub_shim
                0x100039f2                dsub_shim
 .text.dadd_shim
                0x100039fc      0x15c CMakeFiles/pico-UUBUS.dir/home/pi/pico/pico-sdk/src/rp2_common/pico_double/double_v1_rom_shim.S.obj
                0x100039fc                dadd_shim
 .text.dmul_shim
                0x10003b58      0x15c CMakeFiles/pico-UUBUS.dir/home/pi/pico/pico-sdk/src/rp2_common/pico_double/double_v1_rom_shim.S.obj
                0x10003b58                dmul_shim
 .text.ddiv_shim
                0x10003cb4      0x1b0 CMakeFiles/pico-UUBUS.dir/home/pi/pico/pico-sdk/src/rp2_common/pico_double/double_v1_rom_shim.S.obj
                0x10003cb4                ddiv_shim
 .text.double2uint_shim
                0x10003e64        0xe CMakeFiles/pico-UUBUS.dir/home/pi/pico/pico-sdk/src/rp2_common/pico_double/double_v1_rom_shim.S.obj
                0x10003e64                double2uint_shim
                0x10003e66                double2ufix_shim
 *fill*         0x10003e72        0x2 
 .text.double2uint64_shim
                0x10003e74       0x70 CMakeFiles/pico-UUBUS.dir/home/pi/pico/pico-sdk/src/rp2_common/pico_double/double_v1_rom_shim.S.obj
                0x10003e74                double2uint64_shim
                0x10003e76                double2ufix64_shim
                0x10003e96                d2fix_a
 .text.dunpacks
                0x10003ee4       0x3c CMakeFiles/pico-UUBUS.dir/home/pi/pico/pico-sdk/src/rp2_common/pico_double/double_v1_rom_shim.S.obj
                0x10003ee4                dunpacks
 .text.__aeabi_lmul
                0x10003f20       0x32 CMakeFiles/pico-UUBUS.dir/home/pi/pico/pico-sdk/src/rp2_common/pico_int64_ops/pico_int64_ops_aeabi.S.obj
                0x10003f20                __wrap___aeabi_lmul
 *fill*         0x10003f52        0x2 
 .text.__aeabi_float_init
                0x10003f54       0xfc CMakeFiles/pico-UUBUS.dir/home/pi/pico/pico-sdk/src/rp2_common/pico_float/float_init_rom.c.obj
                0x10003f54                __aeabi_float_init
 .text.float_table_shim_on_use_helper
                0x10004050       0x34 CMakeFiles/pico-UUBUS.dir/home/pi/pico/pico-sdk/src/rp2_common/pico_float/float_v1_rom_shim.S.obj
                0x10004050                float_table_shim_on_use_helper
 .text          0x10004084       0x10 CMakeFiles/pico-UUBUS.dir/home/pi/pico/pico-sdk/src/rp2_common/pico_mem_ops/mem_ops_aeabi.S.obj
                0x10004084                __aeabi_mem_init
 .text.memcpy   0x10004094        0xc CMakeFiles/pico-UUBUS.dir/home/pi/pico/pico-sdk/src/rp2_common/pico_mem_ops/mem_ops_aeabi.S.obj
                0x10004094                __wrap___aeabi_memcpy
                0x10004094                __wrap_memcpy
 .text.stdio_out_chars_no_crlf
                0x100040a0        0xe CMakeFiles/pico-UUBUS.dir/home/pi/pico/pico-sdk/src/rp2_common/pico_stdio/stdio.c.obj
 *fill*         0x100040ae        0x2 
 .text.stdio_out_chars_crlf
                0x100040b0       0x80 CMakeFiles/pico-UUBUS.dir/home/pi/pico/pico-sdk/src/rp2_common/pico_stdio/stdio.c.obj
 .text.stdio_stack_buffer_flush
                0x10004130       0x44 CMakeFiles/pico-UUBUS.dir/home/pi/pico/pico-sdk/src/rp2_common/pico_stdio/stdio.c.obj
 .text.stdio_buffered_printer
                0x10004174       0x20 CMakeFiles/pico-UUBUS.dir/home/pi/pico/pico-sdk/src/rp2_common/pico_stdio/stdio.c.obj
 .text.stdout_serialize_begin
                0x10004194       0x5c CMakeFiles/pico-UUBUS.dir/home/pi/pico/pico-sdk/src/rp2_common/pico_stdio/stdio.c.obj
                0x10004194                stdout_serialize_begin
 .text.stdout_serialize_end
                0x100041f0       0x10 CMakeFiles/pico-UUBUS.dir/home/pi/pico/pico-sdk/src/rp2_common/pico_stdio/stdio.c.obj
                0x100041f0                stdout_serialize_end
 .text.stdio_put_string
                0x10004200       0x94 CMakeFiles/pico-UUBUS.dir/home/pi/pico/pico-sdk/src/rp2_common/pico_stdio/stdio.c.obj
 .text.stdio_flush
                0x10004294       0x20 CMakeFiles/pico-UUBUS.dir/home/pi/pico/pico-sdk/src/rp2_common/pico_stdio/stdio.c.obj
                0x10004294                stdio_flush
 .text.__wrap_puts
                0x100042b4       0x1e CMakeFiles/pico-UUBUS.dir/home/pi/pico/pico-sdk/src/rp2_common/pico_stdio/stdio.c.obj
                0x100042b4                __wrap_puts
 *fill*         0x100042d2        0x2 
 .text.__wrap_vprintf
                0x100042d4       0x40 CMakeFiles/pico-UUBUS.dir/home/pi/pico/pico-sdk/src/rp2_common/pico_stdio/stdio.c.obj
                0x100042d4                __wrap_vprintf
 .text.__wrap_printf
                0x10004314       0x18 CMakeFiles/pico-UUBUS.dir/home/pi/pico/pico-sdk/src/rp2_common/pico_stdio/stdio.c.obj
                0x10004314                __wrap_printf
 .text          0x1000432c       0x68 /usr/lib/gcc/arm-none-eabi/8.3.1/../../../arm-none-eabi/lib/thumb/v6-m/nofp/libg.a(lib_a-strlen-stub.o)
                0x1000432c                strlen
 *(.fini)
 .fini          0x10004394        0x4 /usr/lib/gcc/arm-none-eabi/8.3.1/thumb/v6-m/nofp/crti.o
                0x10004394                _fini
 .fini.__stub   0x10004398       0x40 linker stubs
 *crtbegin.o(.ctors)
 *crtbegin?.o(.ctors)
 *(EXCLUDE_FILE(*crtend.o *crtend?.o) .ctors)
 *(SORT_BY_NAME(.ctors.*))
 *(.ctors)
 *crtbegin.o(.dtors)
 *crtbegin?.o(.dtors)
 *(EXCLUDE_FILE(*crtend.o *crtend?.o) .dtors)
 *(SORT_BY_NAME(.dtors.*))
 *(.dtors)
 *(.eh_frame*)
 .eh_frame      0x100043d8        0x0 /usr/lib/gcc/arm-none-eabi/8.3.1/thumb/v6-m/nofp/crtbegin.o
                0x100043d8                . = ALIGN (0x4)

.glue_7         0x100043d8        0x0
 .glue_7        0x100043d8        0x0 linker stubs

.glue_7t        0x100043d8        0x0
 .glue_7t       0x100043d8        0x0 linker stubs

.vfp11_veneer   0x100043d8        0x0
 .vfp11_veneer  0x100043d8        0x0 linker stubs

.v4_bx          0x100043d8        0x0
 .v4_bx         0x100043d8        0x0 linker stubs

.iplt           0x100043d8        0x0
 .iplt          0x100043d8        0x0 /usr/lib/gcc/arm-none-eabi/8.3.1/thumb/v6-m/nofp/crtbegin.o

.rodata         0x100043d8      0xeb8
 *(EXCLUDE_FILE(*libm.a: *libc.a:*lib_a-mem*.o *libgcc.a:) .rodata*)
 .rodata.__func__.4859
                0x100043d8       0x1a CMakeFiles/pico-UUBUS.dir/home/pi/pico/pico-sdk/src/rp2_common/hardware_irq/irq.c.obj
 *fill*         0x100043f2        0x2 
 .rodata.__func__.4873
                0x100043f4        0xc CMakeFiles/pico-UUBUS.dir/home/pi/pico/pico-sdk/src/rp2_common/hardware_irq/irq.c.obj
 .rodata.__func__.4881
                0x10004400       0x17 CMakeFiles/pico-UUBUS.dir/home/pi/pico/pico-sdk/src/rp2_common/hardware_irq/irq.c.obj
 *fill*         0x10004417        0x1 
 .rodata.__func__.4885
                0x10004418        0xf CMakeFiles/pico-UUBUS.dir/home/pi/pico/pico-sdk/src/rp2_common/hardware_irq/irq.c.obj
 *fill*         0x10004427        0x1 
 .rodata.__func__.4924
                0x10004428       0x13 CMakeFiles/pico-UUBUS.dir/home/pi/pico/pico-sdk/src/rp2_common/hardware_irq/irq.c.obj
 *fill*         0x1000443b        0x1 
 .rodata.__func__.4946
                0x1000443c       0x1a CMakeFiles/pico-UUBUS.dir/home/pi/pico/pico-sdk/src/rp2_common/hardware_irq/irq.c.obj
 *fill*         0x10004456        0x2 
 .rodata.insert_branch_and_link.str1.4
                0x10004458       0x10 CMakeFiles/pico-UUBUS.dir/home/pi/pico/pico-sdk/src/rp2_common/hardware_irq/irq.c.obj
 .rodata.irq_add_shared_handler.str1.4
                0x10004468       0xd9 CMakeFiles/pico-UUBUS.dir/home/pi/pico/pico-sdk/src/rp2_common/hardware_irq/irq.c.obj
 *fill*         0x10004541        0x3 
 .rodata.irq_add_tail_to_free_list.str1.4
                0x10004544       0x3a CMakeFiles/pico-UUBUS.dir/home/pi/pico/pico-sdk/src/rp2_common/hardware_irq/irq.c.obj
 *fill*         0x1000457e        0x2 
 .rodata.irq_remove_handler.str1.4
                0x10004580       0x3a CMakeFiles/pico-UUBUS.dir/home/pi/pico/pico-sdk/src/rp2_common/hardware_irq/irq.c.obj
 *fill*         0x100045ba        0x2 
 .rodata.irq_set_exclusive_handler.str1.4
                0x100045bc       0x36 CMakeFiles/pico-UUBUS.dir/home/pi/pico/pico-sdk/src/rp2_common/hardware_irq/irq.c.obj
 *fill*         0x100045f2        0x2 
 .rodata.make_branch.str1.4
                0x100045f4       0x69 CMakeFiles/pico-UUBUS.dir/home/pi/pico/pico-sdk/src/rp2_common/hardware_irq/irq.c.obj
 *fill*         0x1000465d        0x3 
 .rodata.__func__.4774
                0x10004660       0x18 CMakeFiles/pico-UUBUS.dir/home/pi/pico/pico-sdk/src/common/pico_sync/mutex.c.obj
 .rodata.__func__.4793
                0x10004678        0xb CMakeFiles/pico-UUBUS.dir/home/pi/pico/pico-sdk/src/common/pico_sync/mutex.c.obj
 *fill*         0x10004683        0x1 
 .rodata.str1.4
                0x10004684       0xe5 CMakeFiles/pico-UUBUS.dir/home/pi/pico/pico-sdk/src/common/pico_sync/mutex.c.obj
 *fill*         0x10004769        0x3 
 .rodata.__func__.5751
                0x1000476c       0x15 CMakeFiles/pico-UUBUS.dir/home/pi/pico/pico-sdk/src/common/pico_time/time.c.obj
 *fill*         0x10004781        0x3 
 .rodata.__func__.6095
                0x10004784        0xc CMakeFiles/pico-UUBUS.dir/home/pi/pico/pico-sdk/src/common/pico_time/time.c.obj
 .rodata.__func__.6102
                0x10004790       0x12 CMakeFiles/pico-UUBUS.dir/home/pi/pico/pico-sdk/src/common/pico_time/time.c.obj
 *fill*         0x100047a2        0x2 
 .rodata.__func__.6118
                0x100047a4        0xf CMakeFiles/pico-UUBUS.dir/home/pi/pico/pico-sdk/src/common/pico_time/time.c.obj
 *fill*         0x100047b3        0x1 
 .rodata.__func__.6140
                0x100047b4        0xd CMakeFiles/pico-UUBUS.dir/home/pi/pico/pico-sdk/src/common/pico_time/time.c.obj
 *fill*         0x100047c1        0x3 
 .rodata.__func__.6369
                0x100047c4        0xa CMakeFiles/pico-UUBUS.dir/home/pi/pico/pico-sdk/src/common/pico_time/time.c.obj
 *fill*         0x100047ce        0x2 
 .rodata.__func__.6374
                0x100047d0       0x12 CMakeFiles/pico-UUBUS.dir/home/pi/pico/pico-sdk/src/common/pico_time/time.c.obj
 *fill*         0x100047e2        0x2 
 .rodata.__func__.6389
                0x100047e4       0x17 CMakeFiles/pico-UUBUS.dir/home/pi/pico/pico-sdk/src/common/pico_time/time.c.obj
 *fill*         0x100047fb        0x1 
 .rodata.__func__.6400
                0x100047fc       0x15 CMakeFiles/pico-UUBUS.dir/home/pi/pico/pico-sdk/src/common/pico_time/time.c.obj
 *fill*         0x10004811        0x3 
 .rodata.__func__.6417
                0x10004814       0x1a CMakeFiles/pico-UUBUS.dir/home/pi/pico/pico-sdk/src/common/pico_time/time.c.obj
 *fill*         0x1000482e        0x2 
 .rodata.__func__.6470
                0x10004830       0x18 CMakeFiles/pico-UUBUS.dir/home/pi/pico/pico-sdk/src/common/pico_time/time.c.obj
 .rodata.add_alarm_under_lock.str1.4
                0x10004848       0x28 CMakeFiles/pico-UUBUS.dir/home/pi/pico/pico-sdk/src/common/pico_time/time.c.obj
                                 0x2b (size before relaxing)
 .rodata.alarm_pool_alarm_callback.str1.4
                0x10004870       0x98 CMakeFiles/pico-UUBUS.dir/home/pi/pico/pico-sdk/src/common/pico_time/time.c.obj
                                 0xf8 (size before relaxing)
 .rodata.alarm_pool_cancel_alarm.str1.4
                0x10004908       0x27 CMakeFiles/pico-UUBUS.dir/home/pi/pico/pico-sdk/src/common/pico_time/time.c.obj
 *fill*         0x1000492f        0x1 
 .rodata.alarm_pool_get_default.str1.4
                0x10004930       0x21 CMakeFiles/pico-UUBUS.dir/home/pi/pico/pico-sdk/src/common/pico_time/time.c.obj
 *fill*         0x10004951        0x3 
 .rodata.ph_add_child_node.str1.4
                0x10004954       0x92 CMakeFiles/pico-UUBUS.dir/home/pi/pico/pico-sdk/src/common/pico_time/time.c.obj
 *fill*         0x100049e6        0x2 
 .rodata.repeating_timer_callback.str1.4
                0x100049e8       0x47 CMakeFiles/pico-UUBUS.dir/home/pi/pico/pico-sdk/src/common/pico_time/time.c.obj
 *fill*         0x10004a2f        0x1 
 .rodata.sleep_until.str1.4
                0x10004a30       0x4d CMakeFiles/pico-UUBUS.dir/home/pi/pico/pico-sdk/src/common/pico_time/time.c.obj
 *fill*         0x10004a7d        0x3 
 .rodata.timer_pool_entry_comparator.str1.4
                0x10004a80       0x22 CMakeFiles/pico-UUBUS.dir/home/pi/pico/pico-sdk/src/common/pico_time/time.c.obj
 *fill*         0x10004aa2        0x2 
 .rodata.__func__.4640
                0x10004aa4       0x1a CMakeFiles/pico-UUBUS.dir/home/pi/pico/pico-sdk/src/rp2_common/hardware_timer/timer.c.obj
 *fill*         0x10004abe        0x2 
 .rodata.hardware_alarm_claim.str1.4
                0x10004ac0       0x22 CMakeFiles/pico-UUBUS.dir/home/pi/pico/pico-sdk/src/rp2_common/hardware_timer/timer.c.obj
 *fill*         0x10004ae2        0x2 
 .rodata.hardware_alarm_set_target.str1.4
                0x10004ae4       0x61 CMakeFiles/pico-UUBUS.dir/home/pi/pico/pico-sdk/src/rp2_common/hardware_timer/timer.c.obj
 *fill*         0x10004b45        0x3 
 .rodata.__func__.5776
                0x10004b48        0xc CMakeFiles/pico-UUBUS.dir/home/pi/pico/pico-sdk/src/common/pico_util/pheap.c.obj
 .rodata.__func__.5783
                0x10004b54       0x12 CMakeFiles/pico-UUBUS.dir/home/pi/pico/pico-sdk/src/common/pico_util/pheap.c.obj
 *fill*         0x10004b66        0x2 
 .rodata.__func__.5869
                0x10004b68       0x13 CMakeFiles/pico-UUBUS.dir/home/pi/pico/pico-sdk/src/common/pico_util/pheap.c.obj
 *fill*         0x10004b7b        0x1 
 .rodata.__func__.5887
                0x10004b7c       0x18 CMakeFiles/pico-UUBUS.dir/home/pi/pico/pico-sdk/src/common/pico_util/pheap.c.obj
 .rodata.ph_add_child_node.str1.4
                0x10004b94       0x92 CMakeFiles/pico-UUBUS.dir/home/pi/pico/pico-sdk/src/common/pico_util/pheap.c.obj
 .rodata.ph_remove_and_free_node.str1.4
                0x10004b94       0x1e CMakeFiles/pico-UUBUS.dir/home/pi/pico/pico-sdk/src/common/pico_util/pheap.c.obj
                                 0x26 (size before relaxing)
 *fill*         0x10004bb2        0x2 
 .rodata.ph_remove_any_head.str1.4
                0x10004bb4       0x88 CMakeFiles/pico-UUBUS.dir/home/pi/pico/pico-sdk/src/common/pico_util/pheap.c.obj
                                 0x9c (size before relaxing)
 .rodata.__func__.4826
                0x10004c3c       0x10 CMakeFiles/pico-UUBUS.dir/home/pi/pico/pico-sdk/src/rp2_common/hardware_clocks/clocks.c.obj
 .rodata.clock_configure.str1.4
                0x10004c4c       0x53 CMakeFiles/pico-UUBUS.dir/home/pi/pico/pico-sdk/src/rp2_common/hardware_clocks/clocks.c.obj
 *fill*         0x10004c9f        0x1 
 .rodata.__func__.4483
                0x10004ca0        0x9 CMakeFiles/pico-UUBUS.dir/home/pi/pico/pico-sdk/src/rp2_common/hardware_pll/pll.c.obj
 *fill*         0x10004ca9        0x3 
 .rodata.pll_init.str1.4
                0x10004cac      0x120 CMakeFiles/pico-UUBUS.dir/home/pi/pico/pico-sdk/src/rp2_common/hardware_pll/pll.c.obj
 .rodata.__assert_func.str1.4
                0x10004dcc       0x3f CMakeFiles/pico-UUBUS.dir/home/pi/pico/pico-sdk/src/rp2_common/pico_runtime/runtime.c.obj
                                 0x43 (size before relaxing)
 *fill*         0x10004e0b        0x1 
 .rodata.__func__.6437
                0x10004e0c        0xd CMakeFiles/pico-UUBUS.dir/home/pi/pico/pico-sdk/src/rp2_common/pico_runtime/runtime.c.obj
 *fill*         0x10004e19        0x3 
 .rodata.panic.str1.4
                0x10004e1c       0x12 CMakeFiles/pico-UUBUS.dir/home/pi/pico/pico-sdk/src/rp2_common/pico_runtime/runtime.c.obj
 *fill*         0x10004e2e        0x2 
 .rodata.runtime_init.str1.4
                0x10004e30       0x5d CMakeFiles/pico-UUBUS.dir/home/pi/pico/pico-sdk/src/rp2_common/pico_runtime/runtime.c.obj
 *fill*         0x10004e8d        0x3 
 .rodata._vsnprintf
                0x10004e90      0x1e0 CMakeFiles/pico-UUBUS.dir/home/pi/pico/pico-sdk/src/rp2_common/pico_printf/printf.c.obj
 .rodata._ftoa.str1.4
                0x10005070       0x15 CMakeFiles/pico-UUBUS.dir/home/pi/pico/pico-sdk/src/rp2_common/pico_printf/printf.c.obj
 *fill*         0x10005085        0x3 
 .rodata.pow10.5481
                0x10005088       0x50 CMakeFiles/pico-UUBUS.dir/home/pi/pico/pico-sdk/src/rp2_common/pico_printf/printf.c.obj
 .rodata.__aeabi_double_init.str1.4
                0x100050d8       0x98 CMakeFiles/pico-UUBUS.dir/home/pi/pico/pico-sdk/src/rp2_common/pico_double/double_init_rom.c.obj
 .rodata.__func__.4787
                0x10005170       0x14 CMakeFiles/pico-UUBUS.dir/home/pi/pico/pico-sdk/src/rp2_common/pico_double/double_init_rom.c.obj
 .rodata.__aeabi_float_init.str1.4
                0x10005184       0x76 CMakeFiles/pico-UUBUS.dir/home/pi/pico/pico-sdk/src/rp2_common/pico_float/float_init_rom.c.obj
                                 0x7a (size before relaxing)
 *fill*         0x100051fa        0x2 
 .rodata.__func__.4788
                0x100051fc       0x13 CMakeFiles/pico-UUBUS.dir/home/pi/pico/pico-sdk/src/rp2_common/pico_float/float_init_rom.c.obj
 *fill*         0x1000520f        0x1 
 .rodata.__bi_44
                0x10005210        0xc CMakeFiles/pico-UUBUS.dir/home/pi/pico/pico-sdk/src/rp2_common/pico_standard_link/binary_info.c.obj
 .rodata.__bi_75
                0x1000521c        0xc CMakeFiles/pico-UUBUS.dir/home/pi/pico/pico-sdk/src/rp2_common/pico_standard_link/binary_info.c.obj
 .rodata.__bi_81
                0x10005228        0xc CMakeFiles/pico-UUBUS.dir/home/pi/pico/pico-sdk/src/rp2_common/pico_standard_link/binary_info.c.obj
 .rodata.str1.4
                0x10005234       0x40 CMakeFiles/pico-UUBUS.dir/home/pi/pico/pico-sdk/src/rp2_common/pico_standard_link/binary_info.c.obj
 .rodata.__func__.5613
                0x10005274       0x15 CMakeFiles/pico-UUBUS.dir/home/pi/pico/pico-sdk/src/rp2_common/pico_stdio/stdio.c.obj
 *fill*         0x10005289        0x3 
 .rodata.crlf_str.6280
                0x1000528c        0x2 CMakeFiles/pico-UUBUS.dir/home/pi/pico/pico-sdk/src/rp2_common/pico_stdio/stdio.c.obj
 .rodata.stdout_serialize_begin.str1.4
                0x1000528e       0x5d CMakeFiles/pico-UUBUS.dir/home/pi/pico/pico-sdk/src/rp2_common/pico_stdio/stdio.c.obj
                0x100052ec                . = ALIGN (0x4)
 *fill*         0x1000528e        0x2 
 *(SORT_BY_ALIGNMENT(SORT_BY_NAME(.flashdata*)))
                0x10005290                . = ALIGN (0x4)

.ARM.extab
 *(.ARM.extab* .gnu.linkonce.armextab.*)
                0x10005290                __exidx_start = .

.ARM.exidx
 *(.ARM.exidx* .gnu.linkonce.armexidx.*)
                0x10005290                __exidx_end = .
                0x10005290                . = ALIGN (0x4)
                0x10005290                __binary_info_start = .

.binary_info    0x10005290       0x1c
 *(.binary_info.keep.*)
 .binary_info.keep.__bi_ptr22
                0x10005290        0x4 CMakeFiles/pico-UUBUS.dir/home/pi/pico/pico-sdk/src/rp2_common/pico_standard_link/binary_info.c.obj
 .binary_info.keep.__bi_ptr30
                0x10005294        0x4 CMakeFiles/pico-UUBUS.dir/home/pi/pico/pico-sdk/src/rp2_common/pico_standard_link/binary_info.c.obj
 .binary_info.keep.__bi_ptr38
                0x10005298        0x4 CMakeFiles/pico-UUBUS.dir/home/pi/pico/pico-sdk/src/rp2_common/pico_standard_link/binary_info.c.obj
 .binary_info.keep.__bi_ptr44
                0x1000529c        0x4 CMakeFiles/pico-UUBUS.dir/home/pi/pico/pico-sdk/src/rp2_common/pico_standard_link/binary_info.c.obj
 .binary_info.keep.__bi_ptr50
                0x100052a0        0x4 CMakeFiles/pico-UUBUS.dir/home/pi/pico/pico-sdk/src/rp2_common/pico_standard_link/binary_info.c.obj
 .binary_info.keep.__bi_ptr75
                0x100052a4        0x4 CMakeFiles/pico-UUBUS.dir/home/pi/pico/pico-sdk/src/rp2_common/pico_standard_link/binary_info.c.obj
 .binary_info.keep.__bi_ptr81
                0x100052a8        0x4 CMakeFiles/pico-UUBUS.dir/home/pi/pico/pico-sdk/src/rp2_common/pico_standard_link/binary_info.c.obj
 *(.binary_info.*)
                0x100052ac                __binary_info_end = .

.rel.dyn        0x100052ac        0x0
 .rel.iplt      0x100052ac        0x0 /usr/lib/gcc/arm-none-eabi/8.3.1/thumb/v6-m/nofp/crtbegin.o
                0x100052ac                . = ALIGN (0x4)

.ram_vector_table
                0x20000000       0xc0
 *(.ram_vector_table)
 .ram_vector_table
                0x20000000       0xc0 CMakeFiles/pico-UUBUS.dir/home/pi/pico/pico-sdk/src/rp2_common/pico_runtime/runtime.c.obj
                0x20000000                ram_vector_table

.data           0x200000c0      0x224 load address 0x100052ac
                0x200000c0                __data_start__ = .
 *(vtable)
 *(.time_critical*)
 .time_critical.mutex_try_enter
                0x200000c0       0x48 CMakeFiles/pico-UUBUS.dir/home/pi/pico/pico-sdk/src/common/pico_sync/mutex.c.obj
                0x200000c0                mutex_try_enter
 .time_critical.mutex_enter_block_until
                0x20000108       0x7c CMakeFiles/pico-UUBUS.dir/home/pi/pico/pico-sdk/src/common/pico_sync/mutex.c.obj
                0x20000108                mutex_enter_block_until
 .time_critical.mutex_try_enter_block_until
                0x20000184       0x34 CMakeFiles/pico-UUBUS.dir/home/pi/pico/pico-sdk/src/common/pico_sync/mutex.c.obj
                0x20000184                mutex_try_enter_block_until
 .time_critical.mutex_exit
                0x200001b8       0x4c CMakeFiles/pico-UUBUS.dir/home/pi/pico/pico-sdk/src/common/pico_sync/mutex.c.obj
                0x200001b8                mutex_exit
 *(.text*)
 .text          0x20000204        0x4 /usr/lib/gcc/arm-none-eabi/8.3.1/thumb/v6-m/nofp/libgcc.a(_dvmd_tls.o)
                0x20000204                __aeabi_ldiv0
                0x20000204                __aeabi_idiv0
 .text.__stub   0x20000208       0x20 linker stubs
                0x20000228                . = ALIGN (0x4)
 *(.rodata*)
                0x20000228                . = ALIGN (0x4)
 *(.data*)
 .data.striped_spin_lock_num
                0x20000228        0x1 CMakeFiles/pico-UUBUS.dir/home/pi/pico/pico-sdk/src/rp2_common/hardware_sync/sync.c.obj
 *fill*         0x20000229        0x3 
 .data          0x2000022c       0x48 CMakeFiles/pico-UUBUS.dir/home/pi/pico/pico-sdk/src/rp2_common/hardware_irq/irq_handler_chain.S.obj
                0x2000022c                irq_handler_chain_slots
                0x2000025c                irq_handler_chain_first_slot
                0x20000266                irq_handler_chain_remove_tail
 .data.default_alarm_pool
                0x20000274       0x18 CMakeFiles/pico-UUBUS.dir/home/pi/pico/pico-sdk/src/common/pico_time/time.c.obj
 .data.default_alarm_pool_heap
                0x2000028c       0x10 CMakeFiles/pico-UUBUS.dir/home/pi/pico/pico-sdk/src/common/pico_time/time.c.obj
 *fill*         0x2000029c        0x4 
 .data.aeabi_bits_funcs
                0x200002a0       0x10 CMakeFiles/pico-UUBUS.dir/home/pi/pico/pico-sdk/src/rp2_common/pico_bit_ops/bit_ops_aeabi.S.obj
                0x200002a0                aeabi_bits_funcs
                0x200002b0                aeabi_bits_funcs_end
 .data.aeabi_mem_funcs
                0x200002b0       0x10 CMakeFiles/pico-UUBUS.dir/home/pi/pico/pico-sdk/src/rp2_common/pico_mem_ops/mem_ops_aeabi.S.obj
                0x200002b0                aeabi_mem_funcs
                0x200002c0                aeabi_mem_funcs_end
                0x200002c0                . = ALIGN (0x4)
 *(.after_data.*)
                0x200002c0                . = ALIGN (0x4)
                0x200002c0                PROVIDE (__mutex_array_start = .)
 *(SORT_BY_NAME(.mutex_array.*))
 *(.mutex_array)
 .mutex_array   0x200002c0        0x8 CMakeFiles/pico-UUBUS.dir/home/pi/pico/pico-sdk/src/rp2_common/pico_malloc/pico_malloc.c.obj
 .mutex_array   0x200002c8        0x8 CMakeFiles/pico-UUBUS.dir/home/pi/pico/pico-sdk/src/rp2_common/pico_stdio/stdio.c.obj
                0x200002d0                PROVIDE (__mutex_array_end = .)
                0x200002d0                . = ALIGN (0x4)
                0x200002d0                PROVIDE (__preinit_array_start = .)
 *(SORT_BY_NAME(.preinit_array.*))
 .preinit_array.00001
                0x200002d0        0x4 CMakeFiles/pico-UUBUS.dir/home/pi/pico/pico-sdk/src/rp2_common/pico_mem_ops/mem_ops_aeabi.S.obj
 .preinit_array.00010
                0x200002d4        0x4 CMakeFiles/pico-UUBUS.dir/home/pi/pico/pico-sdk/src/rp2_common/pico_bit_ops/bit_ops_aeabi.S.obj
 .preinit_array.00020
                0x200002d8        0x4 CMakeFiles/pico-UUBUS.dir/home/pi/pico/pico-sdk/src/rp2_common/pico_double/double_aeabi.S.obj
 .preinit_array.00020
                0x200002dc        0x4 CMakeFiles/pico-UUBUS.dir/home/pi/pico/pico-sdk/src/rp2_common/pico_float/float_aeabi.S.obj
 *(.preinit_array)
                0x200002e0                PROVIDE (__preinit_array_end = .)
                0x200002e0                . = ALIGN (0x4)
                0x200002e0                PROVIDE (__init_array_start = .)
 *(SORT_BY_NAME(.init_array.*))
 *(.init_array)
 .init_array    0x200002e0        0x4 /usr/lib/gcc/arm-none-eabi/8.3.1/thumb/v6-m/nofp/crtbegin.o
                0x200002e4                PROVIDE (__init_array_end = .)
                0x200002e4                . = ALIGN (0x4)
                0x200002e4                PROVIDE (__fini_array_start = .)
 *(SORT_BY_NAME(.fini_array.*))
 *(.fini_array)
                0x200002e4                PROVIDE (__fini_array_end = .)
 *(.jcr)
                0x200002e4                . = ALIGN (0x4)
                0x200002e4                __data_end__ = .
                0x100052ac                __etext = LOADADDR (.data)

.tm_clone_table
                0x200002e4        0x0 load address 0x100054d0
 .tm_clone_table
                0x200002e4        0x0 /usr/lib/gcc/arm-none-eabi/8.3.1/thumb/v6-m/nofp/crtbegin.o
 .tm_clone_table
                0x200002e4        0x0 /usr/lib/gcc/arm-none-eabi/8.3.1/thumb/v6-m/nofp/crtend.o

.igot.plt       0x200002e4        0x0 load address 0x100054d0
 .igot.plt      0x200002e4        0x0 /usr/lib/gcc/arm-none-eabi/8.3.1/thumb/v6-m/nofp/crtbegin.o

.uninitialized_data
                0x200002e4        0x0 load address 0x100054d0
                0x200002e4                . = ALIGN (0x4)
 *(.uninitialized_data*)

.scratch_x      0x20040000        0x0 load address 0x100054d0
                0x20040000                __scratch_x_start__ = .
 *(.scratch_x.*)
                0x20040000                . = ALIGN (0x4)
                0x20040000                __scratch_x_end__ = .
                0x100054d0                __scratch_x_source__ = LOADADDR (.scratch_x)

.scratch_y      0x20041000        0x0 load address 0x100054d0
                0x20041000                __scratch_y_start__ = .
 *(.scratch_y.*)
                0x20041000                . = ALIGN (0x4)
                0x20041000                __scratch_y_end__ = .
                0x100054d0                __scratch_y_source__ = LOADADDR (.scratch_y)

.bss            0x200002e8      0x3c8
                0x200002e8                . = ALIGN (0x4)
                0x200002e8                __bss_start__ = .
 *(SORT_BY_ALIGNMENT(SORT_BY_NAME(.bss*)))
 .bss.default_alarm_pool_entries
                0x200002e8      0x100 CMakeFiles/pico-UUBUS.dir/home/pi/pico/pico-sdk/src/common/pico_time/time.c.obj
 .bss           0x200003e8       0x1c /usr/lib/gcc/arm-none-eabi/8.3.1/thumb/v6-m/nofp/crtbegin.o
 .bss.alarm_callbacks
                0x20000404       0x10 CMakeFiles/pico-UUBUS.dir/home/pi/pico/pico-sdk/src/rp2_common/hardware_timer/timer.c.obj
 .bss.configured_freq
                0x20000414       0x28 CMakeFiles/pico-UUBUS.dir/home/pi/pico/pico-sdk/src/rp2_common/hardware_clocks/clocks.c.obj
 .bss.default_alarm_pool_entry_ids_high
                0x2000043c       0x10 CMakeFiles/pico-UUBUS.dir/home/pi/pico/pico-sdk/src/common/pico_time/time.c.obj
 .bss.default_alarm_pool_heap_nodes
                0x2000044c       0x30 CMakeFiles/pico-UUBUS.dir/home/pi/pico/pico-sdk/src/common/pico_time/time.c.obj
 .bss.drivers   0x2000047c        0x4 CMakeFiles/pico-UUBUS.dir/home/pi/pico/pico-sdk/src/rp2_common/pico_stdio/stdio.c.obj
 .bss.filter    0x20000480        0x4 CMakeFiles/pico-UUBUS.dir/home/pi/pico/pico-sdk/src/rp2_common/pico_stdio/stdio.c.obj
 .bss.pools     0x20000484       0x10 CMakeFiles/pico-UUBUS.dir/home/pi/pico/pico-sdk/src/common/pico_time/time.c.obj
 .bss.sf_clz_func
                0x20000494        0x4 CMakeFiles/pico-UUBUS.dir/home/pi/pico/pico-sdk/src/rp2_common/pico_double/double_init_rom.c.obj
                0x20000494                sf_clz_func
 .bss.sleep_notifier
                0x20000498        0x4 CMakeFiles/pico-UUBUS.dir/home/pi/pico/pico-sdk/src/common/pico_time/time.c.obj
 .bss.target_hi
                0x2000049c       0x10 CMakeFiles/pico-UUBUS.dir/home/pi/pico/pico-sdk/src/rp2_common/hardware_timer/timer.c.obj
 .bss.claimed   0x200004ac        0x1 CMakeFiles/pico-UUBUS.dir/home/pi/pico/pico-sdk/src/rp2_common/hardware_timer/timer.c.obj
 .bss.irq_hander_chain_free_slot_head
                0x200004ad        0x1 CMakeFiles/pico-UUBUS.dir/home/pi/pico/pico-sdk/src/rp2_common/hardware_irq/irq.c.obj
 .bss.timer_callbacks_pending
                0x200004ae        0x1 CMakeFiles/pico-UUBUS.dir/home/pi/pico/pico-sdk/src/rp2_common/hardware_timer/timer.c.obj
 *(COMMON)
 *fill*         0x200004af        0x1 
 COMMON         0x200004b0      0x100 CMakeFiles/pico-UUBUS.dir/home/pi/pico/pico-sdk/src/rp2_common/pico_double/double_init_rom.c.obj
                0x200004b0                sd_table
 COMMON         0x200005b0      0x100 CMakeFiles/pico-UUBUS.dir/home/pi/pico/pico-sdk/src/rp2_common/pico_float/float_init_rom.c.obj
                0x200005b0                sf_table
                0x200006b0                . = ALIGN (0x4)
                0x200006b0                __bss_end__ = .

.heap           0x200006b0      0x800
                0x200006b0                __end__ = .
                0x200006b0                end = __end__
 *(.heap*)
 .heap          0x200006b0      0x800 CMakeFiles/pico-UUBUS.dir/home/pi/pico/pico-sdk/src/rp2_common/pico_standard_link/crt0.S.obj
                0x20000eb0                __HeapLimit = .

.stack1_dummy   0x20040000      0x800
 *(.stack1*)
 .stack1        0x20040000      0x800 CMakeFiles/pico-UUBUS.dir/home/pi/pico/pico-sdk/src/rp2_common/pico_multicore/multicore.c.obj

.stack_dummy    0x20041000      0x800
 *(.stack*)
 .stack         0x20041000      0x800 CMakeFiles/pico-UUBUS.dir/home/pi/pico/pico-sdk/src/rp2_common/pico_standard_link/crt0.S.obj

.flash_end      0x100054d0        0x0
                0x100054d0                PROVIDE (__flash_binary_end = .)
                0x20040000                __StackLimit = (ORIGIN (RAM) + LENGTH (RAM))
                0x20041000                __StackOneTop = (ORIGIN (SCRATCH_X) + LENGTH (SCRATCH_X))
                0x20042000                __StackTop = (ORIGIN (SCRATCH_Y) + LENGTH (SCRATCH_Y))
                0x20040800                __StackOneBottom = (__StackOneTop - SIZEOF (.stack1_dummy))
                0x20041800                __StackBottom = (__StackTop - SIZEOF (.stack_dummy))
                0x20042000                PROVIDE (__stack = __StackTop)
                0x00000001                ASSERT ((__StackLimit >= __HeapLimit), region RAM overflowed)
                0x00000001                ASSERT (((__binary_info_header_end - __logical_binary_start) <= 0x100), Binary info must be in first 256 bytes of the binary)
LOAD CMakeFiles/pico-UUBUS.dir/src/pico_servo.c.obj
LOAD CMakeFiles/pico-UUBUS.dir/main.c.obj
LOAD CMakeFiles/pico-UUBUS.dir/home/pi/pico/pico-sdk/src/rp2_common/pico_stdlib/stdlib.c.obj
LOAD CMakeFiles/pico-UUBUS.dir/home/pi/pico/pico-sdk/src/rp2_common/hardware_gpio/gpio.c.obj
LOAD CMakeFiles/pico-UUBUS.dir/home/pi/pico/pico-sdk/src/rp2_common/pico_platform/platform.c.obj
LOAD CMakeFiles/pico-UUBUS.dir/home/pi/pico/pico-sdk/src/rp2_common/hardware_claim/claim.c.obj
LOAD CMakeFiles/pico-UUBUS.dir/home/pi/pico/pico-sdk/src/rp2_common/hardware_sync/sync.c.obj
LOAD CMakeFiles/pico-UUBUS.dir/home/pi/pico/pico-sdk/src/rp2_common/hardware_irq/irq.c.obj
LOAD CMakeFiles/pico-UUBUS.dir/home/pi/pico/pico-sdk/src/rp2_common/hardware_irq/irq_handler_chain.S.obj
LOAD CMakeFiles/pico-UUBUS.dir/home/pi/pico/pico-sdk/src/common/pico_sync/sem.c.obj
LOAD CMakeFiles/pico-UUBUS.dir/home/pi/pico/pico-sdk/src/common/pico_sync/lock_core.c.obj
LOAD CMakeFiles/pico-UUBUS.dir/home/pi/pico/pico-sdk/src/common/pico_sync/mutex.c.obj
LOAD CMakeFiles/pico-UUBUS.dir/home/pi/pico/pico-sdk/src/common/pico_sync/critical_section.c.obj
LOAD CMakeFiles/pico-UUBUS.dir/home/pi/pico/pico-sdk/src/common/pico_time/time.c.obj
LOAD CMakeFiles/pico-UUBUS.dir/home/pi/pico/pico-sdk/src/common/pico_time/timeout_helper.c.obj
LOAD CMakeFiles/pico-UUBUS.dir/home/pi/pico/pico-sdk/src/rp2_common/hardware_timer/timer.c.obj
LOAD CMakeFiles/pico-UUBUS.dir/home/pi/pico/pico-sdk/src/common/pico_util/datetime.c.obj
LOAD CMakeFiles/pico-UUBUS.dir/home/pi/pico/pico-sdk/src/common/pico_util/pheap.c.obj
LOAD CMakeFiles/pico-UUBUS.dir/home/pi/pico/pico-sdk/src/common/pico_util/queue.c.obj
LOAD CMakeFiles/pico-UUBUS.dir/home/pi/pico/pico-sdk/src/rp2_common/hardware_uart/uart.c.obj
LOAD CMakeFiles/pico-UUBUS.dir/home/pi/pico/pico-sdk/src/rp2_common/hardware_clocks/clocks.c.obj
LOAD CMakeFiles/pico-UUBUS.dir/home/pi/pico/pico-sdk/src/rp2_common/hardware_pll/pll.c.obj
LOAD CMakeFiles/pico-UUBUS.dir/home/pi/pico/pico-sdk/src/rp2_common/hardware_vreg/vreg.c.obj
LOAD CMakeFiles/pico-UUBUS.dir/home/pi/pico/pico-sdk/src/rp2_common/hardware_watchdog/watchdog.c.obj
LOAD CMakeFiles/pico-UUBUS.dir/home/pi/pico/pico-sdk/src/rp2_common/hardware_xosc/xosc.c.obj
LOAD CMakeFiles/pico-UUBUS.dir/home/pi/pico/pico-sdk/src/rp2_common/hardware_divider/divider.S.obj
LOAD CMakeFiles/pico-UUBUS.dir/home/pi/pico/pico-sdk/src/rp2_common/pico_runtime/runtime.c.obj
LOAD CMakeFiles/pico-UUBUS.dir/home/pi/pico/pico-sdk/src/rp2_common/pico_printf/printf.c.obj
LOAD CMakeFiles/pico-UUBUS.dir/home/pi/pico/pico-sdk/src/rp2_common/pico_bit_ops/bit_ops_aeabi.S.obj
LOAD CMakeFiles/pico-UUBUS.dir/home/pi/pico/pico-sdk/src/rp2_common/pico_bootrom/bootrom.c.obj
LOAD CMakeFiles/pico-UUBUS.dir/home/pi/pico/pico-sdk/src/rp2_common/pico_divider/divider.S.obj
LOAD CMakeFiles/pico-UUBUS.dir/home/pi/pico/pico-sdk/src/rp2_common/pico_double/double_aeabi.S.obj
LOAD CMakeFiles/pico-UUBUS.dir/home/pi/pico/pico-sdk/src/rp2_common/pico_double/double_init_rom.c.obj
LOAD CMakeFiles/pico-UUBUS.dir/home/pi/pico/pico-sdk/src/rp2_common/pico_double/double_math.c.obj
LOAD CMakeFiles/pico-UUBUS.dir/home/pi/pico/pico-sdk/src/rp2_common/pico_double/double_v1_rom_shim.S.obj
LOAD CMakeFiles/pico-UUBUS.dir/home/pi/pico/pico-sdk/src/rp2_common/pico_int64_ops/pico_int64_ops_aeabi.S.obj
LOAD CMakeFiles/pico-UUBUS.dir/home/pi/pico/pico-sdk/src/rp2_common/pico_float/float_aeabi.S.obj
LOAD CMakeFiles/pico-UUBUS.dir/home/pi/pico/pico-sdk/src/rp2_common/pico_float/float_init_rom.c.obj
LOAD CMakeFiles/pico-UUBUS.dir/home/pi/pico/pico-sdk/src/rp2_common/pico_float/float_math.c.obj
LOAD CMakeFiles/pico-UUBUS.dir/home/pi/pico/pico-sdk/src/rp2_common/pico_float/float_v1_rom_shim.S.obj
LOAD CMakeFiles/pico-UUBUS.dir/home/pi/pico/pico-sdk/src/rp2_common/pico_malloc/pico_malloc.c.obj
LOAD CMakeFiles/pico-UUBUS.dir/home/pi/pico/pico-sdk/src/rp2_common/pico_mem_ops/mem_ops_aeabi.S.obj
LOAD CMakeFiles/pico-UUBUS.dir/home/pi/pico/pico-sdk/src/rp2_common/pico_standard_link/crt0.S.obj
LOAD CMakeFiles/pico-UUBUS.dir/home/pi/pico/pico-sdk/src/rp2_common/pico_standard_link/new_delete.cpp.obj
LOAD CMakeFiles/pico-UUBUS.dir/home/pi/pico/pico-sdk/src/rp2_common/pico_standard_link/binary_info.c.obj
LOAD CMakeFiles/pico-UUBUS.dir/home/pi/pico/pico-sdk/src/rp2_common/pico_stdio/stdio.c.obj
LOAD CMakeFiles/pico-UUBUS.dir/home/pi/pico/pico-sdk/src/rp2_common/pico_stdio_uart/stdio_uart.c.obj
LOAD CMakeFiles/pico-UUBUS.dir/home/pi/pico/pico-sdk/src/rp2_common/hardware_adc/adc.c.obj
LOAD CMakeFiles/pico-UUBUS.dir/home/pi/pico/pico-sdk/src/rp2_common/hardware_flash/flash.c.obj
LOAD CMakeFiles/pico-UUBUS.dir/home/pi/pico/pico-sdk/src/rp2_common/pico_multicore/multicore.c.obj
LOAD /tmp/cc4DpKhG.o
LOAD /usr/lib/gcc/arm-none-eabi/8.3.1/../../../arm-none-eabi/lib/thumb/v6-m/nofp/libstdc++.a
LOAD /usr/lib/gcc/arm-none-eabi/8.3.1/../../../arm-none-eabi/lib/thumb/v6-m/nofp/libm.a
START GROUP
LOAD /usr/lib/gcc/arm-none-eabi/8.3.1/thumb/v6-m/nofp/libgcc.a
LOAD /usr/lib/gcc/arm-none-eabi/8.3.1/../../../arm-none-eabi/lib/thumb/v6-m/nofp/libg.a
LOAD /usr/lib/gcc/arm-none-eabi/8.3.1/../../../arm-none-eabi/lib/thumb/v6-m/nofp/libc.a
END GROUP
START GROUP
LOAD /usr/lib/gcc/arm-none-eabi/8.3.1/thumb/v6-m/nofp/libgcc.a
LOAD /usr/lib/gcc/arm-none-eabi/8.3.1/../../../arm-none-eabi/lib/thumb/v6-m/nofp/libc.a
LOAD /usr/lib/gcc/arm-none-eabi/8.3.1/../../../arm-none-eabi/lib/thumb/v6-m/nofp/libnosys.a
END GROUP
LOAD /usr/lib/gcc/arm-none-eabi/8.3.1/thumb/v6-m/nofp/crtend.o
LOAD /usr/lib/gcc/arm-none-eabi/8.3.1/thumb/v6-m/nofp/crtn.o
OUTPUT(pico-UUBUS.elf elf32-littlearm)
LOAD linker stubs

.ARM.attributes
                0x00000000       0x28
 .ARM.attributes
                0x00000000       0x1e /usr/lib/gcc/arm-none-eabi/8.3.1/thumb/v6-m/nofp/crti.o
 .ARM.attributes
                0x0000001e       0x2c /usr/lib/gcc/arm-none-eabi/8.3.1/thumb/v6-m/nofp/crtbegin.o
 .ARM.attributes
                0x0000004a       0x2c CMakeFiles/pico-UUBUS.dir/src/pico_servo.c.obj
 .ARM.attributes
                0x00000076       0x2c CMakeFiles/pico-UUBUS.dir/main.c.obj
 .ARM.attributes
                0x000000a2       0x2c CMakeFiles/pico-UUBUS.dir/home/pi/pico/pico-sdk/src/rp2_common/hardware_gpio/gpio.c.obj
 .ARM.attributes
                0x000000ce       0x2c CMakeFiles/pico-UUBUS.dir/home/pi/pico/pico-sdk/src/rp2_common/pico_platform/platform.c.obj
 .ARM.attributes
                0x000000fa       0x2c CMakeFiles/pico-UUBUS.dir/home/pi/pico/pico-sdk/src/rp2_common/hardware_claim/claim.c.obj
 .ARM.attributes
                0x00000126       0x2c CMakeFiles/pico-UUBUS.dir/home/pi/pico/pico-sdk/src/rp2_common/hardware_sync/sync.c.obj
 .ARM.attributes
                0x00000152       0x2c CMakeFiles/pico-UUBUS.dir/home/pi/pico/pico-sdk/src/rp2_common/hardware_irq/irq.c.obj
 .ARM.attributes
                0x0000017e       0x22 CMakeFiles/pico-UUBUS.dir/home/pi/pico/pico-sdk/src/rp2_common/hardware_irq/irq_handler_chain.S.obj
 .ARM.attributes
                0x000001a0       0x2c CMakeFiles/pico-UUBUS.dir/home/pi/pico/pico-sdk/src/common/pico_sync/lock_core.c.obj
 .ARM.attributes
                0x000001cc       0x2c CMakeFiles/pico-UUBUS.dir/home/pi/pico/pico-sdk/src/common/pico_sync/mutex.c.obj
 .ARM.attributes
                0x000001f8       0x2c CMakeFiles/pico-UUBUS.dir/home/pi/pico/pico-sdk/src/common/pico_time/time.c.obj
 .ARM.attributes
                0x00000224       0x2c CMakeFiles/pico-UUBUS.dir/home/pi/pico/pico-sdk/src/rp2_common/hardware_timer/timer.c.obj
 .ARM.attributes
                0x00000250       0x2c CMakeFiles/pico-UUBUS.dir/home/pi/pico/pico-sdk/src/common/pico_util/pheap.c.obj
 .ARM.attributes
                0x0000027c       0x2c CMakeFiles/pico-UUBUS.dir/home/pi/pico/pico-sdk/src/rp2_common/hardware_clocks/clocks.c.obj
 .ARM.attributes
                0x000002a8       0x2c CMakeFiles/pico-UUBUS.dir/home/pi/pico/pico-sdk/src/rp2_common/hardware_pll/pll.c.obj
 .ARM.attributes
                0x000002d4       0x2c CMakeFiles/pico-UUBUS.dir/home/pi/pico/pico-sdk/src/rp2_common/hardware_watchdog/watchdog.c.obj
 .ARM.attributes
                0x00000300       0x2c CMakeFiles/pico-UUBUS.dir/home/pi/pico/pico-sdk/src/rp2_common/hardware_xosc/xosc.c.obj
 .ARM.attributes
                0x0000032c       0x2c CMakeFiles/pico-UUBUS.dir/home/pi/pico/pico-sdk/src/rp2_common/pico_runtime/runtime.c.obj
 .ARM.attributes
                0x00000358       0x2c CMakeFiles/pico-UUBUS.dir/home/pi/pico/pico-sdk/src/rp2_common/pico_printf/printf.c.obj
 .ARM.attributes
                0x00000384       0x22 CMakeFiles/pico-UUBUS.dir/home/pi/pico/pico-sdk/src/rp2_common/pico_bit_ops/bit_ops_aeabi.S.obj
 .ARM.attributes
                0x000003a6       0x2c CMakeFiles/pico-UUBUS.dir/home/pi/pico/pico-sdk/src/rp2_common/pico_bootrom/bootrom.c.obj
 .ARM.attributes
                0x000003d2       0x22 CMakeFiles/pico-UUBUS.dir/home/pi/pico/pico-sdk/src/rp2_common/pico_divider/divider.S.obj
 .ARM.attributes
                0x000003f4       0x22 CMakeFiles/pico-UUBUS.dir/home/pi/pico/pico-sdk/src/rp2_common/pico_double/double_aeabi.S.obj
 .ARM.attributes
                0x00000416       0x2c CMakeFiles/pico-UUBUS.dir/home/pi/pico/pico-sdk/src/rp2_common/pico_double/double_init_rom.c.obj
 .ARM.attributes
                0x00000442       0x22 CMakeFiles/pico-UUBUS.dir/home/pi/pico/pico-sdk/src/rp2_common/pico_double/double_v1_rom_shim.S.obj
 .ARM.attributes
                0x00000464       0x22 CMakeFiles/pico-UUBUS.dir/home/pi/pico/pico-sdk/src/rp2_common/pico_int64_ops/pico_int64_ops_aeabi.S.obj
 .ARM.attributes
                0x00000486       0x22 CMakeFiles/pico-UUBUS.dir/home/pi/pico/pico-sdk/src/rp2_common/pico_float/float_aeabi.S.obj
 .ARM.attributes
                0x000004a8       0x2c CMakeFiles/pico-UUBUS.dir/home/pi/pico/pico-sdk/src/rp2_common/pico_float/float_init_rom.c.obj
 .ARM.attributes
                0x000004d4       0x22 CMakeFiles/pico-UUBUS.dir/home/pi/pico/pico-sdk/src/rp2_common/pico_float/float_v1_rom_shim.S.obj
 .ARM.attributes
                0x000004f6       0x2c CMakeFiles/pico-UUBUS.dir/home/pi/pico/pico-sdk/src/rp2_common/pico_malloc/pico_malloc.c.obj
 .ARM.attributes
                0x00000522       0x22 CMakeFiles/pico-UUBUS.dir/home/pi/pico/pico-sdk/src/rp2_common/pico_mem_ops/mem_ops_aeabi.S.obj
 .ARM.attributes
                0x00000544       0x22 CMakeFiles/pico-UUBUS.dir/home/pi/pico/pico-sdk/src/rp2_common/pico_standard_link/crt0.S.obj
 .ARM.attributes
                0x00000566       0x32 CMakeFiles/pico-UUBUS.dir/home/pi/pico/pico-sdk/src/rp2_common/pico_standard_link/binary_info.c.obj
 .ARM.attributes
                0x00000598       0x2c CMakeFiles/pico-UUBUS.dir/home/pi/pico/pico-sdk/src/rp2_common/pico_stdio/stdio.c.obj
 .ARM.attributes
                0x000005c4       0x2c CMakeFiles/pico-UUBUS.dir/home/pi/pico/pico-sdk/src/rp2_common/pico_multicore/multicore.c.obj
 .ARM.attributes
                0x000005f0       0x22 /tmp/cc4DpKhG.o
 .ARM.attributes
                0x00000612       0x1e /usr/lib/gcc/arm-none-eabi/8.3.1/thumb/v6-m/nofp/libgcc.a(_dvmd_tls.o)
 .ARM.attributes
                0x00000630       0x2c /usr/lib/gcc/arm-none-eabi/8.3.1/../../../arm-none-eabi/lib/thumb/v6-m/nofp/libg.a(lib_a-strlen-stub.o)
 .ARM.attributes
                0x0000065c       0x2c /usr/lib/gcc/arm-none-eabi/8.3.1/thumb/v6-m/nofp/crtend.o

.comment        0x00000000       0x9f
 .comment       0x00000000       0x51 /usr/lib/gcc/arm-none-eabi/8.3.1/thumb/v6-m/nofp/crtbegin.o
                                 0x52 (size before relaxing)
 .comment       0x00000051       0x52 CMakeFiles/pico-UUBUS.dir/src/pico_servo.c.obj
 .comment       0x00000051       0x52 CMakeFiles/pico-UUBUS.dir/main.c.obj
 .comment       0x00000051       0x52 CMakeFiles/pico-UUBUS.dir/home/pi/pico/pico-sdk/src/rp2_common/hardware_gpio/gpio.c.obj
 .comment       0x00000051       0x52 CMakeFiles/pico-UUBUS.dir/home/pi/pico/pico-sdk/src/rp2_common/pico_platform/platform.c.obj
 .comment       0x00000051       0x52 CMakeFiles/pico-UUBUS.dir/home/pi/pico/pico-sdk/src/rp2_common/hardware_claim/claim.c.obj
 .comment       0x00000051       0x52 CMakeFiles/pico-UUBUS.dir/home/pi/pico/pico-sdk/src/rp2_common/hardware_sync/sync.c.obj
 .comment       0x00000051       0x52 CMakeFiles/pico-UUBUS.dir/home/pi/pico/pico-sdk/src/rp2_common/hardware_irq/irq.c.obj
 .comment       0x00000051       0x52 CMakeFiles/pico-UUBUS.dir/home/pi/pico/pico-sdk/src/common/pico_sync/lock_core.c.obj
 .comment       0x00000051       0x52 CMakeFiles/pico-UUBUS.dir/home/pi/pico/pico-sdk/src/common/pico_sync/mutex.c.obj
 .comment       0x00000051       0x52 CMakeFiles/pico-UUBUS.dir/home/pi/pico/pico-sdk/src/common/pico_time/time.c.obj
 .comment       0x00000051       0x52 CMakeFiles/pico-UUBUS.dir/home/pi/pico/pico-sdk/src/rp2_common/hardware_timer/timer.c.obj
 .comment       0x00000051       0x52 CMakeFiles/pico-UUBUS.dir/home/pi/pico/pico-sdk/src/common/pico_util/pheap.c.obj
 .comment       0x00000051       0x52 CMakeFiles/pico-UUBUS.dir/home/pi/pico/pico-sdk/src/rp2_common/hardware_clocks/clocks.c.obj
 .comment       0x00000051       0x52 CMakeFiles/pico-UUBUS.dir/home/pi/pico/pico-sdk/src/rp2_common/hardware_pll/pll.c.obj
 .comment       0x00000051       0x52 CMakeFiles/pico-UUBUS.dir/home/pi/pico/pico-sdk/src/rp2_common/hardware_watchdog/watchdog.c.obj
 .comment       0x00000051       0x52 CMakeFiles/pico-UUBUS.dir/home/pi/pico/pico-sdk/src/rp2_common/hardware_xosc/xosc.c.obj
 .comment       0x00000051       0x52 CMakeFiles/pico-UUBUS.dir/home/pi/pico/pico-sdk/src/rp2_common/pico_runtime/runtime.c.obj
 .comment       0x00000051       0x52 CMakeFiles/pico-UUBUS.dir/home/pi/pico/pico-sdk/src/rp2_common/pico_printf/printf.c.obj
 .comment       0x00000051       0x52 CMakeFiles/pico-UUBUS.dir/home/pi/pico/pico-sdk/src/rp2_common/pico_bootrom/bootrom.c.obj
 .comment       0x00000051       0x52 CMakeFiles/pico-UUBUS.dir/home/pi/pico/pico-sdk/src/rp2_common/pico_double/double_init_rom.c.obj
 .comment       0x00000051       0x52 CMakeFiles/pico-UUBUS.dir/home/pi/pico/pico-sdk/src/rp2_common/pico_float/float_init_rom.c.obj
 .comment       0x00000051       0x52 CMakeFiles/pico-UUBUS.dir/home/pi/pico/pico-sdk/src/rp2_common/pico_malloc/pico_malloc.c.obj
 .comment       0x00000051       0x52 CMakeFiles/pico-UUBUS.dir/home/pi/pico/pico-sdk/src/rp2_common/pico_standard_link/binary_info.c.obj
 .comment       0x00000051       0x52 CMakeFiles/pico-UUBUS.dir/home/pi/pico/pico-sdk/src/rp2_common/pico_stdio/stdio.c.obj
 .comment       0x00000051       0x52 CMakeFiles/pico-UUBUS.dir/home/pi/pico/pico-sdk/src/rp2_common/pico_multicore/multicore.c.obj
 .comment       0x00000051       0x4e /usr/lib/gcc/arm-none-eabi/8.3.1/../../../arm-none-eabi/lib/thumb/v6-m/nofp/libg.a(lib_a-strlen-stub.o)
                                 0x4f (size before relaxing)
 .comment       0x0000009f       0x52 /usr/lib/gcc/arm-none-eabi/8.3.1/thumb/v6-m/nofp/crtend.o

.debug_info     0x00000000    0x1bf3b
 .debug_info    0x00000000      0x829 CMakeFiles/pico-UUBUS.dir/src/pico_servo.c.obj
 .debug_info    0x00000829      0xa8a CMakeFiles/pico-UUBUS.dir/main.c.obj
 .debug_info    0x000012b3     0x1860 CMakeFiles/pico-UUBUS.dir/home/pi/pico/pico-sdk/src/rp2_common/hardware_gpio/gpio.c.obj
 .debug_info    0x00002b13      0x1cb CMakeFiles/pico-UUBUS.dir/home/pi/pico/pico-sdk/src/rp2_common/pico_platform/platform.c.obj
 .debug_info    0x00002cde      0x6aa CMakeFiles/pico-UUBUS.dir/home/pi/pico/pico-sdk/src/rp2_common/hardware_claim/claim.c.obj
 .debug_info    0x00003388      0x591 CMakeFiles/pico-UUBUS.dir/home/pi/pico/pico-sdk/src/rp2_common/hardware_sync/sync.c.obj
 .debug_info    0x00003919     0x1cfa CMakeFiles/pico-UUBUS.dir/home/pi/pico/pico-sdk/src/rp2_common/hardware_irq/irq.c.obj
 .debug_info    0x00005613       0x26 CMakeFiles/pico-UUBUS.dir/home/pi/pico/pico-sdk/src/rp2_common/hardware_irq/irq_handler_chain.S.obj
 .debug_info    0x00005639      0x1ed CMakeFiles/pico-UUBUS.dir/home/pi/pico/pico-sdk/src/common/pico_sync/lock_core.c.obj
 .debug_info    0x00005826     0x20e8 CMakeFiles/pico-UUBUS.dir/home/pi/pico/pico-sdk/src/common/pico_sync/mutex.c.obj
 .debug_info    0x0000790e     0x493f CMakeFiles/pico-UUBUS.dir/home/pi/pico/pico-sdk/src/common/pico_time/time.c.obj
 .debug_info    0x0000c24d     0x13ac CMakeFiles/pico-UUBUS.dir/home/pi/pico/pico-sdk/src/rp2_common/hardware_timer/timer.c.obj
 .debug_info    0x0000d5f9     0x1ada CMakeFiles/pico-UUBUS.dir/home/pi/pico/pico-sdk/src/common/pico_util/pheap.c.obj
 .debug_info    0x0000f0d3      0xf45 CMakeFiles/pico-UUBUS.dir/home/pi/pico/pico-sdk/src/rp2_common/hardware_clocks/clocks.c.obj
 .debug_info    0x00010018      0x4e8 CMakeFiles/pico-UUBUS.dir/home/pi/pico/pico-sdk/src/rp2_common/hardware_pll/pll.c.obj
 .debug_info    0x00010500      0xd7d CMakeFiles/pico-UUBUS.dir/home/pi/pico/pico-sdk/src/rp2_common/hardware_watchdog/watchdog.c.obj
 .debug_info    0x0001127d      0x1b8 CMakeFiles/pico-UUBUS.dir/home/pi/pico/pico-sdk/src/rp2_common/hardware_xosc/xosc.c.obj
 .debug_info    0x00011435     0x1929 CMakeFiles/pico-UUBUS.dir/home/pi/pico/pico-sdk/src/rp2_common/pico_runtime/runtime.c.obj
 .debug_info    0x00012d5e     0x2032 CMakeFiles/pico-UUBUS.dir/home/pi/pico/pico-sdk/src/rp2_common/pico_printf/printf.c.obj
 .debug_info    0x00014d90       0x22 CMakeFiles/pico-UUBUS.dir/home/pi/pico/pico-sdk/src/rp2_common/pico_bit_ops/bit_ops_aeabi.S.obj
 .debug_info    0x00014db2      0x262 CMakeFiles/pico-UUBUS.dir/home/pi/pico/pico-sdk/src/rp2_common/pico_bootrom/bootrom.c.obj
 .debug_info    0x00015014       0x22 CMakeFiles/pico-UUBUS.dir/home/pi/pico/pico-sdk/src/rp2_common/pico_divider/divider.S.obj
 .debug_info    0x00015036       0x22 CMakeFiles/pico-UUBUS.dir/home/pi/pico/pico-sdk/src/rp2_common/pico_double/double_aeabi.S.obj
 .debug_info    0x00015058      0xb2a CMakeFiles/pico-UUBUS.dir/home/pi/pico/pico-sdk/src/rp2_common/pico_double/double_init_rom.c.obj
 .debug_info    0x00015b82       0x22 CMakeFiles/pico-UUBUS.dir/home/pi/pico/pico-sdk/src/rp2_common/pico_double/double_v1_rom_shim.S.obj
 .debug_info    0x00015ba4       0x26 CMakeFiles/pico-UUBUS.dir/home/pi/pico/pico-sdk/src/rp2_common/pico_int64_ops/pico_int64_ops_aeabi.S.obj
 .debug_info    0x00015bca       0x22 CMakeFiles/pico-UUBUS.dir/home/pi/pico/pico-sdk/src/rp2_common/pico_float/float_aeabi.S.obj
 .debug_info    0x00015bec      0xb44 CMakeFiles/pico-UUBUS.dir/home/pi/pico/pico-sdk/src/rp2_common/pico_float/float_init_rom.c.obj
 .debug_info    0x00016730       0x22 CMakeFiles/pico-UUBUS.dir/home/pi/pico/pico-sdk/src/rp2_common/pico_float/float_v1_rom_shim.S.obj
 .debug_info    0x00016752      0xd74 CMakeFiles/pico-UUBUS.dir/home/pi/pico/pico-sdk/src/rp2_common/pico_malloc/pico_malloc.c.obj
 .debug_info    0x000174c6       0x22 CMakeFiles/pico-UUBUS.dir/home/pi/pico/pico-sdk/src/rp2_common/pico_mem_ops/mem_ops_aeabi.S.obj
 .debug_info    0x000174e8       0x22 CMakeFiles/pico-UUBUS.dir/home/pi/pico/pico-sdk/src/rp2_common/pico_standard_link/crt0.S.obj
 .debug_info    0x0001750a      0x2cb CMakeFiles/pico-UUBUS.dir/home/pi/pico/pico-sdk/src/rp2_common/pico_standard_link/binary_info.c.obj
 .debug_info    0x000177d5     0x20dc CMakeFiles/pico-UUBUS.dir/home/pi/pico/pico-sdk/src/rp2_common/pico_stdio/stdio.c.obj
 .debug_info    0x000198b1     0x1cf1 CMakeFiles/pico-UUBUS.dir/home/pi/pico/pico-sdk/src/rp2_common/pico_multicore/multicore.c.obj
 .debug_info    0x0001b5a2       0x26 /usr/lib/gcc/arm-none-eabi/8.3.1/thumb/v6-m/nofp/libgcc.a(_dvmd_tls.o)
 .debug_info    0x0001b5c8      0x973 /usr/lib/gcc/arm-none-eabi/8.3.1/../../../arm-none-eabi/lib/thumb/v6-m/nofp/libg.a(lib_a-strlen-stub.o)

.debug_abbrev   0x00000000     0x51b0
 .debug_abbrev  0x00000000      0x27a CMakeFiles/pico-UUBUS.dir/src/pico_servo.c.obj
 .debug_abbrev  0x0000027a      0x22d CMakeFiles/pico-UUBUS.dir/main.c.obj
 .debug_abbrev  0x000004a7      0x382 CMakeFiles/pico-UUBUS.dir/home/pi/pico/pico-sdk/src/rp2_common/hardware_gpio/gpio.c.obj
 .debug_abbrev  0x00000829       0xeb CMakeFiles/pico-UUBUS.dir/home/pi/pico/pico-sdk/src/rp2_common/pico_platform/platform.c.obj
 .debug_abbrev  0x00000914      0x2fb CMakeFiles/pico-UUBUS.dir/home/pi/pico/pico-sdk/src/rp2_common/hardware_claim/claim.c.obj
 .debug_abbrev  0x00000c0f      0x224 CMakeFiles/pico-UUBUS.dir/home/pi/pico/pico-sdk/src/rp2_common/hardware_sync/sync.c.obj
 .debug_abbrev  0x00000e33      0x4ff CMakeFiles/pico-UUBUS.dir/home/pi/pico/pico-sdk/src/rp2_common/hardware_irq/irq.c.obj
 .debug_abbrev  0x00001332       0x14 CMakeFiles/pico-UUBUS.dir/home/pi/pico/pico-sdk/src/rp2_common/hardware_irq/irq_handler_chain.S.obj
 .debug_abbrev  0x00001346      0x141 CMakeFiles/pico-UUBUS.dir/home/pi/pico/pico-sdk/src/common/pico_sync/lock_core.c.obj
 .debug_abbrev  0x00001487      0x3b3 CMakeFiles/pico-UUBUS.dir/home/pi/pico/pico-sdk/src/common/pico_sync/mutex.c.obj
 .debug_abbrev  0x0000183a      0x65e CMakeFiles/pico-UUBUS.dir/home/pi/pico/pico-sdk/src/common/pico_time/time.c.obj
 .debug_abbrev  0x00001e98      0x3c7 CMakeFiles/pico-UUBUS.dir/home/pi/pico/pico-sdk/src/rp2_common/hardware_timer/timer.c.obj
 .debug_abbrev  0x0000225f      0x3ad CMakeFiles/pico-UUBUS.dir/home/pi/pico/pico-sdk/src/common/pico_util/pheap.c.obj
 .debug_abbrev  0x0000260c      0x3ea CMakeFiles/pico-UUBUS.dir/home/pi/pico/pico-sdk/src/rp2_common/hardware_clocks/clocks.c.obj
 .debug_abbrev  0x000029f6      0x1ee CMakeFiles/pico-UUBUS.dir/home/pi/pico/pico-sdk/src/rp2_common/hardware_pll/pll.c.obj
 .debug_abbrev  0x00002be4      0x2d8 CMakeFiles/pico-UUBUS.dir/home/pi/pico/pico-sdk/src/rp2_common/hardware_watchdog/watchdog.c.obj
 .debug_abbrev  0x00002ebc      0x106 CMakeFiles/pico-UUBUS.dir/home/pi/pico/pico-sdk/src/rp2_common/hardware_xosc/xosc.c.obj
 .debug_abbrev  0x00002fc2      0x5dc CMakeFiles/pico-UUBUS.dir/home/pi/pico/pico-sdk/src/rp2_common/pico_runtime/runtime.c.obj
 .debug_abbrev  0x0000359e      0x4aa CMakeFiles/pico-UUBUS.dir/home/pi/pico/pico-sdk/src/rp2_common/pico_printf/printf.c.obj
 .debug_abbrev  0x00003a48       0x12 CMakeFiles/pico-UUBUS.dir/home/pi/pico/pico-sdk/src/rp2_common/pico_bit_ops/bit_ops_aeabi.S.obj
 .debug_abbrev  0x00003a5a      0x144 CMakeFiles/pico-UUBUS.dir/home/pi/pico/pico-sdk/src/rp2_common/pico_bootrom/bootrom.c.obj
 .debug_abbrev  0x00003b9e       0x12 CMakeFiles/pico-UUBUS.dir/home/pi/pico/pico-sdk/src/rp2_common/pico_divider/divider.S.obj
 .debug_abbrev  0x00003bb0       0x12 CMakeFiles/pico-UUBUS.dir/home/pi/pico/pico-sdk/src/rp2_common/pico_double/double_aeabi.S.obj
 .debug_abbrev  0x00003bc2      0x2c2 CMakeFiles/pico-UUBUS.dir/home/pi/pico/pico-sdk/src/rp2_common/pico_double/double_init_rom.c.obj
 .debug_abbrev  0x00003e84       0x12 CMakeFiles/pico-UUBUS.dir/home/pi/pico/pico-sdk/src/rp2_common/pico_double/double_v1_rom_shim.S.obj
 .debug_abbrev  0x00003e96       0x14 CMakeFiles/pico-UUBUS.dir/home/pi/pico/pico-sdk/src/rp2_common/pico_int64_ops/pico_int64_ops_aeabi.S.obj
 .debug_abbrev  0x00003eaa       0x12 CMakeFiles/pico-UUBUS.dir/home/pi/pico/pico-sdk/src/rp2_common/pico_float/float_aeabi.S.obj
 .debug_abbrev  0x00003ebc      0x2d5 CMakeFiles/pico-UUBUS.dir/home/pi/pico/pico-sdk/src/rp2_common/pico_float/float_init_rom.c.obj
 .debug_abbrev  0x00004191       0x12 CMakeFiles/pico-UUBUS.dir/home/pi/pico/pico-sdk/src/rp2_common/pico_float/float_v1_rom_shim.S.obj
 .debug_abbrev  0x000041a3      0x306 CMakeFiles/pico-UUBUS.dir/home/pi/pico/pico-sdk/src/rp2_common/pico_malloc/pico_malloc.c.obj
 .debug_abbrev  0x000044a9       0x12 CMakeFiles/pico-UUBUS.dir/home/pi/pico/pico-sdk/src/rp2_common/pico_mem_ops/mem_ops_aeabi.S.obj
 .debug_abbrev  0x000044bb       0x12 CMakeFiles/pico-UUBUS.dir/home/pi/pico/pico-sdk/src/rp2_common/pico_standard_link/crt0.S.obj
 .debug_abbrev  0x000044cd       0xad CMakeFiles/pico-UUBUS.dir/home/pi/pico/pico-sdk/src/rp2_common/pico_standard_link/binary_info.c.obj
 .debug_abbrev  0x0000457a      0x581 CMakeFiles/pico-UUBUS.dir/home/pi/pico/pico-sdk/src/rp2_common/pico_stdio/stdio.c.obj
 .debug_abbrev  0x00004afb      0x4b9 CMakeFiles/pico-UUBUS.dir/home/pi/pico/pico-sdk/src/rp2_common/pico_multicore/multicore.c.obj
 .debug_abbrev  0x00004fb4       0x14 /usr/lib/gcc/arm-none-eabi/8.3.1/thumb/v6-m/nofp/libgcc.a(_dvmd_tls.o)
 .debug_abbrev  0x00004fc8      0x1e8 /usr/lib/gcc/arm-none-eabi/8.3.1/../../../arm-none-eabi/lib/thumb/v6-m/nofp/libg.a(lib_a-strlen-stub.o)

.debug_loc      0x00000000     0xf1ed
 .debug_loc     0x00000000      0x59c CMakeFiles/pico-UUBUS.dir/src/pico_servo.c.obj
 .debug_loc     0x0000059c     0x122e CMakeFiles/pico-UUBUS.dir/home/pi/pico/pico-sdk/src/rp2_common/hardware_gpio/gpio.c.obj
 .debug_loc     0x000017ca       0xe9 CMakeFiles/pico-UUBUS.dir/home/pi/pico/pico-sdk/src/rp2_common/pico_platform/platform.c.obj
 .debug_loc     0x000018b3      0x43d CMakeFiles/pico-UUBUS.dir/home/pi/pico/pico-sdk/src/rp2_common/hardware_claim/claim.c.obj
 .debug_loc     0x00001cf0      0x233 CMakeFiles/pico-UUBUS.dir/home/pi/pico/pico-sdk/src/rp2_common/hardware_sync/sync.c.obj
 .debug_loc     0x00001f23     0x1463 CMakeFiles/pico-UUBUS.dir/home/pi/pico/pico-sdk/src/rp2_common/hardware_irq/irq.c.obj
 .debug_loc     0x00003386       0x60 CMakeFiles/pico-UUBUS.dir/home/pi/pico/pico-sdk/src/common/pico_sync/lock_core.c.obj
 .debug_loc     0x000033e6     0x159f CMakeFiles/pico-UUBUS.dir/home/pi/pico/pico-sdk/src/common/pico_sync/mutex.c.obj
 .debug_loc     0x00004985     0x3281 CMakeFiles/pico-UUBUS.dir/home/pi/pico/pico-sdk/src/common/pico_time/time.c.obj
 .debug_loc     0x00007c06      0xa7c CMakeFiles/pico-UUBUS.dir/home/pi/pico/pico-sdk/src/rp2_common/hardware_timer/timer.c.obj
 .debug_loc     0x00008682     0x14bf CMakeFiles/pico-UUBUS.dir/home/pi/pico/pico-sdk/src/common/pico_util/pheap.c.obj
 .debug_loc     0x00009b41      0x7af CMakeFiles/pico-UUBUS.dir/home/pi/pico/pico-sdk/src/rp2_common/hardware_clocks/clocks.c.obj
 .debug_loc     0x0000a2f0      0x31d CMakeFiles/pico-UUBUS.dir/home/pi/pico/pico-sdk/src/rp2_common/hardware_pll/pll.c.obj
 .debug_loc     0x0000a60d      0x2a0 CMakeFiles/pico-UUBUS.dir/home/pi/pico/pico-sdk/src/rp2_common/hardware_watchdog/watchdog.c.obj
 .debug_loc     0x0000a8ad       0x3d CMakeFiles/pico-UUBUS.dir/home/pi/pico/pico-sdk/src/rp2_common/hardware_xosc/xosc.c.obj
 .debug_loc     0x0000a8ea      0x5f2 CMakeFiles/pico-UUBUS.dir/home/pi/pico/pico-sdk/src/rp2_common/pico_runtime/runtime.c.obj
 .debug_loc     0x0000aedc     0x1fee CMakeFiles/pico-UUBUS.dir/home/pi/pico/pico-sdk/src/rp2_common/pico_printf/printf.c.obj
 .debug_loc     0x0000ceca      0x1a1 CMakeFiles/pico-UUBUS.dir/home/pi/pico/pico-sdk/src/rp2_common/pico_bootrom/bootrom.c.obj
 .debug_loc     0x0000d06b       0x59 CMakeFiles/pico-UUBUS.dir/home/pi/pico/pico-sdk/src/rp2_common/pico_double/double_init_rom.c.obj
 .debug_loc     0x0000d0c4       0x73 CMakeFiles/pico-UUBUS.dir/home/pi/pico/pico-sdk/src/rp2_common/pico_float/float_init_rom.c.obj
 .debug_loc     0x0000d137      0x2dc CMakeFiles/pico-UUBUS.dir/home/pi/pico/pico-sdk/src/rp2_common/pico_malloc/pico_malloc.c.obj
 .debug_loc     0x0000d413      0xde6 CMakeFiles/pico-UUBUS.dir/home/pi/pico/pico-sdk/src/rp2_common/pico_stdio/stdio.c.obj
 .debug_loc     0x0000e1f9      0xf51 CMakeFiles/pico-UUBUS.dir/home/pi/pico/pico-sdk/src/rp2_common/pico_multicore/multicore.c.obj
 .debug_loc     0x0000f14a       0xa3 /usr/lib/gcc/arm-none-eabi/8.3.1/../../../arm-none-eabi/lib/thumb/v6-m/nofp/libg.a(lib_a-strlen-stub.o)

.debug_aranges  0x00000000      0xf40
 .debug_aranges
                0x00000000       0x30 CMakeFiles/pico-UUBUS.dir/src/pico_servo.c.obj
 .debug_aranges
                0x00000030       0x20 CMakeFiles/pico-UUBUS.dir/main.c.obj
 .debug_aranges
                0x00000050      0x100 CMakeFiles/pico-UUBUS.dir/home/pi/pico/pico-sdk/src/rp2_common/hardware_gpio/gpio.c.obj
 .debug_aranges
                0x00000150       0x28 CMakeFiles/pico-UUBUS.dir/home/pi/pico/pico-sdk/src/rp2_common/pico_platform/platform.c.obj
 .debug_aranges
                0x00000178       0x48 CMakeFiles/pico-UUBUS.dir/home/pi/pico/pico-sdk/src/rp2_common/hardware_claim/claim.c.obj
 .debug_aranges
                0x000001c0       0x58 CMakeFiles/pico-UUBUS.dir/home/pi/pico/pico-sdk/src/rp2_common/hardware_sync/sync.c.obj
 .debug_aranges
                0x00000218       0xc8 CMakeFiles/pico-UUBUS.dir/home/pi/pico/pico-sdk/src/rp2_common/hardware_irq/irq.c.obj
 .debug_aranges
                0x000002e0       0x20 CMakeFiles/pico-UUBUS.dir/home/pi/pico/pico-sdk/src/rp2_common/hardware_irq/irq_handler_chain.S.obj
 .debug_aranges
                0x00000300       0x20 CMakeFiles/pico-UUBUS.dir/home/pi/pico/pico-sdk/src/common/pico_sync/lock_core.c.obj
 .debug_aranges
                0x00000320       0x90 CMakeFiles/pico-UUBUS.dir/home/pi/pico/pico-sdk/src/common/pico_sync/mutex.c.obj
 .debug_aranges
                0x000003b0       0xe8 CMakeFiles/pico-UUBUS.dir/home/pi/pico/pico-sdk/src/common/pico_time/time.c.obj
 .debug_aranges
                0x00000498       0x88 CMakeFiles/pico-UUBUS.dir/home/pi/pico/pico-sdk/src/rp2_common/hardware_timer/timer.c.obj
 .debug_aranges
                0x00000520       0x78 CMakeFiles/pico-UUBUS.dir/home/pi/pico/pico-sdk/src/common/pico_util/pheap.c.obj
 .debug_aranges
                0x00000598       0x70 CMakeFiles/pico-UUBUS.dir/home/pi/pico/pico-sdk/src/rp2_common/hardware_clocks/clocks.c.obj
 .debug_aranges
                0x00000608       0x28 CMakeFiles/pico-UUBUS.dir/home/pi/pico/pico-sdk/src/rp2_common/hardware_pll/pll.c.obj
 .debug_aranges
                0x00000630       0x58 CMakeFiles/pico-UUBUS.dir/home/pi/pico/pico-sdk/src/rp2_common/hardware_watchdog/watchdog.c.obj
 .debug_aranges
                0x00000688       0x30 CMakeFiles/pico-UUBUS.dir/home/pi/pico/pico-sdk/src/rp2_common/hardware_xosc/xosc.c.obj
 .debug_aranges
                0x000006b8       0x88 CMakeFiles/pico-UUBUS.dir/home/pi/pico/pico-sdk/src/rp2_common/pico_runtime/runtime.c.obj
 .debug_aranges
                0x00000740       0x90 CMakeFiles/pico-UUBUS.dir/home/pi/pico/pico-sdk/src/rp2_common/pico_printf/printf.c.obj
 .debug_aranges
                0x000007d0       0x68 CMakeFiles/pico-UUBUS.dir/home/pi/pico/pico-sdk/src/rp2_common/pico_bit_ops/bit_ops_aeabi.S.obj
 .debug_aranges
                0x00000838       0x30 CMakeFiles/pico-UUBUS.dir/home/pi/pico/pico-sdk/src/rp2_common/pico_bootrom/bootrom.c.obj
 .debug_aranges
                0x00000868       0x40 CMakeFiles/pico-UUBUS.dir/home/pi/pico/pico-sdk/src/rp2_common/pico_divider/divider.S.obj
 .debug_aranges
                0x000008a8      0x140 CMakeFiles/pico-UUBUS.dir/home/pi/pico/pico-sdk/src/rp2_common/pico_double/double_aeabi.S.obj
 .debug_aranges
                0x000009e8       0x20 CMakeFiles/pico-UUBUS.dir/home/pi/pico/pico-sdk/src/rp2_common/pico_double/double_init_rom.c.obj
 .debug_aranges
                0x00000a08       0xc8 CMakeFiles/pico-UUBUS.dir/home/pi/pico/pico-sdk/src/rp2_common/pico_double/double_v1_rom_shim.S.obj
 .debug_aranges
                0x00000ad0       0x20 CMakeFiles/pico-UUBUS.dir/home/pi/pico/pico-sdk/src/rp2_common/pico_int64_ops/pico_int64_ops_aeabi.S.obj
 .debug_aranges
                0x00000af0      0x130 CMakeFiles/pico-UUBUS.dir/home/pi/pico/pico-sdk/src/rp2_common/pico_float/float_aeabi.S.obj
 .debug_aranges
                0x00000c20       0x20 CMakeFiles/pico-UUBUS.dir/home/pi/pico/pico-sdk/src/rp2_common/pico_float/float_init_rom.c.obj
 .debug_aranges
                0x00000c40       0x50 CMakeFiles/pico-UUBUS.dir/home/pi/pico/pico-sdk/src/rp2_common/pico_float/float_v1_rom_shim.S.obj
 .debug_aranges
                0x00000c90       0x38 CMakeFiles/pico-UUBUS.dir/home/pi/pico/pico-sdk/src/rp2_common/pico_malloc/pico_malloc.c.obj
 .debug_aranges
                0x00000cc8       0x38 CMakeFiles/pico-UUBUS.dir/home/pi/pico/pico-sdk/src/rp2_common/pico_mem_ops/mem_ops_aeabi.S.obj
 .debug_aranges
                0x00000d00       0x28 CMakeFiles/pico-UUBUS.dir/home/pi/pico/pico-sdk/src/rp2_common/pico_standard_link/crt0.S.obj
 .debug_aranges
                0x00000d28       0x18 CMakeFiles/pico-UUBUS.dir/home/pi/pico/pico-sdk/src/rp2_common/pico_standard_link/binary_info.c.obj
 .debug_aranges
                0x00000d40      0x100 CMakeFiles/pico-UUBUS.dir/home/pi/pico/pico-sdk/src/rp2_common/pico_stdio/stdio.c.obj
 .debug_aranges
                0x00000e40       0xc0 CMakeFiles/pico-UUBUS.dir/home/pi/pico/pico-sdk/src/rp2_common/pico_multicore/multicore.c.obj
 .debug_aranges
                0x00000f00       0x20 /usr/lib/gcc/arm-none-eabi/8.3.1/thumb/v6-m/nofp/libgcc.a(_dvmd_tls.o)
 .debug_aranges
                0x00000f20       0x20 /usr/lib/gcc/arm-none-eabi/8.3.1/../../../arm-none-eabi/lib/thumb/v6-m/nofp/libg.a(lib_a-strlen-stub.o)

.debug_ranges   0x00000000     0x33e0
 .debug_ranges  0x00000000       0x70 CMakeFiles/pico-UUBUS.dir/src/pico_servo.c.obj
 .debug_ranges  0x00000070       0x10 CMakeFiles/pico-UUBUS.dir/main.c.obj
 .debug_ranges  0x00000080      0x150 CMakeFiles/pico-UUBUS.dir/home/pi/pico/pico-sdk/src/rp2_common/hardware_gpio/gpio.c.obj
 .debug_ranges  0x000001d0       0x18 CMakeFiles/pico-UUBUS.dir/home/pi/pico/pico-sdk/src/rp2_common/pico_platform/platform.c.obj
 .debug_ranges  0x000001e8       0xd8 CMakeFiles/pico-UUBUS.dir/home/pi/pico/pico-sdk/src/rp2_common/hardware_claim/claim.c.obj
 .debug_ranges  0x000002c0       0xf0 CMakeFiles/pico-UUBUS.dir/home/pi/pico/pico-sdk/src/rp2_common/hardware_sync/sync.c.obj
 .debug_ranges  0x000003b0      0x400 CMakeFiles/pico-UUBUS.dir/home/pi/pico/pico-sdk/src/rp2_common/hardware_irq/irq.c.obj
 .debug_ranges  0x000007b0       0x10 CMakeFiles/pico-UUBUS.dir/home/pi/pico/pico-sdk/src/common/pico_sync/lock_core.c.obj
 .debug_ranges  0x000007c0      0xad0 CMakeFiles/pico-UUBUS.dir/home/pi/pico/pico-sdk/src/common/pico_sync/mutex.c.obj
 .debug_ranges  0x00001290      0xcb0 CMakeFiles/pico-UUBUS.dir/home/pi/pico/pico-sdk/src/common/pico_time/time.c.obj
 .debug_ranges  0x00001f40      0x408 CMakeFiles/pico-UUBUS.dir/home/pi/pico/pico-sdk/src/rp2_common/hardware_timer/timer.c.obj
 .debug_ranges  0x00002348      0x230 CMakeFiles/pico-UUBUS.dir/home/pi/pico/pico-sdk/src/common/pico_util/pheap.c.obj
 .debug_ranges  0x00002578       0x60 CMakeFiles/pico-UUBUS.dir/home/pi/pico/pico-sdk/src/rp2_common/hardware_clocks/clocks.c.obj
 .debug_ranges  0x000025d8       0x30 CMakeFiles/pico-UUBUS.dir/home/pi/pico/pico-sdk/src/rp2_common/hardware_pll/pll.c.obj
 .debug_ranges  0x00002608       0x48 CMakeFiles/pico-UUBUS.dir/home/pi/pico/pico-sdk/src/rp2_common/hardware_watchdog/watchdog.c.obj
 .debug_ranges  0x00002650       0x20 CMakeFiles/pico-UUBUS.dir/home/pi/pico/pico-sdk/src/rp2_common/hardware_xosc/xosc.c.obj
 .debug_ranges  0x00002670      0x168 CMakeFiles/pico-UUBUS.dir/home/pi/pico/pico-sdk/src/rp2_common/pico_runtime/runtime.c.obj
 .debug_ranges  0x000027d8      0x120 CMakeFiles/pico-UUBUS.dir/home/pi/pico/pico-sdk/src/rp2_common/pico_printf/printf.c.obj
 .debug_ranges  0x000028f8       0x60 CMakeFiles/pico-UUBUS.dir/home/pi/pico/pico-sdk/src/rp2_common/pico_bit_ops/bit_ops_aeabi.S.obj
 .debug_ranges  0x00002958       0x38 CMakeFiles/pico-UUBUS.dir/home/pi/pico/pico-sdk/src/rp2_common/pico_bootrom/bootrom.c.obj
 .debug_ranges  0x00002990       0x38 CMakeFiles/pico-UUBUS.dir/home/pi/pico/pico-sdk/src/rp2_common/pico_divider/divider.S.obj
 .debug_ranges  0x000029c8      0x138 CMakeFiles/pico-UUBUS.dir/home/pi/pico/pico-sdk/src/rp2_common/pico_double/double_aeabi.S.obj
 .debug_ranges  0x00002b00       0x30 CMakeFiles/pico-UUBUS.dir/home/pi/pico/pico-sdk/src/rp2_common/pico_double/double_init_rom.c.obj
 .debug_ranges  0x00002b30       0xc0 CMakeFiles/pico-UUBUS.dir/home/pi/pico/pico-sdk/src/rp2_common/pico_double/double_v1_rom_shim.S.obj
 .debug_ranges  0x00002bf0      0x128 CMakeFiles/pico-UUBUS.dir/home/pi/pico/pico-sdk/src/rp2_common/pico_float/float_aeabi.S.obj
 .debug_ranges  0x00002d18       0x28 CMakeFiles/pico-UUBUS.dir/home/pi/pico/pico-sdk/src/rp2_common/pico_float/float_init_rom.c.obj
 .debug_ranges  0x00002d40       0x48 CMakeFiles/pico-UUBUS.dir/home/pi/pico/pico-sdk/src/rp2_common/pico_float/float_v1_rom_shim.S.obj
 .debug_ranges  0x00002d88       0x70 CMakeFiles/pico-UUBUS.dir/home/pi/pico/pico-sdk/src/rp2_common/pico_malloc/pico_malloc.c.obj
 .debug_ranges  0x00002df8       0x30 CMakeFiles/pico-UUBUS.dir/home/pi/pico/pico-sdk/src/rp2_common/pico_mem_ops/mem_ops_aeabi.S.obj
 .debug_ranges  0x00002e28       0x20 CMakeFiles/pico-UUBUS.dir/home/pi/pico/pico-sdk/src/rp2_common/pico_standard_link/crt0.S.obj
 .debug_ranges  0x00002e48      0x258 CMakeFiles/pico-UUBUS.dir/home/pi/pico/pico-sdk/src/rp2_common/pico_stdio/stdio.c.obj
 .debug_ranges  0x000030a0      0x340 CMakeFiles/pico-UUBUS.dir/home/pi/pico/pico-sdk/src/rp2_common/pico_multicore/multicore.c.obj

.debug_line     0x00000000     0xdaa1
 .debug_line    0x00000000      0x50c CMakeFiles/pico-UUBUS.dir/src/pico_servo.c.obj
 .debug_line    0x0000050c      0x282 CMakeFiles/pico-UUBUS.dir/main.c.obj
 .debug_line    0x0000078e      0xbd8 CMakeFiles/pico-UUBUS.dir/home/pi/pico/pico-sdk/src/rp2_common/hardware_gpio/gpio.c.obj
 .debug_line    0x00001366      0x1d5 CMakeFiles/pico-UUBUS.dir/home/pi/pico/pico-sdk/src/rp2_common/pico_platform/platform.c.obj
 .debug_line    0x0000153b      0x3ae CMakeFiles/pico-UUBUS.dir/home/pi/pico/pico-sdk/src/rp2_common/hardware_claim/claim.c.obj
 .debug_line    0x000018e9      0x39d CMakeFiles/pico-UUBUS.dir/home/pi/pico/pico-sdk/src/rp2_common/hardware_sync/sync.c.obj
 .debug_line    0x00001c86      0xf8d CMakeFiles/pico-UUBUS.dir/home/pi/pico/pico-sdk/src/rp2_common/hardware_irq/irq.c.obj
 .debug_line    0x00002c13       0x80 CMakeFiles/pico-UUBUS.dir/home/pi/pico/pico-sdk/src/rp2_common/hardware_irq/irq_handler_chain.S.obj
 .debug_line    0x00002c93      0x1db CMakeFiles/pico-UUBUS.dir/home/pi/pico/pico-sdk/src/common/pico_sync/lock_core.c.obj
 .debug_line    0x00002e6e      0xfdd CMakeFiles/pico-UUBUS.dir/home/pi/pico/pico-sdk/src/common/pico_sync/mutex.c.obj
 .debug_line    0x00003e4b     0x1af7 CMakeFiles/pico-UUBUS.dir/home/pi/pico/pico-sdk/src/common/pico_time/time.c.obj