Archive member included to satisfy reference by file (symbol)

/usr/lib/gcc/arm-none-eabi/8.3.1/thumb/v6-m/nofp/libgcc.a(_dvmd_tls.o)
                              CMakeFiles/pico-UUBUS.dir/home/pi/pico/pico-sdk/src/rp2_common/pico_divider/divider.S.obj (__aeabi_idiv0)
/usr/lib/gcc/arm-none-eabi/8.3.1/../../../arm-none-eabi/lib/thumb/v6-m/nofp/libg.a(lib_a-atexit.o)
                              /usr/lib/gcc/arm-none-eabi/8.3.1/../../../arm-none-eabi/lib/thumb/v6-m/nofp/crt0.o (atexit)
/usr/lib/gcc/arm-none-eabi/8.3.1/../../../arm-none-eabi/lib/thumb/v6-m/nofp/libg.a(lib_a-calloc.o)
                              CMakeFiles/pico-UUBUS.dir/home/pi/pico/pico-sdk/src/rp2_common/pico_malloc/pico_malloc.c.obj (calloc)
/usr/lib/gcc/arm-none-eabi/8.3.1/../../../arm-none-eabi/lib/thumb/v6-m/nofp/libg.a(lib_a-callocr.o)
                              /usr/lib/gcc/arm-none-eabi/8.3.1/../../../arm-none-eabi/lib/thumb/v6-m/nofp/libg.a(lib_a-calloc.o) (_calloc_r)
/usr/lib/gcc/arm-none-eabi/8.3.1/../../../arm-none-eabi/lib/thumb/v6-m/nofp/libg.a(lib_a-fini.o)
                              /usr/lib/gcc/arm-none-eabi/8.3.1/../../../arm-none-eabi/lib/thumb/v6-m/nofp/crt0.o (__libc_fini_array)
/usr/lib/gcc/arm-none-eabi/8.3.1/../../../arm-none-eabi/lib/thumb/v6-m/nofp/libg.a(lib_a-impure.o)
                              /usr/lib/gcc/arm-none-eabi/8.3.1/../../../arm-none-eabi/lib/thumb/v6-m/nofp/libg.a(lib_a-calloc.o) (_impure_ptr)
/usr/lib/gcc/arm-none-eabi/8.3.1/../../../arm-none-eabi/lib/thumb/v6-m/nofp/libg.a(lib_a-init.o)
                              /usr/lib/gcc/arm-none-eabi/8.3.1/../../../arm-none-eabi/lib/thumb/v6-m/nofp/crt0.o (__libc_init_array)
/usr/lib/gcc/arm-none-eabi/8.3.1/../../../arm-none-eabi/lib/thumb/v6-m/nofp/libg.a(lib_a-malloc.o)
                              CMakeFiles/pico-UUBUS.dir/home/pi/pico/pico-sdk/src/rp2_common/pico_malloc/pico_malloc.c.obj (malloc)
/usr/lib/gcc/arm-none-eabi/8.3.1/../../../arm-none-eabi/lib/thumb/v6-m/nofp/libg.a(lib_a-mallocr.o)
                              /usr/lib/gcc/arm-none-eabi/8.3.1/../../../arm-none-eabi/lib/thumb/v6-m/nofp/libg.a(lib_a-callocr.o) (_malloc_r)
/usr/lib/gcc/arm-none-eabi/8.3.1/../../../arm-none-eabi/lib/thumb/v6-m/nofp/libg.a(lib_a-mlock.o)
                              /usr/lib/gcc/arm-none-eabi/8.3.1/../../../arm-none-eabi/lib/thumb/v6-m/nofp/libg.a(lib_a-mallocr.o) (__malloc_lock)
/usr/lib/gcc/arm-none-eabi/8.3.1/../../../arm-none-eabi/lib/thumb/v6-m/nofp/libg.a(lib_a-realloc.o)
                              CMakeFiles/pico-UUBUS.dir/home/pi/pico/pico-sdk/src/rp2_common/pico_malloc/pico_malloc.c.obj (realloc)
/usr/lib/gcc/arm-none-eabi/8.3.1/../../../arm-none-eabi/lib/thumb/v6-m/nofp/libg.a(lib_a-reallocr.o)
                              /usr/lib/gcc/arm-none-eabi/8.3.1/../../../arm-none-eabi/lib/thumb/v6-m/nofp/libg.a(lib_a-realloc.o) (_realloc_r)
/usr/lib/gcc/arm-none-eabi/8.3.1/../../../arm-none-eabi/lib/thumb/v6-m/nofp/libg.a(lib_a-sbrkr.o)
                              /usr/lib/gcc/arm-none-eabi/8.3.1/../../../arm-none-eabi/lib/thumb/v6-m/nofp/libg.a(lib_a-mallocr.o) (_sbrk_r)
/usr/lib/gcc/arm-none-eabi/8.3.1/../../../arm-none-eabi/lib/thumb/v6-m/nofp/libg.a(lib_a-strlen-stub.o)
                              CMakeFiles/pico-UUBUS.dir/home/pi/pico/pico-sdk/src/rp2_common/pico_stdio/stdio.c.obj (strlen)
/usr/lib/gcc/arm-none-eabi/8.3.1/../../../arm-none-eabi/lib/thumb/v6-m/nofp/libg.a(lib_a-__atexit.o)
                              /usr/lib/gcc/arm-none-eabi/8.3.1/../../../arm-none-eabi/lib/thumb/v6-m/nofp/libg.a(lib_a-atexit.o) (__register_exitproc)
/usr/lib/gcc/arm-none-eabi/8.3.1/../../../arm-none-eabi/lib/thumb/v6-m/nofp/libg.a(lib_a-freer.o)
                              /usr/lib/gcc/arm-none-eabi/8.3.1/../../../arm-none-eabi/lib/thumb/v6-m/nofp/libg.a(lib_a-malloc.o) (_free_r)
/usr/lib/gcc/arm-none-eabi/8.3.1/../../../arm-none-eabi/lib/thumb/v6-m/nofp/libg.a(lib_a-memmove.o)
                              /usr/lib/gcc/arm-none-eabi/8.3.1/../../../arm-none-eabi/lib/thumb/v6-m/nofp/libg.a(lib_a-reallocr.o) (memmove)
/usr/lib/gcc/arm-none-eabi/8.3.1/../../../arm-none-eabi/lib/thumb/v6-m/nofp/libg.a(lib_a-reent.o)
                              /usr/lib/gcc/arm-none-eabi/8.3.1/../../../arm-none-eabi/lib/thumb/v6-m/nofp/libg.a(lib_a-sbrkr.o) (errno)

Allocating common symbols
Common symbol       size              file

sf_table            0x100             CMakeFiles/pico-UUBUS.dir/home/pi/pico/pico-sdk/src/rp2_common/pico_float/float_init_rom.c.obj
errno               0x4               /usr/lib/gcc/arm-none-eabi/8.3.1/../../../arm-none-eabi/lib/thumb/v6-m/nofp/libg.a(lib_a-reent.o)
sd_table            0x100             CMakeFiles/pico-UUBUS.dir/home/pi/pico/pico-sdk/src/rp2_common/pico_double/double_init_rom.c.obj
uart_char_to_line_feed
                    0x4               CMakeFiles/pico-UUBUS.dir/home/pi/pico/pico-sdk/src/rp2_common/hardware_uart/uart.c.obj

Discarded input sections

[...]
Memory Configuration

Name             Origin             Length             Attributes
FLASH            0x10000000         0x00200000         xr
RAM              0x20000000         0x00040000         xrw
SCRATCH_X        0x20040000         0x00001000         xrw
SCRATCH_Y        0x20041000         0x00001000         xrw
*default*        0x00000000         0xffffffff

Linker script and memory map

LOAD /usr/lib/gcc/arm-none-eabi/8.3.1/thumb/v6-m/nofp/crti.o
LOAD /usr/lib/gcc/arm-none-eabi/8.3.1/thumb/v6-m/nofp/crtbegin.o
LOAD /usr/lib/gcc/arm-none-eabi/8.3.1/../../../arm-none-eabi/lib/thumb/v6-m/nofp/crt0.o

.flash_begin    0x10000000        0x0
                0x10000000                __flash_binary_start = .

.boot2          0x10000000      0x100
                0x10000000                __boot2_start__ = .
 *(.boot2)
 .boot2         0x10000000      0x100 /tmp/ccOer0Yt.o
                0x10000100                __boot2_end__ = .
                0x00000001                ASSERT (((__boot2_end__ - __boot2_start__) == 0x100), ERROR: Pico second stage bootloader must be 256 bytes in size)

.text           0x10000100     0x4430
                0x10000100                __logical_binary_start = .
 *(.vectors)
 .vectors       0x10000100       0xd4 CMakeFiles/pico-UUBUS.dir/home/pi/pico/pico-sdk/src/rp2_common/pico_standard_link/crt0.S.obj
                0x10000100                __vectors
                0x10000100                __VECTOR_TABLE
                0x100001c0                isr_invalid
                0x100001c0                __default_isrs_start
                0x100001c2                isr_nmi
                0x100001c4                isr_hardfault
                0x100001c6                isr_svcall
                0x100001c8                isr_pendsv
                0x100001ca                isr_systick
                0x100001cc                isr_irq30
                0x100001cc                __unhandled_user_irq
                0x100001cc                isr_irq13
                0x100001cc                isr_irq27
                0x100001cc                isr_irq31
                0x100001cc                isr_irq5
                0x100001cc                isr_irq11
                0x100001cc                isr_irq23
                0x100001cc                isr_irq18
                0x100001cc                isr_irq28
                0x100001cc                isr_irq19
                0x100001cc                isr_irq0
                0x100001cc                isr_irq6
                0x100001cc                isr_irq22
                0x100001cc                isr_irq17
                0x100001cc                isr_irq14
                0x100001cc                isr_irq2
                0x100001cc                isr_irq10
                0x100001cc                isr_irq8
                0x100001cc                isr_irq24
                0x100001cc                isr_irq1
                0x100001cc                isr_irq7
                0x100001cc                isr_irq21
                0x100001cc                isr_irq20
                0x100001cc                isr_irq15
                0x100001cc                isr_irq25
                0x100001cc                isr_irq4
                0x100001cc                isr_irq16
                0x100001cc                isr_irq29
                0x100001cc                isr_irq26
                0x100001cc                __default_isrs_end
                0x100001cc                isr_irq3
                0x100001cc                isr_irq12
                0x100001cc                isr_irq9
                0x100001d2                unhandled_user_irq_num_in_r0
 *(.binary_info_header)
 .binary_info_header
                0x100001d4       0x14 CMakeFiles/pico-UUBUS.dir/home/pi/pico/pico-sdk/src/rp2_common/pico_standard_link/crt0.S.obj
                0x100001e8                __binary_info_header_end = .
 *(.reset)
 .reset         0x100001e8       0xa0 CMakeFiles/pico-UUBUS.dir/home/pi/pico/pico-sdk/src/rp2_common/pico_standard_link/crt0.S.obj
                0x100001e8                _entry_point
 .reset         0x10000288       0x30 CMakeFiles/pico-UUBUS.dir/home/pi/pico/pico-sdk/src/rp2_common/pico_standard_link/binary_info.c.obj
 *(.init)
 .init          0x100002b8        0x4 /usr/lib/gcc/arm-none-eabi/8.3.1/thumb/v6-m/nofp/crti.o
                0x100002b8                _init
 *(EXCLUDE_FILE(*libm.a: *libc.a:*lib_a-mem*.o *libgcc.a:) .text*)
 .text          0x100002bc       0x98 /usr/lib/gcc/arm-none-eabi/8.3.1/thumb/v6-m/nofp/crtbegin.o
 .text.servo_enable
                0x10000354       0xbc CMakeFiles/pico-UUBUS.dir/src/pico_servo.c.obj
                0x10000354                servo_enable
 .text.servo_set_position
                0x10000410       0x98 CMakeFiles/pico-UUBUS.dir/src/pico_servo.c.obj
                0x10000410                servo_set_position
 .text.main     0x100004a8      0x16c CMakeFiles/pico-UUBUS.dir/main.c.obj
                0x100004a8                main
 .text.gpio_set_function
                0x10000614       0x30 CMakeFiles/pico-UUBUS.dir/home/pi/pico/pico-sdk/src/rp2_common/hardware_gpio/gpio.c.obj
                0x10000614                gpio_set_function
 .text.gpio_init
                0x10000644       0x16 CMakeFiles/pico-UUBUS.dir/home/pi/pico/pico-sdk/src/rp2_common/hardware_gpio/gpio.c.obj
                0x10000644                gpio_init
 *fill*         0x1000065a        0x2 
 .text.running_on_fpga
                0x1000065c       0x14 CMakeFiles/pico-UUBUS.dir/home/pi/pico/pico-sdk/src/rp2_common/pico_platform/platform.c.obj
                0x1000065c                running_on_fpga
 .text.hw_claim_lock
                0x10000670       0x18 CMakeFiles/pico-UUBUS.dir/home/pi/pico/pico-sdk/src/rp2_common/hardware_claim/claim.c.obj
                0x10000670                hw_claim_lock
 .text.hw_claim_unlock
                0x10000688       0x14 CMakeFiles/pico-UUBUS.dir/home/pi/pico/pico-sdk/src/rp2_common/hardware_claim/claim.c.obj
                0x10000688                hw_claim_unlock
 .text.hw_claim_or_assert
                0x1000069c       0x32 CMakeFiles/pico-UUBUS.dir/home/pi/pico/pico-sdk/src/rp2_common/hardware_claim/claim.c.obj
                0x1000069c                hw_claim_or_assert
 *fill*         0x100006ce        0x2 
 .text.spin_locks_reset
                0x100006d0       0x20 CMakeFiles/pico-UUBUS.dir/home/pi/pico/pico-sdk/src/rp2_common/hardware_sync/sync.c.obj
                0x100006d0                spin_locks_reset
 .text.next_striped_spin_lock_num
                0x100006f0       0x1c CMakeFiles/pico-UUBUS.dir/home/pi/pico/pico-sdk/src/rp2_common/hardware_sync/sync.c.obj
                0x100006f0                next_striped_spin_lock_num
 .text.set_raw_irq_handler_and_unlock
                0x1000070c       0x28 CMakeFiles/pico-UUBUS.dir/home/pi/pico/pico-sdk/src/rp2_common/hardware_irq/irq.c.obj
 .text.make_branch
                0x10000734       0x48 CMakeFiles/pico-UUBUS.dir/home/pi/pico/pico-sdk/src/rp2_common/hardware_irq/irq.c.obj
 .text.insert_branch_and_link
                0x1000077c       0x40 CMakeFiles/pico-UUBUS.dir/home/pi/pico/pico-sdk/src/rp2_common/hardware_irq/irq.c.obj
 .text.irq_is_enabled
                0x100007bc       0x18 CMakeFiles/pico-UUBUS.dir/home/pi/pico/pico-sdk/src/rp2_common/hardware_irq/irq.c.obj
                0x100007bc                irq_is_enabled
 .text.irq_set_mask_enabled
                0x100007d4       0x20 CMakeFiles/pico-UUBUS.dir/home/pi/pico/pico-sdk/src/rp2_common/hardware_irq/irq.c.obj
                0x100007d4                irq_set_mask_enabled
 .text.irq_set_enabled
                0x100007f4        0xe CMakeFiles/pico-UUBUS.dir/home/pi/pico/pico-sdk/src/rp2_common/hardware_irq/irq.c.obj
                0x100007f4                irq_set_enabled
 *fill*         0x10000802        0x2 
 .text.irq_get_vtable_handler
                0x10000804       0x10 CMakeFiles/pico-UUBUS.dir/home/pi/pico/pico-sdk/src/rp2_common/hardware_irq/irq.c.obj
                0x10000804                irq_get_vtable_handler
 .text.irq_set_exclusive_handler
                0x10000814       0x54 CMakeFiles/pico-UUBUS.dir/home/pi/pico/pico-sdk/src/rp2_common/hardware_irq/irq.c.obj
                0x10000814                irq_set_exclusive_handler
 .text.irq_remove_handler
                0x10000868      0x1a4 CMakeFiles/pico-UUBUS.dir/home/pi/pico/pico-sdk/src/rp2_common/hardware_irq/irq.c.obj
                0x10000868                irq_remove_handler
 .text.irq_add_tail_to_free_list
                0x10000a0c       0xf0 CMakeFiles/pico-UUBUS.dir/home/pi/pico/pico-sdk/src/rp2_common/hardware_irq/irq.c.obj
                0x10000a0c                irq_add_tail_to_free_list
 .text.irq_init_priorities
                0x10000afc       0x1c CMakeFiles/pico-UUBUS.dir/home/pi/pico/pico-sdk/src/rp2_common/hardware_irq/irq.c.obj
                0x10000afc                irq_init_priorities
 .text.lock_init
                0x10000b18       0x10 CMakeFiles/pico-UUBUS.dir/home/pi/pico/pico-sdk/src/common/pico_sync/lock_core.c.obj
                0x10000b18                lock_init
 .text.mutex_init
                0x10000b28       0x1a CMakeFiles/pico-UUBUS.dir/home/pi/pico/pico-sdk/src/common/pico_sync/mutex.c.obj
                0x10000b28                mutex_init
 .text.recursive_mutex_init
                0x10000b42       0x1e CMakeFiles/pico-UUBUS.dir/home/pi/pico/pico-sdk/src/common/pico_sync/mutex.c.obj
                0x10000b42                recursive_mutex_init
 .text.sleep_until_callback
                0x10000b60       0x30 CMakeFiles/pico-UUBUS.dir/home/pi/pico/pico-sdk/src/common/pico_time/time.c.obj
 .text.alarm_pool_post_alloc_init
                0x10000b90       0x40 CMakeFiles/pico-UUBUS.dir/home/pi/pico/pico-sdk/src/common/pico_time/time.c.obj
 .text.timer_pool_entry_comparator
                0x10000bd0       0x7c CMakeFiles/pico-UUBUS.dir/home/pi/pico/pico-sdk/src/common/pico_time/time.c.obj
                0x10000bd0                timer_pool_entry_comparator
 .text.ph_add_child_node
                0x10000c4c       0xa4 CMakeFiles/pico-UUBUS.dir/home/pi/pico/pico-sdk/src/common/pico_time/time.c.obj
 .text.ph_merge_nodes
                0x10000cf0       0x3e CMakeFiles/pico-UUBUS.dir/home/pi/pico/pico-sdk/src/common/pico_time/time.c.obj
 *fill*         0x10000d2e        0x2 
 .text.add_alarm_under_lock
                0x10000d30      0x180 CMakeFiles/pico-UUBUS.dir/home/pi/pico/pico-sdk/src/common/pico_time/time.c.obj
 .text.alarm_pool_alarm_callback
                0x10000eb0      0x33c CMakeFiles/pico-UUBUS.dir/home/pi/pico/pico-sdk/src/common/pico_time/time.c.obj
 .text.alarm_pool_init_default
                0x100011ec       0x40 CMakeFiles/pico-UUBUS.dir/home/pi/pico/pico-sdk/src/common/pico_time/time.c.obj
                0x100011ec                alarm_pool_init_default
 .text.alarm_pool_get_default
                0x1000122c       0x2c CMakeFiles/pico-UUBUS.dir/home/pi/pico/pico-sdk/src/common/pico_time/time.c.obj
                0x1000122c                alarm_pool_get_default
 .text.alarm_pool_add_alarm_at
                0x10001258      0x14c CMakeFiles/pico-UUBUS.dir/home/pi/pico/pico-sdk/src/common/pico_time/time.c.obj
                0x10001258                alarm_pool_add_alarm_at
 .text.alarm_pool_cancel_alarm
                0x100013a4       0xf4 CMakeFiles/pico-UUBUS.dir/home/pi/pico/pico-sdk/src/common/pico_time/time.c.obj
                0x100013a4                alarm_pool_cancel_alarm
 .text.sleep_until
                0x10001498       0xf8 CMakeFiles/pico-UUBUS.dir/home/pi/pico/pico-sdk/src/common/pico_time/time.c.obj
                0x10001498                sleep_until
 .text.sleep_us
                0x10001590       0x50 CMakeFiles/pico-UUBUS.dir/home/pi/pico/pico-sdk/src/common/pico_time/time.c.obj
                0x10001590                sleep_us
 .text.sleep_ms
                0x100015e0       0x14 CMakeFiles/pico-UUBUS.dir/home/pi/pico/pico-sdk/src/common/pico_time/time.c.obj
                0x100015e0                sleep_ms
 .text.best_effort_wfe_or_timeout
                0x100015f4       0xac CMakeFiles/pico-UUBUS.dir/home/pi/pico/pico-sdk/src/common/pico_time/time.c.obj
                0x100015f4                best_effort_wfe_or_timeout
 .text.hardware_alarm_irq_handler
                0x100016a0       0x90 CMakeFiles/pico-UUBUS.dir/home/pi/pico/pico-sdk/src/rp2_common/hardware_timer/timer.c.obj
 .text.hardware_alarm_claim
                0x10001730       0x18 CMakeFiles/pico-UUBUS.dir/home/pi/pico/pico-sdk/src/rp2_common/hardware_timer/timer.c.obj
                0x10001730                hardware_alarm_claim
 .text.time_us_64
                0x10001748       0x18 CMakeFiles/pico-UUBUS.dir/home/pi/pico/pico-sdk/src/rp2_common/hardware_timer/timer.c.obj
                0x10001748                time_us_64
 .text.busy_wait_until
                0x10001760       0x24 CMakeFiles/pico-UUBUS.dir/home/pi/pico/pico-sdk/src/rp2_common/hardware_timer/timer.c.obj
                0x10001760                busy_wait_until
 .text.hardware_alarm_set_callback
                0x10001784       0x90 CMakeFiles/pico-UUBUS.dir/home/pi/pico/pico-sdk/src/rp2_common/hardware_timer/timer.c.obj
                0x10001784                hardware_alarm_set_callback
 .text.hardware_alarm_set_target
                0x10001814       0xe8 CMakeFiles/pico-UUBUS.dir/home/pi/pico/pico-sdk/src/rp2_common/hardware_timer/timer.c.obj
                0x10001814                hardware_alarm_set_target
 .text.hardware_alarm_cancel
                0x100018fc       0x40 CMakeFiles/pico-UUBUS.dir/home/pi/pico/pico-sdk/src/rp2_common/hardware_timer/timer.c.obj
                0x100018fc                hardware_alarm_cancel
 .text.ph_add_child_node
                0x1000193c       0xa4 CMakeFiles/pico-UUBUS.dir/home/pi/pico/pico-sdk/src/common/pico_util/pheap.c.obj
 .text.ph_merge_nodes
                0x100019e0       0x3e CMakeFiles/pico-UUBUS.dir/home/pi/pico/pico-sdk/src/common/pico_util/pheap.c.obj
 *fill*         0x10001a1e        0x2 
 .text.ph_clear
                0x10001a20       0x70 CMakeFiles/pico-UUBUS.dir/home/pi/pico/pico-sdk/src/common/pico_util/pheap.c.obj
                0x10001a20                ph_clear
 .text.ph_post_alloc_init
                0x10001a90        0xe CMakeFiles/pico-UUBUS.dir/home/pi/pico/pico-sdk/src/common/pico_util/pheap.c.obj
                0x10001a90                ph_post_alloc_init
 *fill*         0x10001a9e        0x2 
 .text.ph_merge_two_pass
                0x10001aa0       0xac CMakeFiles/pico-UUBUS.dir/home/pi/pico/pico-sdk/src/common/pico_util/pheap.c.obj
                0x10001aa0                ph_merge_two_pass
 .text.ph_remove_any_head
                0x10001b4c      0x128 CMakeFiles/pico-UUBUS.dir/home/pi/pico/pico-sdk/src/common/pico_util/pheap.c.obj
 .text.ph_remove_head
                0x10001c74       0x14 CMakeFiles/pico-UUBUS.dir/home/pi/pico/pico-sdk/src/common/pico_util/pheap.c.obj
                0x10001c74                ph_remove_head
 .text.ph_remove_and_free_node
                0x10001c88       0xf8 CMakeFiles/pico-UUBUS.dir/home/pi/pico/pico-sdk/src/common/pico_util/pheap.c.obj
                0x10001c88                ph_remove_and_free_node
 .text.clock_configure
                0x10001d80      0x100 CMakeFiles/pico-UUBUS.dir/home/pi/pico/pico-sdk/src/rp2_common/hardware_clocks/clocks.c.obj
                0x10001d80                clock_configure
 .text.clocks_init
                0x10001e80      0x100 CMakeFiles/pico-UUBUS.dir/home/pi/pico/pico-sdk/src/rp2_common/hardware_clocks/clocks.c.obj
                0x10001e80                clocks_init
 .text.clock_get_hz
                0x10001f80        0xc CMakeFiles/pico-UUBUS.dir/home/pi/pico/pico-sdk/src/rp2_common/hardware_clocks/clocks.c.obj
                0x10001f80                clock_get_hz
 .text.pll_init
                0x10001f8c      0x120 CMakeFiles/pico-UUBUS.dir/home/pi/pico/pico-sdk/src/rp2_common/hardware_pll/pll.c.obj
                0x10001f8c                pll_init
 .text.watchdog_start_tick
                0x100020ac       0x10 CMakeFiles/pico-UUBUS.dir/home/pi/pico/pico-sdk/src/rp2_common/hardware_watchdog/watchdog.c.obj
                0x100020ac                watchdog_start_tick
 .text.xosc_init
                0x100020bc       0x28 CMakeFiles/pico-UUBUS.dir/home/pi/pico/pico-sdk/src/rp2_common/hardware_xosc/xosc.c.obj
                0x100020bc                xosc_init
 .text._exit    0x100020e4        0x4 CMakeFiles/pico-UUBUS.dir/home/pi/pico/pico-sdk/src/rp2_common/pico_runtime/runtime.c.obj
                0x100020e4                _exit
 .text.exit     0x100020e8        0x6 CMakeFiles/pico-UUBUS.dir/home/pi/pico/pico-sdk/src/rp2_common/pico_runtime/runtime.c.obj
                0x100020e8                exit
 *fill*         0x100020ee        0x2 
 .text.__assert_func
                0x100020f0       0x3c CMakeFiles/pico-UUBUS.dir/home/pi/pico/pico-sdk/src/rp2_common/pico_runtime/runtime.c.obj
                0x100020f0                __assert_func
 .text.runtime_init
                0x1000212c       0xf8 CMakeFiles/pico-UUBUS.dir/home/pi/pico/pico-sdk/src/rp2_common/pico_runtime/runtime.c.obj
                0x1000212c                runtime_init
 .text.panic    0x10002224       0x30 CMakeFiles/pico-UUBUS.dir/home/pi/pico/pico-sdk/src/rp2_common/pico_runtime/runtime.c.obj
                0x10002224                panic
 .text._out_null
                0x10002254        0x2 CMakeFiles/pico-UUBUS.dir/home/pi/pico/pico-sdk/src/rp2_common/pico_printf/printf.c.obj
 .text._out_fct
                0x10002256        0xe CMakeFiles/pico-UUBUS.dir/home/pi/pico/pico-sdk/src/rp2_common/pico_printf/printf.c.obj
 .text._atoi    0x10002264       0x28 CMakeFiles/pico-UUBUS.dir/home/pi/pico/pico-sdk/src/rp2_common/pico_printf/printf.c.obj
 .text._out_rev
                0x1000228c       0x8c CMakeFiles/pico-UUBUS.dir/home/pi/pico/pico-sdk/src/rp2_common/pico_printf/printf.c.obj
 .text._ntoa_format
                0x10002318      0x10c CMakeFiles/pico-UUBUS.dir/home/pi/pico/pico-sdk/src/rp2_common/pico_printf/printf.c.obj
 .text._ntoa_long
                0x10002424       0xb0 CMakeFiles/pico-UUBUS.dir/home/pi/pico/pico-sdk/src/rp2_common/pico_printf/printf.c.obj
 .text._ntoa_long_long
                0x100024d4       0xe6 CMakeFiles/pico-UUBUS.dir/home/pi/pico/pico-sdk/src/rp2_common/pico_printf/printf.c.obj
 *fill*         0x100025ba        0x2 
 .text._etoa    0x100025bc      0x408 CMakeFiles/pico-UUBUS.dir/home/pi/pico/pico-sdk/src/rp2_common/pico_printf/printf.c.obj
 .text._ftoa    0x100029c4      0x344 CMakeFiles/pico-UUBUS.dir/home/pi/pico/pico-sdk/src/rp2_common/pico_printf/printf.c.obj
 .text._vsnprintf
                0x10002d08      0x61c CMakeFiles/pico-UUBUS.dir/home/pi/pico/pico-sdk/src/rp2_common/pico_printf/printf.c.obj
 .text.vfctprintf
                0x10003324       0x20 CMakeFiles/pico-UUBUS.dir/home/pi/pico/pico-sdk/src/rp2_common/pico_printf/printf.c.obj
                0x10003324                vfctprintf
 .text          0x10003344       0x10 CMakeFiles/pico-UUBUS.dir/home/pi/pico/pico-sdk/src/rp2_common/pico_bit_ops/bit_ops_aeabi.S.obj
 .text.rom_func_lookup
                0x10003354       0x10 CMakeFiles/pico-UUBUS.dir/home/pi/pico/pico-sdk/src/rp2_common/pico_bootrom/bootrom.c.obj
                0x10003354                rom_func_lookup
 .text.rom_data_lookup
                0x10003364       0x10 CMakeFiles/pico-UUBUS.dir/home/pi/pico/pico-sdk/src/rp2_common/pico_bootrom/bootrom.c.obj
                0x10003364                rom_data_lookup
 .text.rom_funcs_lookup
                0x10003374       0x36 CMakeFiles/pico-UUBUS.dir/home/pi/pico/pico-sdk/src/rp2_common/pico_bootrom/bootrom.c.obj
                0x10003374                rom_funcs_lookup
 *fill*         0x100033aa        0x2 
 .text.__wrap___aeabi_idiv
                0x100033ac       0x50 CMakeFiles/pico-UUBUS.dir/home/pi/pico/pico-sdk/src/rp2_common/pico_divider/divider.S.obj
                0x100033ac                __wrap___aeabi_idivmod
                0x100033ac                divmod_s32s32
                0x100033ac                div_s32s32
                0x100033ac                __wrap___aeabi_idiv
                0x100033b4                divmod_s32s32_unsafe
                0x100033e0                divmod_s32s32_savestate
 .text.__wrap___aeabi_uidiv
                0x100033fc       0x4c CMakeFiles/pico-UUBUS.dir/home/pi/pico/pico-sdk/src/rp2_common/pico_divider/divider.S.obj
                0x100033fc                __wrap___aeabi_uidiv
                0x100033fc                __wrap___aeabi_uidivmod
                0x100033fc                div_u32u32
                0x100033fc                divmod_u32u32
                0x10003404                divmod_u32u32_unsafe
                0x1000342c                divmod_u32u32_savestate
 .text.__wrap___aeabi_ldiv
                0x10003448      0x424 CMakeFiles/pico-UUBUS.dir/home/pi/pico/pico-sdk/src/rp2_common/pico_divider/divider.S.obj
                0x10003448                div_s64s64
                0x10003448                divmod_s64s64
                0x10003448                __wrap___aeabi_ldivmod
                0x10003478                div_u64u64
                0x10003478                divmod_u64u64
                0x10003478                __wrap___aeabi_uldivmod
                0x10003488                divmod_u64u64_savestate
                0x100034a8                divmod_s64s64_unsafe
                0x10003530                divmod_u64u64_unsafe
 .text.__wrap___aeabi_darithmetic
                0x1000386c       0x80 CMakeFiles/pico-UUBUS.dir/home/pi/pico/pico-sdk/src/rp2_common/pico_double/double_aeabi.S.obj
                0x1000386c                __wrap___aeabi_drsub
                0x10003872                __wrap___aeabi_dsub
                0x10003884                __wrap___aeabi_dadd
                0x10003896                __wrap___aeabi_ddiv
                0x100038d2                __wrap___aeabi_dmul
 .text.__wrap___aeabi_cdcmple
                0x100038ec       0x6c CMakeFiles/pico-UUBUS.dir/home/pi/pico/pico-sdk/src/rp2_common/pico_double/double_aeabi.S.obj
                0x100038ec                __wrap___aeabi_cdrcmple
                0x100038fc                __wrap___aeabi_cdcmple
                0x100038fc                __wrap___aeabi_cdcmpeq
 .text.__wrap___aeabi_dcmplt
                0x10003958        0xc CMakeFiles/pico-UUBUS.dir/home/pi/pico/pico-sdk/src/rp2_common/pico_double/double_aeabi.S.obj
                0x10003958                __wrap___aeabi_dcmplt
 .text.__wrap___aeabi_dcmple
                0x10003964       0x10 CMakeFiles/pico-UUBUS.dir/home/pi/pico/pico-sdk/src/rp2_common/pico_double/double_aeabi.S.obj
                0x10003964                __wrap___aeabi_dcmple
 .text.__wrap___aeabi_dcmpge
                0x10003974       0x10 CMakeFiles/pico-UUBUS.dir/home/pi/pico/pico-sdk/src/rp2_common/pico_double/double_aeabi.S.obj
                0x10003974                __wrap___aeabi_dcmpge
 .text.__wrap___aeabi_dcmpgt
                0x10003984        0xa CMakeFiles/pico-UUBUS.dir/home/pi/pico/pico-sdk/src/rp2_common/pico_double/double_aeabi.S.obj
                0x10003984                __wrap___aeabi_dcmpgt
 .text.__wrap___aeabi_dcmpun
                0x1000398e       0x1c CMakeFiles/pico-UUBUS.dir/home/pi/pico/pico-sdk/src/rp2_common/pico_double/double_aeabi.S.obj
                0x1000398e                __wrap___aeabi_dcmpun
 *fill*         0x100039aa        0x2 
 .text.__wrap___aeabi_i2d
                0x100039ac       0x38 CMakeFiles/pico-UUBUS.dir/home/pi/pico/pico-sdk/src/rp2_common/pico_double/double_aeabi.S.obj
                0x100039ac                __wrap___aeabi_ui2d
                0x100039b4                __wrap___aeabi_i2d
 .text.__wrap___aeabi_d2iz
                0x100039e4       0x48 CMakeFiles/pico-UUBUS.dir/home/pi/pico/pico-sdk/src/rp2_common/pico_double/double_aeabi.S.obj
                0x100039e4                __wrap___aeabi_d2iz
                0x100039e4                double2int_z
 .text.__wrap___aeabi_d2uiz
                0x10003a2c       0x18 CMakeFiles/pico-UUBUS.dir/home/pi/pico/pico-sdk/src/rp2_common/pico_double/double_aeabi.S.obj
                0x10003a2c                double2uint
                0x10003a2c                __wrap___aeabi_d2uiz
 .text.__aeabi_double_init
                0x10003a44       0xc8 CMakeFiles/pico-UUBUS.dir/home/pi/pico/pico-sdk/src/rp2_common/pico_double/double_init_rom.c.obj
                0x10003a44                __aeabi_double_init
 .text.double_table_shim_on_use_helper
                0x10003b0c       0x34 CMakeFiles/pico-UUBUS.dir/home/pi/pico/pico-sdk/src/rp2_common/pico_double/double_v1_rom_shim.S.obj
                0x10003b0c                double_table_shim_on_use_helper
 .text.__wrap___aeabi_dsub
                0x10003b40       0x10 CMakeFiles/pico-UUBUS.dir/home/pi/pico/pico-sdk/src/rp2_common/pico_double/double_v1_rom_shim.S.obj
                0x10003b40                drsub_shim
                0x10003b46                dsub_shim
 .text.dadd_shim
                0x10003b50      0x15c CMakeFiles/pico-UUBUS.dir/home/pi/pico/pico-sdk/src/rp2_common/pico_double/double_v1_rom_shim.S.obj
                0x10003b50                dadd_shim
 .text.dmul_shim
                0x10003cac      0x15c CMakeFiles/pico-UUBUS.dir/home/pi/pico/pico-sdk/src/rp2_common/pico_double/double_v1_rom_shim.S.obj
                0x10003cac                dmul_shim
 .text.ddiv_shim
                0x10003e08      0x1b0 CMakeFiles/pico-UUBUS.dir/home/pi/pico/pico-sdk/src/rp2_common/pico_double/double_v1_rom_shim.S.obj
                0x10003e08                ddiv_shim
 .text.double2uint_shim
                0x10003fb8        0xe CMakeFiles/pico-UUBUS.dir/home/pi/pico/pico-sdk/src/rp2_common/pico_double/double_v1_rom_shim.S.obj
                0x10003fb8                double2uint_shim
                0x10003fba                double2ufix_shim
 *fill*         0x10003fc6        0x2 
 .text.double2uint64_shim
                0x10003fc8       0x70 CMakeFiles/pico-UUBUS.dir/home/pi/pico/pico-sdk/src/rp2_common/pico_double/double_v1_rom_shim.S.obj
                0x10003fc8                double2uint64_shim
                0x10003fca                double2ufix64_shim
                0x10003fea                d2fix_a
 .text.dunpacks
                0x10004038       0x3c CMakeFiles/pico-UUBUS.dir/home/pi/pico/pico-sdk/src/rp2_common/pico_double/double_v1_rom_shim.S.obj
                0x10004038                dunpacks
 .text.__aeabi_lmul
                0x10004074       0x32 CMakeFiles/pico-UUBUS.dir/home/pi/pico/pico-sdk/src/rp2_common/pico_int64_ops/pico_int64_ops_aeabi.S.obj
                0x10004074                __wrap___aeabi_lmul
 *fill*         0x100040a6        0x2 
 .text.__aeabi_float_init
                0x100040a8       0xfc CMakeFiles/pico-UUBUS.dir/home/pi/pico/pico-sdk/src/rp2_common/pico_float/float_init_rom.c.obj
                0x100040a8                __aeabi_float_init
 .text.float_table_shim_on_use_helper
                0x100041a4       0x34 CMakeFiles/pico-UUBUS.dir/home/pi/pico/pico-sdk/src/rp2_common/pico_float/float_v1_rom_shim.S.obj
                0x100041a4                float_table_shim_on_use_helper
 .text          0x100041d8       0x10 CMakeFiles/pico-UUBUS.dir/home/pi/pico/pico-sdk/src/rp2_common/pico_mem_ops/mem_ops_aeabi.S.obj
                0x100041d8                __aeabi_mem_init
 .text.memcpy   0x100041e8        0xc CMakeFiles/pico-UUBUS.dir/home/pi/pico/pico-sdk/src/rp2_common/pico_mem_ops/mem_ops_aeabi.S.obj
                0x100041e8                __wrap___aeabi_memcpy
                0x100041e8                __wrap_memcpy
 .text.stdio_out_chars_no_crlf
                0x100041f4        0xe CMakeFiles/pico-UUBUS.dir/home/pi/pico/pico-sdk/src/rp2_common/pico_stdio/stdio.c.obj
 *fill*         0x10004202        0x2 
 .text.stdio_out_chars_crlf
                0x10004204       0x80 CMakeFiles/pico-UUBUS.dir/home/pi/pico/pico-sdk/src/rp2_common/pico_stdio/stdio.c.obj
 .text.stdio_stack_buffer_flush
                0x10004284       0x44 CMakeFiles/pico-UUBUS.dir/home/pi/pico/pico-sdk/src/rp2_common/pico_stdio/stdio.c.obj
 .text.stdio_buffered_printer
                0x100042c8       0x20 CMakeFiles/pico-UUBUS.dir/home/pi/pico/pico-sdk/src/rp2_common/pico_stdio/stdio.c.obj
 .text.stdout_serialize_begin
                0x100042e8       0x5c CMakeFiles/pico-UUBUS.dir/home/pi/pico/pico-sdk/src/rp2_common/pico_stdio/stdio.c.obj
                0x100042e8                stdout_serialize_begin
 .text.stdout_serialize_end
                0x10004344       0x10 CMakeFiles/pico-UUBUS.dir/home/pi/pico/pico-sdk/src/rp2_common/pico_stdio/stdio.c.obj
                0x10004344                stdout_serialize_end
 .text.stdio_put_string
                0x10004354       0x94 CMakeFiles/pico-UUBUS.dir/home/pi/pico/pico-sdk/src/rp2_common/pico_stdio/stdio.c.obj
 .text.stdio_flush
                0x100043e8       0x20 CMakeFiles/pico-UUBUS.dir/home/pi/pico/pico-sdk/src/rp2_common/pico_stdio/stdio.c.obj
                0x100043e8                stdio_flush
 .text.__wrap_puts
                0x10004408       0x1e CMakeFiles/pico-UUBUS.dir/home/pi/pico/pico-sdk/src/rp2_common/pico_stdio/stdio.c.obj
                0x10004408                __wrap_puts
 *fill*         0x10004426        0x2 
 .text.__wrap_vprintf
                0x10004428       0x40 CMakeFiles/pico-UUBUS.dir/home/pi/pico/pico-sdk/src/rp2_common/pico_stdio/stdio.c.obj
                0x10004428                __wrap_vprintf
 .text.__wrap_printf
                0x10004468       0x18 CMakeFiles/pico-UUBUS.dir/home/pi/pico/pico-sdk/src/rp2_common/pico_stdio/stdio.c.obj
                0x10004468                __wrap_printf
 .text          0x10004480       0x68 /usr/lib/gcc/arm-none-eabi/8.3.1/../../../arm-none-eabi/lib/thumb/v6-m/nofp/libg.a(lib_a-strlen-stub.o)
                0x10004480                strlen
 *(.fini)
 .fini          0x100044e8        0x4 /usr/lib/gcc/arm-none-eabi/8.3.1/thumb/v6-m/nofp/crti.o
                0x100044e8                _fini
 *fill*         0x100044ec        0x4 
 .fini.__stub   0x100044f0       0x40 linker stubs
 *crtbegin.o(.ctors)
 *crtbegin?.o(.ctors)
 *(EXCLUDE_FILE(*crtend.o *crtend?.o) .ctors)
 *(SORT_BY_NAME(.ctors.*))
 *(.ctors)
 *crtbegin.o(.dtors)
 *crtbegin?.o(.dtors)
 *(EXCLUDE_FILE(*crtend.o *crtend?.o) .dtors)
 *(SORT_BY_NAME(.dtors.*))
 *(.dtors)
 *(.eh_frame*)
 .eh_frame      0x10004530        0x0 /usr/lib/gcc/arm-none-eabi/8.3.1/thumb/v6-m/nofp/crtbegin.o
                0x10004530                . = ALIGN (0x4)

.glue_7         0x10004530        0x0
 .glue_7        0x10004530        0x0 linker stubs

.glue_7t        0x10004530        0x0
 .glue_7t       0x10004530        0x0 linker stubs

.vfp11_veneer   0x10004530        0x0
 .vfp11_veneer  0x10004530        0x0 linker stubs

.v4_bx          0x10004530        0x0
 .v4_bx         0x10004530        0x0 linker stubs

.iplt           0x10004530        0x0
 .iplt          0x10004530        0x0 /usr/lib/gcc/arm-none-eabi/8.3.1/thumb/v6-m/nofp/crtbegin.o

.rodata         0x10004530      0xeb8
 *(EXCLUDE_FILE(*libm.a: *libc.a:*lib_a-mem*.o *libgcc.a:) .rodata*)
 .rodata.__func__.4859
                0x10004530       0x1a CMakeFiles/pico-UUBUS.dir/home/pi/pico/pico-sdk/src/rp2_common/hardware_irq/irq.c.obj
 *fill*         0x1000454a        0x2 
 .rodata.__func__.4873
                0x1000454c        0xc CMakeFiles/pico-UUBUS.dir/home/pi/pico/pico-sdk/src/rp2_common/hardware_irq/irq.c.obj
 .rodata.__func__.4881
                0x10004558       0x17 CMakeFiles/pico-UUBUS.dir/home/pi/pico/pico-sdk/src/rp2_common/hardware_irq/irq.c.obj
 *fill*         0x1000456f        0x1 
 .rodata.__func__.4885
                0x10004570        0xf CMakeFiles/pico-UUBUS.dir/home/pi/pico/pico-sdk/src/rp2_common/hardware_irq/irq.c.obj
 *fill*         0x1000457f        0x1 
 .rodata.__func__.4924
                0x10004580       0x13 CMakeFiles/pico-UUBUS.dir/home/pi/pico/pico-sdk/src/rp2_common/hardware_irq/irq.c.obj
 *fill*         0x10004593        0x1 
 .rodata.__func__.4946
                0x10004594       0x1a CMakeFiles/pico-UUBUS.dir/home/pi/pico/pico-sdk/src/rp2_common/hardware_irq/irq.c.obj
 *fill*         0x100045ae        0x2 
 .rodata.insert_branch_and_link.str1.4
                0x100045b0       0x10 CMakeFiles/pico-UUBUS.dir/home/pi/pico/pico-sdk/src/rp2_common/hardware_irq/irq.c.obj
 .rodata.irq_add_shared_handler.str1.4
                0x100045c0       0xd9 CMakeFiles/pico-UUBUS.dir/home/pi/pico/pico-sdk/src/rp2_common/hardware_irq/irq.c.obj
 *fill*         0x10004699        0x3 
 .rodata.irq_add_tail_to_free_list.str1.4
                0x1000469c       0x3a CMakeFiles/pico-UUBUS.dir/home/pi/pico/pico-sdk/src/rp2_common/hardware_irq/irq.c.obj
 *fill*         0x100046d6        0x2 
 .rodata.irq_remove_handler.str1.4
                0x100046d8       0x3a CMakeFiles/pico-UUBUS.dir/home/pi/pico/pico-sdk/src/rp2_common/hardware_irq/irq.c.obj
 *fill*         0x10004712        0x2 
 .rodata.irq_set_exclusive_handler.str1.4
                0x10004714       0x36 CMakeFiles/pico-UUBUS.dir/home/pi/pico/pico-sdk/src/rp2_common/hardware_irq/irq.c.obj
 *fill*         0x1000474a        0x2 
 .rodata.make_branch.str1.4
                0x1000474c       0x69 CMakeFiles/pico-UUBUS.dir/home/pi/pico/pico-sdk/src/rp2_common/hardware_irq/irq.c.obj
 *fill*         0x100047b5        0x3 
 .rodata.__func__.4774
                0x100047b8       0x18 CMakeFiles/pico-UUBUS.dir/home/pi/pico/pico-sdk/src/common/pico_sync/mutex.c.obj
 .rodata.__func__.4793
                0x100047d0        0xb CMakeFiles/pico-UUBUS.dir/home/pi/pico/pico-sdk/src/common/pico_sync/mutex.c.obj
 *fill*         0x100047db        0x1 
 .rodata.str1.4
                0x100047dc       0xe5 CMakeFiles/pico-UUBUS.dir/home/pi/pico/pico-sdk/src/common/pico_sync/mutex.c.obj
 *fill*         0x100048c1        0x3 
 .rodata.__func__.5751
                0x100048c4       0x15 CMakeFiles/pico-UUBUS.dir/home/pi/pico/pico-sdk/src/common/pico_time/time.c.obj
 *fill*         0x100048d9        0x3 
 .rodata.__func__.6095
                0x100048dc        0xc CMakeFiles/pico-UUBUS.dir/home/pi/pico/pico-sdk/src/common/pico_time/time.c.obj
 .rodata.__func__.6102
                0x100048e8       0x12 CMakeFiles/pico-UUBUS.dir/home/pi/pico/pico-sdk/src/common/pico_time/time.c.obj
 *fill*         0x100048fa        0x2 
 .rodata.__func__.6118
                0x100048fc        0xf CMakeFiles/pico-UUBUS.dir/home/pi/pico/pico-sdk/src/common/pico_time/time.c.obj
 *fill*         0x1000490b        0x1 
 .rodata.__func__.6140
                0x1000490c        0xd CMakeFiles/pico-UUBUS.dir/home/pi/pico/pico-sdk/src/common/pico_time/time.c.obj
 *fill*         0x10004919        0x3 
 .rodata.__func__.6369
                0x1000491c        0xa CMakeFiles/pico-UUBUS.dir/home/pi/pico/pico-sdk/src/common/pico_time/time.c.obj
 *fill*         0x10004926        0x2 
 .rodata.__func__.6374
                0x10004928       0x12 CMakeFiles/pico-UUBUS.dir/home/pi/pico/pico-sdk/src/common/pico_time/time.c.obj
 *fill*         0x1000493a        0x2 
 .rodata.__func__.6389
                0x1000493c       0x17 CMakeFiles/pico-UUBUS.dir/home/pi/pico/pico-sdk/src/common/pico_time/time.c.obj
 *fill*         0x10004953        0x1 
 .rodata.__func__.6400
                0x10004954       0x15 CMakeFiles/pico-UUBUS.dir/home/pi/pico/pico-sdk/src/common/pico_time/time.c.obj
 *fill*         0x10004969        0x3 
 .rodata.__func__.6417
                0x1000496c       0x1a CMakeFiles/pico-UUBUS.dir/home/pi/pico/pico-sdk/src/common/pico_time/time.c.obj
 *fill*         0x10004986        0x2 
 .rodata.__func__.6470
                0x10004988       0x18 CMakeFiles/pico-UUBUS.dir/home/pi/pico/pico-sdk/src/common/pico_time/time.c.obj
 .rodata.add_alarm_under_lock.str1.4
                0x100049a0       0x28 CMakeFiles/pico-UUBUS.dir/home/pi/pico/pico-sdk/src/common/pico_time/time.c.obj
                                 0x2b (size before relaxing)
 .rodata.alarm_pool_alarm_callback.str1.4
                0x100049c8       0x98 CMakeFiles/pico-UUBUS.dir/home/pi/pico/pico-sdk/src/common/pico_time/time.c.obj
                                 0xf8 (size before relaxing)
 .rodata.alarm_pool_cancel_alarm.str1.4
                0x10004a60       0x27 CMakeFiles/pico-UUBUS.dir/home/pi/pico/pico-sdk/src/common/pico_time/time.c.obj
 *fill*         0x10004a87        0x1 
 .rodata.alarm_pool_get_default.str1.4
                0x10004a88       0x21 CMakeFiles/pico-UUBUS.dir/home/pi/pico/pico-sdk/src/common/pico_time/time.c.obj
 *fill*         0x10004aa9        0x3 
 .rodata.ph_add_child_node.str1.4
                0x10004aac       0x92 CMakeFiles/pico-UUBUS.dir/home/pi/pico/pico-sdk/src/common/pico_time/time.c.obj
 *fill*         0x10004b3e        0x2 
 .rodata.repeating_timer_callback.str1.4
                0x10004b40       0x47 CMakeFiles/pico-UUBUS.dir/home/pi/pico/pico-sdk/src/common/pico_time/time.c.obj
 *fill*         0x10004b87        0x1 
 .rodata.sleep_until.str1.4
                0x10004b88       0x4d CMakeFiles/pico-UUBUS.dir/home/pi/pico/pico-sdk/src/common/pico_time/time.c.obj
 *fill*         0x10004bd5        0x3 
 .rodata.timer_pool_entry_comparator.str1.4
                0x10004bd8       0x22 CMakeFiles/pico-UUBUS.dir/home/pi/pico/pico-sdk/src/common/pico_time/time.c.obj
 *fill*         0x10004bfa        0x2 
 .rodata.__func__.4640
                0x10004bfc       0x1a CMakeFiles/pico-UUBUS.dir/home/pi/pico/pico-sdk/src/rp2_common/hardware_timer/timer.c.obj
 *fill*         0x10004c16        0x2 
 .rodata.hardware_alarm_claim.str1.4
                0x10004c18       0x22 CMakeFiles/pico-UUBUS.dir/home/pi/pico/pico-sdk/src/rp2_common/hardware_timer/timer.c.obj
 *fill*         0x10004c3a        0x2 
 .rodata.hardware_alarm_set_target.str1.4
                0x10004c3c       0x61 CMakeFiles/pico-UUBUS.dir/home/pi/pico/pico-sdk/src/rp2_common/hardware_timer/timer.c.obj
 *fill*         0x10004c9d        0x3 
 .rodata.__func__.5776
                0x10004ca0        0xc CMakeFiles/pico-UUBUS.dir/home/pi/pico/pico-sdk/src/common/pico_util/pheap.c.obj
 .rodata.__func__.5783
                0x10004cac       0x12 CMakeFiles/pico-UUBUS.dir/home/pi/pico/pico-sdk/src/common/pico_util/pheap.c.obj
 *fill*         0x10004cbe        0x2 
 .rodata.__func__.5869
                0x10004cc0       0x13 CMakeFiles/pico-UUBUS.dir/home/pi/pico/pico-sdk/src/common/pico_util/pheap.c.obj
 *fill*         0x10004cd3        0x1 
 .rodata.__func__.5887
                0x10004cd4       0x18 CMakeFiles/pico-UUBUS.dir/home/pi/pico/pico-sdk/src/common/pico_util/pheap.c.obj
 .rodata.ph_add_child_node.str1.4
                0x10004cec       0x92 CMakeFiles/pico-UUBUS.dir/home/pi/pico/pico-sdk/src/common/pico_util/pheap.c.obj
 .rodata.ph_remove_and_free_node.str1.4
                0x10004cec       0x1e CMakeFiles/pico-UUBUS.dir/home/pi/pico/pico-sdk/src/common/pico_util/pheap.c.obj
                                 0x26 (size before relaxing)
 *fill*         0x10004d0a        0x2 
 .rodata.ph_remove_any_head.str1.4
                0x10004d0c       0x88 CMakeFiles/pico-UUBUS.dir/home/pi/pico/pico-sdk/src/common/pico_util/pheap.c.obj
                                 0x9c (size before relaxing)
 .rodata.__func__.4826
                0x10004d94       0x10 CMakeFiles/pico-UUBUS.dir/home/pi/pico/pico-sdk/src/rp2_common/hardware_clocks/clocks.c.obj
 .rodata.clock_configure.str1.4
                0x10004da4       0x53 CMakeFiles/pico-UUBUS.dir/home/pi/pico/pico-sdk/src/rp2_common/hardware_clocks/clocks.c.obj
 *fill*         0x10004df7        0x1 
 .rodata.__func__.4483
                0x10004df8        0x9 CMakeFiles/pico-UUBUS.dir/home/pi/pico/pico-sdk/src/rp2_common/hardware_pll/pll.c.obj
 *fill*         0x10004e01        0x3 
 .rodata.pll_init.str1.4
                0x10004e04      0x120 CMakeFiles/pico-UUBUS.dir/home/pi/pico/pico-sdk/src/rp2_common/hardware_pll/pll.c.obj
 .rodata.__assert_func.str1.4
                0x10004f24       0x3f CMakeFiles/pico-UUBUS.dir/home/pi/pico/pico-sdk/src/rp2_common/pico_runtime/runtime.c.obj
                                 0x43 (size before relaxing)
 *fill*         0x10004f63        0x1 
 .rodata.__func__.6437
                0x10004f64        0xd CMakeFiles/pico-UUBUS.dir/home/pi/pico/pico-sdk/src/rp2_common/pico_runtime/runtime.c.obj
 *fill*         0x10004f71        0x3 
 .rodata.panic.str1.4
                0x10004f74       0x12 CMakeFiles/pico-UUBUS.dir/home/pi/pico/pico-sdk/src/rp2_common/pico_runtime/runtime.c.obj
 *fill*         0x10004f86        0x2 
 .rodata.runtime_init.str1.4
                0x10004f88       0x5d CMakeFiles/pico-UUBUS.dir/home/pi/pico/pico-sdk/src/rp2_common/pico_runtime/runtime.c.obj
 *fill*         0x10004fe5        0x3 
 .rodata._vsnprintf
                0x10004fe8      0x1e0 CMakeFiles/pico-UUBUS.dir/home/pi/pico/pico-sdk/src/rp2_common/pico_printf/printf.c.obj
 .rodata._ftoa.str1.4
                0x100051c8       0x15 CMakeFiles/pico-UUBUS.dir/home/pi/pico/pico-sdk/src/rp2_common/pico_printf/printf.c.obj
 *fill*         0x100051dd        0x3 
 .rodata.pow10.5481
                0x100051e0       0x50 CMakeFiles/pico-UUBUS.dir/home/pi/pico/pico-sdk/src/rp2_common/pico_printf/printf.c.obj
 .rodata.__aeabi_double_init.str1.4
                0x10005230       0x98 CMakeFiles/pico-UUBUS.dir/home/pi/pico/pico-sdk/src/rp2_common/pico_double/double_init_rom.c.obj
 .rodata.__func__.4787
                0x100052c8       0x14 CMakeFiles/pico-UUBUS.dir/home/pi/pico/pico-sdk/src/rp2_common/pico_double/double_init_rom.c.obj
 .rodata.__aeabi_float_init.str1.4
                0x100052dc       0x76 CMakeFiles/pico-UUBUS.dir/home/pi/pico/pico-sdk/src/rp2_common/pico_float/float_init_rom.c.obj
                                 0x7a (size before relaxing)
 *fill*         0x10005352        0x2 
 .rodata.__func__.4788
                0x10005354       0x13 CMakeFiles/pico-UUBUS.dir/home/pi/pico/pico-sdk/src/rp2_common/pico_float/float_init_rom.c.obj
 *fill*         0x10005367        0x1 
 .rodata.__bi_44
                0x10005368        0xc CMakeFiles/pico-UUBUS.dir/home/pi/pico/pico-sdk/src/rp2_common/pico_standard_link/binary_info.c.obj
 .rodata.__bi_75
                0x10005374        0xc CMakeFiles/pico-UUBUS.dir/home/pi/pico/pico-sdk/src/rp2_common/pico_standard_link/binary_info.c.obj
 .rodata.__bi_81
                0x10005380        0xc CMakeFiles/pico-UUBUS.dir/home/pi/pico/pico-sdk/src/rp2_common/pico_standard_link/binary_info.c.obj
 .rodata.str1.4
                0x1000538c       0x40 CMakeFiles/pico-UUBUS.dir/home/pi/pico/pico-sdk/src/rp2_common/pico_standard_link/binary_info.c.obj
 .rodata.__func__.5613
                0x100053cc       0x15 CMakeFiles/pico-UUBUS.dir/home/pi/pico/pico-sdk/src/rp2_common/pico_stdio/stdio.c.obj
 *fill*         0x100053e1        0x3 
 .rodata.crlf_str.6280
                0x100053e4        0x2 CMakeFiles/pico-UUBUS.dir/home/pi/pico/pico-sdk/src/rp2_common/pico_stdio/stdio.c.obj
 .rodata.stdout_serialize_begin.str1.4
                0x100053e6       0x5d CMakeFiles/pico-UUBUS.dir/home/pi/pico/pico-sdk/src/rp2_common/pico_stdio/stdio.c.obj
                0x10005444                . = ALIGN (0x4)
 *fill*         0x100053e6        0x2 
 *(SORT_BY_ALIGNMENT(SORT_BY_NAME(.flashdata*)))
                0x100053e8                . = ALIGN (0x4)

.ARM.extab
 *(.ARM.extab* .gnu.linkonce.armextab.*)
                0x100053e8                __exidx_start = .

.ARM.exidx
 *(.ARM.exidx* .gnu.linkonce.armexidx.*)
                0x100053e8                __exidx_end = .
                0x100053e8                . = ALIGN (0x4)
                0x100053e8                __binary_info_start = .

.binary_info    0x100053e8       0x1c
 *(.binary_info.keep.*)
 .binary_info.keep.__bi_ptr22
                0x100053e8        0x4 CMakeFiles/pico-UUBUS.dir/home/pi/pico/pico-sdk/src/rp2_common/pico_standard_link/binary_info.c.obj
 .binary_info.keep.__bi_ptr30
                0x100053ec        0x4 CMakeFiles/pico-UUBUS.dir/home/pi/pico/pico-sdk/src/rp2_common/pico_standard_link/binary_info.c.obj
 .binary_info.keep.__bi_ptr38
                0x100053f0        0x4 CMakeFiles/pico-UUBUS.dir/home/pi/pico/pico-sdk/src/rp2_common/pico_standard_link/binary_info.c.obj
 .binary_info.keep.__bi_ptr44
                0x100053f4        0x4 CMakeFiles/pico-UUBUS.dir/home/pi/pico/pico-sdk/src/rp2_common/pico_standard_link/binary_info.c.obj
 .binary_info.keep.__bi_ptr50
                0x100053f8        0x4 CMakeFiles/pico-UUBUS.dir/home/pi/pico/pico-sdk/src/rp2_common/pico_standard_link/binary_info.c.obj
 .binary_info.keep.__bi_ptr75
                0x100053fc        0x4 CMakeFiles/pico-UUBUS.dir/home/pi/pico/pico-sdk/src/rp2_common/pico_standard_link/binary_info.c.obj
 .binary_info.keep.__bi_ptr81
                0x10005400        0x4 CMakeFiles/pico-UUBUS.dir/home/pi/pico/pico-sdk/src/rp2_common/pico_standard_link/binary_info.c.obj
 *(.binary_info.*)
                0x10005404                __binary_info_end = .

.rel.dyn        0x10005404        0x0
 .rel.iplt      0x10005404        0x0 /usr/lib/gcc/arm-none-eabi/8.3.1/thumb/v6-m/nofp/crtbegin.o
                0x10005404                . = ALIGN (0x4)

.ram_vector_table
                0x20000000       0xc0
 *(.ram_vector_table)
 .ram_vector_table
                0x20000000       0xc0 CMakeFiles/pico-UUBUS.dir/home/pi/pico/pico-sdk/src/rp2_common/pico_runtime/runtime.c.obj
                0x20000000                ram_vector_table

.data           0x200000c0      0x224 load address 0x10005404
                0x200000c0                __data_start__ = .
 *(vtable)
 *(.time_critical*)
 .time_critical.mutex_try_enter
                0x200000c0       0x48 CMakeFiles/pico-UUBUS.dir/home/pi/pico/pico-sdk/src/common/pico_sync/mutex.c.obj
                0x200000c0                mutex_try_enter
 .time_critical.mutex_enter_block_until
                0x20000108       0x7c CMakeFiles/pico-UUBUS.dir/home/pi/pico/pico-sdk/src/common/pico_sync/mutex.c.obj
                0x20000108                mutex_enter_block_until
 .time_critical.mutex_try_enter_block_until
                0x20000184       0x34 CMakeFiles/pico-UUBUS.dir/home/pi/pico/pico-sdk/src/common/pico_sync/mutex.c.obj
                0x20000184                mutex_try_enter_block_until
 .time_critical.mutex_exit
                0x200001b8       0x4c CMakeFiles/pico-UUBUS.dir/home/pi/pico/pico-sdk/src/common/pico_sync/mutex.c.obj
                0x200001b8                mutex_exit
 *(.text*)
 .text          0x20000204        0x4 /usr/lib/gcc/arm-none-eabi/8.3.1/thumb/v6-m/nofp/libgcc.a(_dvmd_tls.o)
                0x20000204                __aeabi_ldiv0
                0x20000204                __aeabi_idiv0
 .text.__stub   0x20000208       0x20 linker stubs
                0x20000228                . = ALIGN (0x4)
 *(.rodata*)
                0x20000228                . = ALIGN (0x4)
 *(.data*)
 .data.striped_spin_lock_num
                0x20000228        0x1 CMakeFiles/pico-UUBUS.dir/home/pi/pico/pico-sdk/src/rp2_common/hardware_sync/sync.c.obj
 *fill*         0x20000229        0x3 
 .data          0x2000022c       0x48 CMakeFiles/pico-UUBUS.dir/home/pi/pico/pico-sdk/src/rp2_common/hardware_irq/irq_handler_chain.S.obj
                0x2000022c                irq_handler_chain_slots
                0x2000025c                irq_handler_chain_first_slot
                0x20000266                irq_handler_chain_remove_tail
 .data.default_alarm_pool
                0x20000274       0x18 CMakeFiles/pico-UUBUS.dir/home/pi/pico/pico-sdk/src/common/pico_time/time.c.obj
 .data.default_alarm_pool_heap
                0x2000028c       0x10 CMakeFiles/pico-UUBUS.dir/home/pi/pico/pico-sdk/src/common/pico_time/time.c.obj
 *fill*         0x2000029c        0x4 
 .data.aeabi_bits_funcs
                0x200002a0       0x10 CMakeFiles/pico-UUBUS.dir/home/pi/pico/pico-sdk/src/rp2_common/pico_bit_ops/bit_ops_aeabi.S.obj
                0x200002a0                aeabi_bits_funcs
                0x200002b0                aeabi_bits_funcs_end
 .data.aeabi_mem_funcs
                0x200002b0       0x10 CMakeFiles/pico-UUBUS.dir/home/pi/pico/pico-sdk/src/rp2_common/pico_mem_ops/mem_ops_aeabi.S.obj
                0x200002b0                aeabi_mem_funcs
                0x200002c0                aeabi_mem_funcs_end
                0x200002c0                . = ALIGN (0x4)
 *(.after_data.*)
                0x200002c0                . = ALIGN (0x4)
                0x200002c0                PROVIDE (__mutex_array_start = .)
 *(SORT_BY_NAME(.mutex_array.*))
 *(.mutex_array)
 .mutex_array   0x200002c0        0x8 CMakeFiles/pico-UUBUS.dir/home/pi/pico/pico-sdk/src/rp2_common/pico_malloc/pico_malloc.c.obj
 .mutex_array   0x200002c8        0x8 CMakeFiles/pico-UUBUS.dir/home/pi/pico/pico-sdk/src/rp2_common/pico_stdio/stdio.c.obj
                0x200002d0                PROVIDE (__mutex_array_end = .)
                0x200002d0                . = ALIGN (0x4)
                0x200002d0                PROVIDE (__preinit_array_start = .)
 *(SORT_BY_NAME(.preinit_array.*))
 .preinit_array.00001
                0x200002d0        0x4 CMakeFiles/pico-UUBUS.dir/home/pi/pico/pico-sdk/src/rp2_common/pico_mem_ops/mem_ops_aeabi.S.obj
 .preinit_array.00010
                0x200002d4        0x4 CMakeFiles/pico-UUBUS.dir/home/pi/pico/pico-sdk/src/rp2_common/pico_bit_ops/bit_ops_aeabi.S.obj
 .preinit_array.00020
                0x200002d8        0x4 CMakeFiles/pico-UUBUS.dir/home/pi/pico/pico-sdk/src/rp2_common/pico_double/double_aeabi.S.obj
 .preinit_array.00020
                0x200002dc        0x4 CMakeFiles/pico-UUBUS.dir/home/pi/pico/pico-sdk/src/rp2_common/pico_float/float_aeabi.S.obj
 *(.preinit_array)
                0x200002e0                PROVIDE (__preinit_array_end = .)
                0x200002e0                . = ALIGN (0x4)
                0x200002e0                PROVIDE (__init_array_start = .)
 *(SORT_BY_NAME(.init_array.*))
 *(.init_array)
 .init_array    0x200002e0        0x4 /usr/lib/gcc/arm-none-eabi/8.3.1/thumb/v6-m/nofp/crtbegin.o
                0x200002e4                PROVIDE (__init_array_end = .)
                0x200002e4                . = ALIGN (0x4)
                0x200002e4                PROVIDE (__fini_array_start = .)
 *(SORT_BY_NAME(.fini_array.*))
 *(.fini_array)
                0x200002e4                PROVIDE (__fini_array_end = .)
 *(.jcr)
                0x200002e4                . = ALIGN (0x4)
                0x200002e4                __data_end__ = .
                0x10005404                __etext = LOADADDR (.data)

.tm_clone_table
                0x200002e4        0x0 load address 0x10005628
 .tm_clone_table
                0x200002e4        0x0 /usr/lib/gcc/arm-none-eabi/8.3.1/thumb/v6-m/nofp/crtbegin.o
 .tm_clone_table
                0x200002e4        0x0 /usr/lib/gcc/arm-none-eabi/8.3.1/thumb/v6-m/nofp/crtend.o

.igot.plt       0x200002e4        0x0 load address 0x10005628
 .igot.plt      0x200002e4        0x0 /usr/lib/gcc/arm-none-eabi/8.3.1/thumb/v6-m/nofp/crtbegin.o

.uninitialized_data
                0x200002e4        0x0 load address 0x10005628
                0x200002e4                . = ALIGN (0x4)
 *(.uninitialized_data*)

.scratch_x      0x20040000        0x0 load address 0x10005628
                0x20040000                __scratch_x_start__ = .
 *(.scratch_x.*)
                0x20040000                . = ALIGN (0x4)
                0x20040000                __scratch_x_end__ = .
                0x10005628                __scratch_x_source__ = LOADADDR (.scratch_x)

.scratch_y      0x20041000        0x0 load address 0x10005628
                0x20041000                __scratch_y_start__ = .
 *(.scratch_y.*)
                0x20041000                . = ALIGN (0x4)
                0x20041000                __scratch_y_end__ = .
                0x10005628                __scratch_y_source__ = LOADADDR (.scratch_y)

.bss            0x200002e8      0x3c8
                0x200002e8                . = ALIGN (0x4)
                0x200002e8                __bss_start__ = .
 *(SORT_BY_ALIGNMENT(SORT_BY_NAME(.bss*)))
 .bss.default_alarm_pool_entries
                0x200002e8      0x100 CMakeFiles/pico-UUBUS.dir/home/pi/pico/pico-sdk/src/common/pico_time/time.c.obj
 .bss           0x200003e8       0x1c /usr/lib/gcc/arm-none-eabi/8.3.1/thumb/v6-m/nofp/crtbegin.o
 .bss.alarm_callbacks
                0x20000404       0x10 CMakeFiles/pico-UUBUS.dir/home/pi/pico/pico-sdk/src/rp2_common/hardware_timer/timer.c.obj
 .bss.configured_freq
                0x20000414       0x28 CMakeFiles/pico-UUBUS.dir/home/pi/pico/pico-sdk/src/rp2_common/hardware_clocks/clocks.c.obj
 .bss.default_alarm_pool_entry_ids_high
                0x2000043c       0x10 CMakeFiles/pico-UUBUS.dir/home/pi/pico/pico-sdk/src/common/pico_time/time.c.obj
 .bss.default_alarm_pool_heap_nodes
                0x2000044c       0x30 CMakeFiles/pico-UUBUS.dir/home/pi/pico/pico-sdk/src/common/pico_time/time.c.obj
 .bss.drivers   0x2000047c        0x4 CMakeFiles/pico-UUBUS.dir/home/pi/pico/pico-sdk/src/rp2_common/pico_stdio/stdio.c.obj
 .bss.filter    0x20000480        0x4 CMakeFiles/pico-UUBUS.dir/home/pi/pico/pico-sdk/src/rp2_common/pico_stdio/stdio.c.obj
 .bss.pools     0x20000484       0x10 CMakeFiles/pico-UUBUS.dir/home/pi/pico/pico-sdk/src/common/pico_time/time.c.obj
 .bss.sf_clz_func
                0x20000494        0x4 CMakeFiles/pico-UUBUS.dir/home/pi/pico/pico-sdk/src/rp2_common/pico_double/double_init_rom.c.obj
                0x20000494                sf_clz_func
 .bss.sleep_notifier
                0x20000498        0x4 CMakeFiles/pico-UUBUS.dir/home/pi/pico/pico-sdk/src/common/pico_time/time.c.obj
 .bss.target_hi
                0x2000049c       0x10 CMakeFiles/pico-UUBUS.dir/home/pi/pico/pico-sdk/src/rp2_common/hardware_timer/timer.c.obj
 .bss.claimed   0x200004ac        0x1 CMakeFiles/pico-UUBUS.dir/home/pi/pico/pico-sdk/src/rp2_common/hardware_timer/timer.c.obj
 .bss.irq_hander_chain_free_slot_head
                0x200004ad        0x1 CMakeFiles/pico-UUBUS.dir/home/pi/pico/pico-sdk/src/rp2_common/hardware_irq/irq.c.obj
 .bss.timer_callbacks_pending
                0x200004ae        0x1 CMakeFiles/pico-UUBUS.dir/home/pi/pico/pico-sdk/src/rp2_common/hardware_timer/timer.c.obj
 *(COMMON)
 *fill*         0x200004af        0x1 
 COMMON         0x200004b0      0x100 CMakeFiles/pico-UUBUS.dir/home/pi/pico/pico-sdk/src/rp2_common/pico_double/double_init_rom.c.obj
                0x200004b0                sd_table
 COMMON         0x200005b0      0x100 CMakeFiles/pico-UUBUS.dir/home/pi/pico/pico-sdk/src/rp2_common/pico_float/float_init_rom.c.obj
                0x200005b0                sf_table
                0x200006b0                . = ALIGN (0x4)
                0x200006b0                __bss_end__ = .

.heap           0x200006b0      0x800
                0x200006b0                __end__ = .
                0x200006b0                end = __end__
 *(.heap*)
 .heap          0x200006b0      0x800 CMakeFiles/pico-UUBUS.dir/home/pi/pico/pico-sdk/src/rp2_common/pico_standard_link/crt0.S.obj
                0x20000eb0                __HeapLimit = .

.stack1_dummy   0x20040000      0x800
 *(.stack1*)
 .stack1        0x20040000      0x800 CMakeFiles/pico-UUBUS.dir/home/pi/pico/pico-sdk/src/rp2_common/pico_multicore/multicore.c.obj

.stack_dummy    0x20041000      0x800
 *(.stack*)
 .stack         0x20041000      0x800 CMakeFiles/pico-UUBUS.dir/home/pi/pico/pico-sdk/src/rp2_common/pico_standard_link/crt0.S.obj

.flash_end      0x10005628        0x0
                0x10005628                PROVIDE (__flash_binary_end = .)
                0x20040000                __StackLimit = (ORIGIN (RAM) + LENGTH (RAM))
                0x20041000                __StackOneTop = (ORIGIN (SCRATCH_X) + LENGTH (SCRATCH_X))
                0x20042000                __StackTop = (ORIGIN (SCRATCH_Y) + LENGTH (SCRATCH_Y))
                0x20040800                __StackOneBottom = (__StackOneTop - SIZEOF (.stack1_dummy))
                0x20041800                __StackBottom = (__StackTop - SIZEOF (.stack_dummy))
                0x20042000                PROVIDE (__stack = __StackTop)
                0x00000001                ASSERT ((__StackLimit >= __HeapLimit), region RAM overflowed)
                0x00000001                ASSERT (((__binary_info_header_end - __logical_binary_start) <= 0x100), Binary info must be in first 256 bytes of the binary)
LOAD CMakeFiles/pico-UUBUS.dir/src/pico_servo.c.obj
LOAD CMakeFiles/pico-UUBUS.dir/main.c.obj
LOAD CMakeFiles/pico-UUBUS.dir/home/pi/pico/pico-sdk/src/rp2_common/pico_stdlib/stdlib.c.obj
LOAD CMakeFiles/pico-UUBUS.dir/home/pi/pico/pico-sdk/src/rp2_common/hardware_gpio/gpio.c.obj
LOAD CMakeFiles/pico-UUBUS.dir/home/pi/pico/pico-sdk/src/rp2_common/pico_platform/platform.c.obj
LOAD CMakeFiles/pico-UUBUS.dir/home/pi/pico/pico-sdk/src/rp2_common/hardware_claim/claim.c.obj
LOAD CMakeFiles/pico-UUBUS.dir/home/pi/pico/pico-sdk/src/rp2_common/hardware_sync/sync.c.obj
LOAD CMakeFiles/pico-UUBUS.dir/home/pi/pico/pico-sdk/src/rp2_common/hardware_irq/irq.c.obj
LOAD CMakeFiles/pico-UUBUS.dir/home/pi/pico/pico-sdk/src/rp2_common/hardware_irq/irq_handler_chain.S.obj
LOAD CMakeFiles/pico-UUBUS.dir/home/pi/pico/pico-sdk/src/common/pico_sync/sem.c.obj
LOAD CMakeFiles/pico-UUBUS.dir/home/pi/pico/pico-sdk/src/common/pico_sync/lock_core.c.obj
LOAD CMakeFiles/pico-UUBUS.dir/home/pi/pico/pico-sdk/src/common/pico_sync/mutex.c.obj
LOAD CMakeFiles/pico-UUBUS.dir/home/pi/pico/pico-sdk/src/common/pico_sync/critical_section.c.obj
LOAD CMakeFiles/pico-UUBUS.dir/home/pi/pico/pico-sdk/src/common/pico_time/time.c.obj
LOAD CMakeFiles/pico-UUBUS.dir/home/pi/pico/pico-sdk/src/common/pico_time/timeout_helper.c.obj
LOAD CMakeFiles/pico-UUBUS.dir/home/pi/pico/pico-sdk/src/rp2_common/hardware_timer/timer.c.obj
LOAD CMakeFiles/pico-UUBUS.dir/home/pi/pico/pico-sdk/src/common/pico_util/datetime.c.obj
LOAD CMakeFiles/pico-UUBUS.dir/home/pi/pico/pico-sdk/src/common/pico_util/pheap.c.obj
LOAD CMakeFiles/pico-UUBUS.dir/home/pi/pico/pico-sdk/src/common/pico_util/queue.c.obj
LOAD CMakeFiles/pico-UUBUS.dir/home/pi/pico/pico-sdk/src/rp2_common/hardware_uart/uart.c.obj
LOAD CMakeFiles/pico-UUBUS.dir/home/pi/pico/pico-sdk/src/rp2_common/hardware_clocks/clocks.c.obj
LOAD CMakeFiles/pico-UUBUS.dir/home/pi/pico/pico-sdk/src/rp2_common/hardware_pll/pll.c.obj
LOAD CMakeFiles/pico-UUBUS.dir/home/pi/pico/pico-sdk/src/rp2_common/hardware_vreg/vreg.c.obj
LOAD CMakeFiles/pico-UUBUS.dir/home/pi/pico/pico-sdk/src/rp2_common/hardware_watchdog/watchdog.c.obj
LOAD CMakeFiles/pico-UUBUS.dir/home/pi/pico/pico-sdk/src/rp2_common/hardware_xosc/xosc.c.obj
LOAD CMakeFiles/pico-UUBUS.dir/home/pi/pico/pico-sdk/src/rp2_common/hardware_divider/divider.S.obj
LOAD CMakeFiles/pico-UUBUS.dir/home/pi/pico/pico-sdk/src/rp2_common/pico_runtime/runtime.c.obj
LOAD CMakeFiles/pico-UUBUS.dir/home/pi/pico/pico-sdk/src/rp2_common/pico_printf/printf.c.obj
LOAD CMakeFiles/pico-UUBUS.dir/home/pi/pico/pico-sdk/src/rp2_common/pico_bit_ops/bit_ops_aeabi.S.obj
LOAD CMakeFiles/pico-UUBUS.dir/home/pi/pico/pico-sdk/src/rp2_common/pico_bootrom/bootrom.c.obj
LOAD CMakeFiles/pico-UUBUS.dir/home/pi/pico/pico-sdk/src/rp2_common/pico_divider/divider.S.obj
LOAD CMakeFiles/pico-UUBUS.dir/home/pi/pico/pico-sdk/src/rp2_common/pico_double/double_aeabi.S.obj
LOAD CMakeFiles/pico-UUBUS.dir/home/pi/pico/pico-sdk/src/rp2_common/pico_double/double_init_rom.c.obj
LOAD CMakeFiles/pico-UUBUS.dir/home/pi/pico/pico-sdk/src/rp2_common/pico_double/double_math.c.obj
LOAD CMakeFiles/pico-UUBUS.dir/home/pi/pico/pico-sdk/src/rp2_common/pico_double/double_v1_rom_shim.S.obj
LOAD CMakeFiles/pico-UUBUS.dir/home/pi/pico/pico-sdk/src/rp2_common/pico_int64_ops/pico_int64_ops_aeabi.S.obj
LOAD CMakeFiles/pico-UUBUS.dir/home/pi/pico/pico-sdk/src/rp2_common/pico_float/float_aeabi.S.obj
LOAD CMakeFiles/pico-UUBUS.dir/home/pi/pico/pico-sdk/src/rp2_common/pico_float/float_init_rom.c.obj
LOAD CMakeFiles/pico-UUBUS.dir/home/pi/pico/pico-sdk/src/rp2_common/pico_float/float_math.c.obj
LOAD CMakeFiles/pico-UUBUS.dir/home/pi/pico/pico-sdk/src/rp2_common/pico_float/float_v1_rom_shim.S.obj
LOAD CMakeFiles/pico-UUBUS.dir/home/pi/pico/pico-sdk/src/rp2_common/pico_malloc/pico_malloc.c.obj
LOAD CMakeFiles/pico-UUBUS.dir/home/pi/pico/pico-sdk/src/rp2_common/pico_mem_ops/mem_ops_aeabi.S.obj
LOAD CMakeFiles/pico-UUBUS.dir/home/pi/pico/pico-sdk/src/rp2_common/pico_standard_link/crt0.S.obj
LOAD CMakeFiles/pico-UUBUS.dir/home/pi/pico/pico-sdk/src/rp2_common/pico_standard_link/new_delete.cpp.obj
LOAD CMakeFiles/pico-UUBUS.dir/home/pi/pico/pico-sdk/src/rp2_common/pico_standard_link/binary_info.c.obj
LOAD CMakeFiles/pico-UUBUS.dir/home/pi/pico/pico-sdk/src/rp2_common/pico_stdio/stdio.c.obj
LOAD CMakeFiles/pico-UUBUS.dir/home/pi/pico/pico-sdk/src/rp2_common/pico_stdio_uart/stdio_uart.c.obj
LOAD CMakeFiles/pico-UUBUS.dir/home/pi/pico/pico-sdk/src/rp2_common/hardware_adc/adc.c.obj
LOAD CMakeFiles/pico-UUBUS.dir/home/pi/pico/pico-sdk/src/rp2_common/hardware_flash/flash.c.obj
LOAD CMakeFiles/pico-UUBUS.dir/home/pi/pico/pico-sdk/src/rp2_common/pico_multicore/multicore.c.obj
LOAD /tmp/ccOer0Yt.o
LOAD /usr/lib/gcc/arm-none-eabi/8.3.1/../../../arm-none-eabi/lib/thumb/v6-m/nofp/libstdc++.a
LOAD /usr/lib/gcc/arm-none-eabi/8.3.1/../../../arm-none-eabi/lib/thumb/v6-m/nofp/libm.a
START GROUP
LOAD /usr/lib/gcc/arm-none-eabi/8.3.1/thumb/v6-m/nofp/libgcc.a
LOAD /usr/lib/gcc/arm-none-eabi/8.3.1/../../../arm-none-eabi/lib/thumb/v6-m/nofp/libg.a
LOAD /usr/lib/gcc/arm-none-eabi/8.3.1/../../../arm-none-eabi/lib/thumb/v6-m/nofp/libc.a
END GROUP
START GROUP
LOAD /usr/lib/gcc/arm-none-eabi/8.3.1/thumb/v6-m/nofp/libgcc.a
LOAD /usr/lib/gcc/arm-none-eabi/8.3.1/../../../arm-none-eabi/lib/thumb/v6-m/nofp/libc.a
LOAD /usr/lib/gcc/arm-none-eabi/8.3.1/../../../arm-none-eabi/lib/thumb/v6-m/nofp/libnosys.a
END GROUP
LOAD /usr/lib/gcc/arm-none-eabi/8.3.1/thumb/v6-m/nofp/crtend.o
LOAD /usr/lib/gcc/arm-none-eabi/8.3.1/thumb/v6-m/nofp/crtn.o
OUTPUT(pico-UUBUS.elf elf32-littlearm)
LOAD linker stubs

.ARM.attributes
                0x00000000       0x28
 .ARM.attributes
                0x00000000       0x1e /usr/lib/gcc/arm-none-eabi/8.3.1/thumb/v6-m/nofp/crti.o
 .ARM.attributes
                0x0000001e       0x2c /usr/lib/gcc/arm-none-eabi/8.3.1/thumb/v6-m/nofp/crtbegin.o
 .ARM.attributes
                0x0000004a       0x2c CMakeFiles/pico-UUBUS.dir/src/pico_servo.c.obj
 .ARM.attributes
                0x00000076       0x2c CMakeFiles/pico-UUBUS.dir/main.c.obj
 .ARM.attributes
                0x000000a2       0x2c CMakeFiles/pico-UUBUS.dir/home/pi/pico/pico-sdk/src/rp2_common/hardware_gpio/gpio.c.obj
 .ARM.attributes
                0x000000ce       0x2c CMakeFiles/pico-UUBUS.dir/home/pi/pico/pico-sdk/src/rp2_common/pico_platform/platform.c.obj
 .ARM.attributes
                0x000000fa       0x2c CMakeFiles/pico-UUBUS.dir/home/pi/pico/pico-sdk/src/rp2_common/hardware_claim/claim.c.obj
 .ARM.attributes
                0x00000126       0x2c CMakeFiles/pico-UUBUS.dir/home/pi/pico/pico-sdk/src/rp2_common/hardware_sync/sync.c.obj
 .ARM.attributes
                0x00000152       0x2c CMakeFiles/pico-UUBUS.dir/home/pi/pico/pico-sdk/src/rp2_common/hardware_irq/irq.c.obj
 .ARM.attributes
                0x0000017e       0x22 CMakeFiles/pico-UUBUS.dir/home/pi/pico/pico-sdk/src/rp2_common/hardware_irq/irq_handler_chain.S.obj
 .ARM.attributes
                0x000001a0       0x2c CMakeFiles/pico-UUBUS.dir/home/pi/pico/pico-sdk/src/common/pico_sync/lock_core.c.obj
 .ARM.attributes
                0x000001cc       0x2c CMakeFiles/pico-UUBUS.dir/home/pi/pico/pico-sdk/src/common/pico_sync/mutex.c.obj
 .ARM.attributes
                0x000001f8       0x2c CMakeFiles/pico-UUBUS.dir/home/pi/pico/pico-sdk/src/common/pico_time/time.c.obj
 .ARM.attributes
                0x00000224       0x2c CMakeFiles/pico-UUBUS.dir/home/pi/pico/pico-sdk/src/rp2_common/hardware_timer/timer.c.obj
 .ARM.attributes
                0x00000250       0x2c CMakeFiles/pico-UUBUS.dir/home/pi/pico/pico-sdk/src/common/pico_util/pheap.c.obj
 .ARM.attributes
                0x0000027c       0x2c CMakeFiles/pico-UUBUS.dir/home/pi/pico/pico-sdk/src/rp2_common/hardware_clocks/clocks.c.obj
 .ARM.attributes
                0x000002a8       0x2c CMakeFiles/pico-UUBUS.dir/home/pi/pico/pico-sdk/src/rp2_common/hardware_pll/pll.c.obj
 .ARM.attributes
                0x000002d4       0x2c CMakeFiles/pico-UUBUS.dir/home/pi/pico/pico-sdk/src/rp2_common/hardware_watchdog/watchdog.c.obj
 .ARM.attributes
                0x00000300       0x2c CMakeFiles/pico-UUBUS.dir/home/pi/pico/pico-sdk/src/rp2_common/hardware_xosc/xosc.c.obj
 .ARM.attributes
                0x0000032c       0x2c CMakeFiles/pico-UUBUS.dir/home/pi/pico/pico-sdk/src/rp2_common/pico_runtime/runtime.c.obj
 .ARM.attributes
                0x00000358       0x2c CMakeFiles/pico-UUBUS.dir/home/pi/pico/pico-sdk/src/rp2_common/pico_printf/printf.c.obj
 .ARM.attributes
                0x00000384       0x22 CMakeFiles/pico-UUBUS.dir/home/pi/pico/pico-sdk/src/rp2_common/pico_bit_ops/bit_ops_aeabi.S.obj
 .ARM.attributes
                0x000003a6       0x2c CMakeFiles/pico-UUBUS.dir/home/pi/pico/pico-sdk/src/rp2_common/pico_bootrom/bootrom.c.obj
 .ARM.attributes
                0x000003d2       0x22 CMakeFiles/pico-UUBUS.dir/home/pi/pico/pico-sdk/src/rp2_common/pico_divider/divider.S.obj
 .ARM.attributes
                0x000003f4       0x22 CMakeFiles/pico-UUBUS.dir/home/pi/pico/pico-sdk/src/rp2_common/pico_double/double_aeabi.S.obj
 .ARM.attributes
                0x00000416       0x2c CMakeFiles/pico-UUBUS.dir/home/pi/pico/pico-sdk/src/rp2_common/pico_double/double_init_rom.c.obj
 .ARM.attributes
                0x00000442       0x22 CMakeFiles/pico-UUBUS.dir/home/pi/pico/pico-sdk/src/rp2_common/pico_double/double_v1_rom_shim.S.obj
 .ARM.attributes
                0x00000464       0x22 CMakeFiles/pico-UUBUS.dir/home/pi/pico/pico-sdk/src/rp2_common/pico_int64_ops/pico_int64_ops_aeabi.S.obj
 .ARM.attributes
                0x00000486       0x22 CMakeFiles/pico-UUBUS.dir/home/pi/pico/pico-sdk/src/rp2_common/pico_float/float_aeabi.S.obj
 .ARM.attributes
                0x000004a8       0x2c CMakeFiles/pico-UUBUS.dir/home/pi/pico/pico-sdk/src/rp2_common/pico_float/float_init_rom.c.obj
 .ARM.attributes
                0x000004d4       0x22 CMakeFiles/pico-UUBUS.dir/home/pi/pico/pico-sdk/src/rp2_common/pico_float/float_v1_rom_shim.S.obj
 .ARM.attributes
                0x000004f6       0x2c CMakeFiles/pico-UUBUS.dir/home/pi/pico/pico-sdk/src/rp2_common/pico_malloc/pico_malloc.c.obj
 .ARM.attributes
                0x00000522       0x22 CMakeFiles/pico-UUBUS.dir/home/pi/pico/pico-sdk/src/rp2_common/pico_mem_ops/mem_ops_aeabi.S.obj
 .ARM.attributes
                0x00000544       0x22 CMakeFiles/pico-UUBUS.dir/home/pi/pico/pico-sdk/src/rp2_common/pico_standard_link/crt0.S.obj
 .ARM.attributes
                0x00000566       0x32 CMakeFiles/pico-UUBUS.dir/home/pi/pico/pico-sdk/src/rp2_common/pico_standard_link/binary_info.c.obj
 .ARM.attributes
                0x00000598       0x2c CMakeFiles/pico-UUBUS.dir/home/pi/pico/pico-sdk/src/rp2_common/pico_stdio/stdio.c.obj
 .ARM.attributes
                0x000005c4       0x2c CMakeFiles/pico-UUBUS.dir/home/pi/pico/pico-sdk/src/rp2_common/pico_multicore/multicore.c.obj
 .ARM.attributes
                0x000005f0       0x22 /tmp/ccOer0Yt.o
 .ARM.attributes
                0x00000612       0x1e /usr/lib/gcc/arm-none-eabi/8.3.1/thumb/v6-m/nofp/libgcc.a(_dvmd_tls.o)
 .ARM.attributes
                0x00000630       0x2c /usr/lib/gcc/arm-none-eabi/8.3.1/../../../arm-none-eabi/lib/thumb/v6-m/nofp/libg.a(lib_a-strlen-stub.o)
 .ARM.attributes
                0x0000065c       0x2c /usr/lib/gcc/arm-none-eabi/8.3.1/thumb/v6-m/nofp/crtend.o

.comment        0x00000000       0x9f
 .comment       0x00000000       0x51 /usr/lib/gcc/arm-none-eabi/8.3.1/thumb/v6-m/nofp/crtbegin.o
                                 0x52 (size before relaxing)
 .comment       0x00000051       0x52 CMakeFiles/pico-UUBUS.dir/src/pico_servo.c.obj
 .comment       0x00000051       0x52 CMakeFiles/pico-UUBUS.dir/main.c.obj
 .comment       0x00000051       0x52 CMakeFiles/pico-UUBUS.dir/home/pi/pico/pico-sdk/src/rp2_common/hardware_gpio/gpio.c.obj
 .comment       0x00000051       0x52 CMakeFiles/pico-UUBUS.dir/home/pi/pico/pico-sdk/src/rp2_common/pico_platform/platform.c.obj
 .comment       0x00000051       0x52 CMakeFiles/pico-UUBUS.dir/home/pi/pico/pico-sdk/src/rp2_common/hardware_claim/claim.c.obj
 .comment       0x00000051       0x52 CMakeFiles/pico-UUBUS.dir/home/pi/pico/pico-sdk/src/rp2_common/hardware_sync/sync.c.obj
 .comment       0x00000051       0x52 CMakeFiles/pico-UUBUS.dir/home/pi/pico/pico-sdk/src/rp2_common/hardware_irq/irq.c.obj
 .comment       0x00000051       0x52 CMakeFiles/pico-UUBUS.dir/home/pi/pico/pico-sdk/src/common/pico_sync/lock_core.c.obj
 .comment       0x00000051       0x52 CMakeFiles/pico-UUBUS.dir/home/pi/pico/pico-sdk/src/common/pico_sync/mutex.c.obj
 .comment       0x00000051       0x52 CMakeFiles/pico-UUBUS.dir/home/pi/pico/pico-sdk/src/common/pico_time/time.c.obj
 .comment       0x00000051       0x52 CMakeFiles/pico-UUBUS.dir/home/pi/pico/pico-sdk/src/rp2_common/hardware_timer/timer.c.obj
 .comment       0x00000051       0x52 CMakeFiles/pico-UUBUS.dir/home/pi/pico/pico-sdk/src/common/pico_util/pheap.c.obj
 .comment       0x00000051       0x52 CMakeFiles/pico-UUBUS.dir/home/pi/pico/pico-sdk/src/rp2_common/hardware_clocks/clocks.c.obj
 .comment       0x00000051       0x52 CMakeFiles/pico-UUBUS.dir/home/pi/pico/pico-sdk/src/rp2_common/hardware_pll/pll.c.obj
 .comment       0x00000051       0x52 CMakeFiles/pico-UUBUS.dir/home/pi/pico/pico-sdk/src/rp2_common/hardware_watchdog/watchdog.c.obj
 .comment       0x00000051       0x52 CMakeFiles/pico-UUBUS.dir/home/pi/pico/pico-sdk/src/rp2_common/hardware_xosc/xosc.c.obj
 .comment       0x00000051       0x52 CMakeFiles/pico-UUBUS.dir/home/pi/pico/pico-sdk/src/rp2_common/pico_runtime/runtime.c.obj
 .comment       0x00000051       0x52 CMakeFiles/pico-UUBUS.dir/home/pi/pico/pico-sdk/src/rp2_common/pico_printf/printf.c.obj
 .comment       0x00000051       0x52 CMakeFiles/pico-UUBUS.dir/home/pi/pico/pico-sdk/src/rp2_common/pico_bootrom/bootrom.c.obj
 .comment       0x00000051       0x52 CMakeFiles/pico-UUBUS.dir/home/pi/pico/pico-sdk/src/rp2_common/pico_double/double_init_rom.c.obj
 .comment       0x00000051       0x52 CMakeFiles/pico-UUBUS.dir/home/pi/pico/pico-sdk/src/rp2_common/pico_float/float_init_rom.c.obj
 .comment       0x00000051       0x52 CMakeFiles/pico-UUBUS.dir/home/pi/pico/pico-sdk/src/rp2_common/pico_malloc/pico_malloc.c.obj
 .comment       0x00000051       0x52 CMakeFiles/pico-UUBUS.dir/home/pi/pico/pico-sdk/src/rp2_common/pico_standard_link/binary_info.c.obj
 .comment       0x00000051       0x52 CMakeFiles/pico-UUBUS.dir/home/pi/pico/pico-sdk/src/rp2_common/pico_stdio/stdio.c.obj
 .comment       0x00000051       0x52 CMakeFiles/pico-UUBUS.dir/home/pi/pico/pico-sdk/src/rp2_common/pico_multicore/multicore.c.obj
 .comment       0x00000051       0x4e /usr/lib/gcc/arm-none-eabi/8.3.1/../../../arm-none-eabi/lib/thumb/v6-m/nofp/libg.a(lib_a-strlen-stub.o)
                                 0x4f (size before relaxing)
 .comment       0x0000009f       0x52 /usr/lib/gcc/arm-none-eabi/8.3.1/thumb/v6-m/nofp/crtend.o

.debug_info     0x00000000    0x1d2fe
 .debug_info    0x00000000      0x829 CMakeFiles/pico-UUBUS.dir/src/pico_servo.c.obj
 .debug_info    0x00000829     0x1e4d CMakeFiles/pico-UUBUS.dir/main.c.obj
 .debug_info    0x00002676     0x1860 CMakeFiles/pico-UUBUS.dir/home/pi/pico/pico-sdk/src/rp2_common/hardware_gpio/gpio.c.obj
 .debug_info    0x00003ed6      0x1cb CMakeFiles/pico-UUBUS.dir/home/pi/pico/pico-sdk/src/rp2_common/pico_platform/platform.c.obj
 .debug_info    0x000040a1      0x6aa CMakeFiles/pico-UUBUS.dir/home/pi/pico/pico-sdk/src/rp2_common/hardware_claim/claim.c.obj
 .debug_info    0x0000474b      0x591 CMakeFiles/pico-UUBUS.dir/home/pi/pico/pico-sdk/src/rp2_common/hardware_sync/sync.c.obj
 .debug_info    0x00004cdc     0x1cfa CMakeFiles/pico-UUBUS.dir/home/pi/pico/pico-sdk/src/rp2_common/hardware_irq/irq.c.obj
 .debug_info    0x000069d6       0x26 CMakeFiles/pico-UUBUS.dir/home/pi/pico/pico-sdk/src/rp2_common/hardware_irq/irq_handler_chain.S.obj
 .debug_info    0x000069fc      0x1ed CMakeFiles/pico-UUBUS.dir/home/pi/pico/pico-sdk/src/common/pico_sync/lock_core.c.obj
 .debug_info    0x00006be9     0x20e8 CMakeFiles/pico-UUBUS.dir/home/pi/pico/pico-sdk/src/common/pico_sync/mutex.c.obj
 .debug_info    0x00008cd1     0x493f CMakeFiles/pico-UUBUS.dir/home/pi/pico/pico-sdk/src/common/pico_time/time.c.obj
 .debug_info    0x0000d610     0x13ac CMakeFiles/pico-UUBUS.dir/home/pi/pico/pico-sdk/src/rp2_common/hardware_timer/timer.c.obj
 .debug_info    0x0000e9bc     0x1ada CMakeFiles/pico-UUBUS.dir/home/pi/pico/pico-sdk/src/common/pico_util/pheap.c.obj
 .debug_info    0x00010496      0xf45 CMakeFiles/pico-UUBUS.dir/home/pi/pico/pico-sdk/src/rp2_common/hardware_clocks/clocks.c.obj
 .debug_info    0x000113db      0x4e8 CMakeFiles/pico-UUBUS.dir/home/pi/pico/pico-sdk/src/rp2_common/hardware_pll/pll.c.obj
 .debug_info    0x000118c3      0xd7d CMakeFiles/pico-UUBUS.dir/home/pi/pico/pico-sdk/src/rp2_common/hardware_watchdog/watchdog.c.obj
 .debug_info    0x00012640      0x1b8 CMakeFiles/pico-UUBUS.dir/home/pi/pico/pico-sdk/src/rp2_common/hardware_xosc/xosc.c.obj
 .debug_info    0x000127f8     0x1929 CMakeFiles/pico-UUBUS.dir/home/pi/pico/pico-sdk/src/rp2_common/pico_runtime/runtime.c.obj
 .debug_info    0x00014121     0x2032 CMakeFiles/pico-UUBUS.dir/home/pi/pico/pico-sdk/src/rp2_common/pico_printf/printf.c.obj
 .debug_info    0x00016153       0x22 CMakeFiles/pico-UUBUS.dir/home/pi/pico/pico-sdk/src/rp2_common/pico_bit_ops/bit_ops_aeabi.S.obj
 .debug_info    0x00016175      0x262 CMakeFiles/pico-UUBUS.dir/home/pi/pico/pico-sdk/src/rp2_common/pico_bootrom/bootrom.c.obj
 .debug_info    0x000163d7       0x22 CMakeFiles/pico-UUBUS.dir/home/pi/pico/pico-sdk/src/rp2_common/pico_divider/divider.S.obj
 .debug_info    0x000163f9       0x22 CMakeFiles/pico-UUBUS.dir/home/pi/pico/pico-sdk/src/rp2_common/pico_double/double_aeabi.S.obj
 .debug_info    0x0001641b      0xb2a CMakeFiles/pico-UUBUS.dir/home/pi/pico/pico-sdk/src/rp2_common/pico_double/double_init_rom.c.obj
 .debug_info    0x00016f45       0x22 CMakeFiles/pico-UUBUS.dir/home/pi/pico/pico-sdk/src/rp2_common/pico_double/double_v1_rom_shim.S.obj
 .debug_info    0x00016f67       0x26 CMakeFiles/pico-UUBUS.dir/home/pi/pico/pico-sdk/src/rp2_common/pico_int64_ops/pico_int64_ops_aeabi.S.obj
 .debug_info    0x00016f8d       0x22 CMakeFiles/pico-UUBUS.dir/home/pi/pico/pico-sdk/src/rp2_common/pico_float/float_aeabi.S.obj
 .debug_info    0x00016faf      0xb44 CMakeFiles/pico-UUBUS.dir/home/pi/pico/pico-sdk/src/rp2_common/pico_float/float_init_rom.c.obj
 .debug_info    0x00017af3       0x22 CMakeFiles/pico-UUBUS.dir/home/pi/pico/pico-sdk/src/rp2_common/pico_float/float_v1_rom_shim.S.obj
 .debug_info    0x00017b15      0xd74 CMakeFiles/pico-UUBUS.dir/home/pi/pico/pico-sdk/src/rp2_common/pico_malloc/pico_malloc.c.obj
 .debug_info    0x00018889       0x22 CMakeFiles/pico-UUBUS.dir/home/pi/pico/pico-sdk/src/rp2_common/pico_mem_ops/mem_ops_aeabi.S.obj
 .debug_info    0x000188ab       0x22 CMakeFiles/pico-UUBUS.dir/home/pi/pico/pico-sdk/src/rp2_common/pico_standard_link/crt0.S.obj
 .debug_info    0x000188cd      0x2cb CMakeFiles/pico-UUBUS.dir/home/pi/pico/pico-sdk/src/rp2_common/pico_standard_link/binary_info.c.obj
 .debug_info    0x00018b98     0x20dc CMakeFiles/pico-UUBUS.dir/home/pi/pico/pico-sdk/src/rp2_common/pico_stdio/stdio.c.obj
 .debug_info    0x0001ac74     0x1cf1 CMakeFiles/pico-UUBUS.dir/home/pi/pico/pico-sdk/src/rp2_common/pico_multicore/multicore.c.obj
 .debug_info    0x0001c965       0x26 /usr/lib/gcc/arm-none-eabi/8.3.1/thumb/v6-m/nofp/libgcc.a(_dvmd_tls.o)
 .debug_info    0x0001c98b      0x973 /usr/lib/gcc/arm-none-eabi/8.3.1/../../../arm-none-eabi/lib/thumb/v6-m/nofp/libg.a(lib_a-strlen-stub.o)

.debug_abbrev   0x00000000     0x5298
 .debug_abbrev  0x00000000      0x27a CMakeFiles/pico-UUBUS.dir/src/pico_servo.c.obj
 .debug_abbrev  0x0000027a      0x315 CMakeFiles/pico-UUBUS.dir/main.c.obj
 .debug_abbrev  0x0000058f      0x382 CMakeFiles/pico-UUBUS.dir/home/pi/pico/pico-sdk/src/rp2_common/hardware_gpio/gpio.c.obj
 .debug_abbrev  0x00000911       0xeb CMakeFiles/pico-UUBUS.dir/home/pi/pico/pico-sdk/src/rp2_common/pico_platform/platform.c.obj
 .debug_abbrev  0x000009fc      0x2fb CMakeFiles/pico-UUBUS.dir/home/pi/pico/pico-sdk/src/rp2_common/hardware_claim/claim.c.obj
 .debug_abbrev  0x00000cf7      0x224 CMakeFiles/pico-UUBUS.dir/home/pi/pico/pico-sdk/src/rp2_common/hardware_sync/sync.c.obj
 .debug_abbrev  0x00000f1b      0x4ff CMakeFiles/pico-UUBUS.dir/home/pi/pico/pico-sdk/src/rp2_common/hardware_irq/irq.c.obj
 .debug_abbrev  0x0000141a       0x14 CMakeFiles/pico-UUBUS.dir/home/pi/pico/pico-sdk/src/rp2_common/hardware_irq/irq_handler_chain.S.obj
 .debug_abbrev  0x0000142e      0x141 CMakeFiles/pico-UUBUS.dir/home/pi/pico/pico-sdk/src/common/pico_sync/lock_core.c.obj
 .debug_abbrev  0x0000156f      0x3b3 CMakeFiles/pico-UUBUS.dir/home/pi/pico/pico-sdk/src/common/pico_sync/mutex.c.obj
 .debug_abbrev  0x00001922      0x65e CMakeFiles/pico-UUBUS.dir/home/pi/pico/pico-sdk/src/common/pico_time/time.c.obj
 .debug_abbrev  0x00001f80      0x3c7 CMakeFiles/pico-UUBUS.dir/home/pi/pico/pico-sdk/src/rp2_common/hardware_timer/timer.c.obj
 .debug_abbrev  0x00002347      0x3ad CMakeFiles/pico-UUBUS.dir/home/pi/pico/pico-sdk/src/common/pico_util/pheap.c.obj
 .debug_abbrev  0x000026f4      0x3ea CMakeFiles/pico-UUBUS.dir/home/pi/pico/pico-sdk/src/rp2_common/hardware_clocks/clocks.c.obj
 .debug_abbrev  0x00002ade      0x1ee CMakeFiles/pico-UUBUS.dir/home/pi/pico/pico-sdk/src/rp2_common/hardware_pll/pll.c.obj
 .debug_abbrev  0x00002ccc      0x2d8 CMakeFiles/pico-UUBUS.dir/home/pi/pico/pico-sdk/src/rp2_common/hardware_watchdog/watchdog.c.obj
 .debug_abbrev  0x00002fa4      0x106 CMakeFiles/pico-UUBUS.dir/home/pi/pico/pico-sdk/src/rp2_common/hardware_xosc/xosc.c.obj
 .debug_abbrev  0x000030aa      0x5dc CMakeFiles/pico-UUBUS.dir/home/pi/pico/pico-sdk/src/rp2_common/pico_runtime/runtime.c.obj
 .debug_abbrev  0x00003686      0x4aa CMakeFiles/pico-UUBUS.dir/home/pi/pico/pico-sdk/src/rp2_common/pico_printf/printf.c.obj
 .debug_abbrev  0x00003b30       0x12 CMakeFiles/pico-UUBUS.dir/home/pi/pico/pico-sdk/src/rp2_common/pico_bit_ops/bit_ops_aeabi.S.obj
 .debug_abbrev  0x00003b42      0x144 CMakeFiles/pico-UUBUS.dir/home/pi/pico/pico-sdk/src/rp2_common/pico_bootrom/bootrom.c.obj
 .debug_abbrev  0x00003c86       0x12 CMakeFiles/pico-UUBUS.dir/home/pi/pico/pico-sdk/src/rp2_common/pico_divider/divider.S.obj
 .debug_abbrev  0x00003c98       0x12 CMakeFiles/pico-UUBUS.dir/home/pi/pico/pico-sdk/src/rp2_common/pico_double/double_aeabi.S.obj
 .debug_abbrev  0x00003caa      0x2c2 CMakeFiles/pico-UUBUS.dir/home/pi/pico/pico-sdk/src/rp2_common/pico_double/double_init_rom.c.obj
 .debug_abbrev  0x00003f6c       0x12 CMakeFiles/pico-UUBUS.dir/home/pi/pico/pico-sdk/src/rp2_common/pico_double/double_v1_rom_shim.S.obj
 .debug_abbrev  0x00003f7e       0x14 CMakeFiles/pico-UUBUS.dir/home/pi/pico/pico-sdk/src/rp2_common/pico_int64_ops/pico_int64_ops_aeabi.S.obj
 .debug_abbrev  0x00003f92       0x12 CMakeFiles/pico-UUBUS.dir/home/pi/pico/pico-sdk/src/rp2_common/pico_float/float_aeabi.S.obj
 .debug_abbrev  0x00003fa4      0x2d5 CMakeFiles/pico-UUBUS.dir/home/pi/pico/pico-sdk/src/rp2_common/pico_float/float_init_rom.c.obj
 .debug_abbrev  0x00004279       0x12 CMakeFiles/pico-UUBUS.dir/home/pi/pico/pico-sdk/src/rp2_common/pico_float/float_v1_rom_shim.S.obj
 .debug_abbrev  0x0000428b      0x306 CMakeFiles/pico-UUBUS.dir/home/pi/pico/pico-sdk/src/rp2_common/pico_malloc/pico_malloc.c.obj
 .debug_abbrev  0x00004591       0x12 CMakeFiles/pico-UUBUS.dir/home/pi/pico/pico-sdk/src/rp2_common/pico_mem_ops/mem_ops_aeabi.S.obj
 .debug_abbrev  0x000045a3       0x12 CMakeFiles/pico-UUBUS.dir/home/pi/pico/pico-sdk/src/rp2_common/pico_standard_link/crt0.S.obj
 .debug_abbrev  0x000045b5       0xad CMakeFiles/pico-UUBUS.dir/home/pi/pico/pico-sdk/src/rp2_common/pico_standard_link/binary_info.c.obj
 .debug_abbrev  0x00004662      0x581 CMakeFiles/pico-UUBUS.dir/home/pi/pico/pico-sdk/src/rp2_common/pico_stdio/stdio.c.obj
 .debug_abbrev  0x00004be3      0x4b9 CMakeFiles/pico-UUBUS.dir/home/pi/pico/pico-sdk/src/rp2_common/pico_multicore/multicore.c.obj
 .debug_abbrev  0x0000509c       0x14 /usr/lib/gcc/arm-none-eabi/8.3.1/thumb/v6-m/nofp/libgcc.a(_dvmd_tls.o)
 .debug_abbrev  0x000050b0      0x1e8 /usr/lib/gcc/arm-none-eabi/8.3.1/../../../arm-none-eabi/lib/thumb/v6-m/nofp/libg.a(lib_a-strlen-stub.o)

.debug_loc      0x00000000     0xfa6d
 .debug_loc     0x00000000      0x59c CMakeFiles/pico-UUBUS.dir/src/pico_servo.c.obj
 .debug_loc     0x0000059c      0x880 CMakeFiles/pico-UUBUS.dir/main.c.obj
 .debug_loc     0x00000e1c     0x122e CMakeFiles/pico-UUBUS.dir/home/pi/pico/pico-sdk/src/rp2_common/hardware_gpio/gpio.c.obj
 .debug_loc     0x0000204a       0xe9 CMakeFiles/pico-UUBUS.dir/home/pi/pico/pico-sdk/src/rp2_common/pico_platform/platform.c.obj
 .debug_loc     0x00002133      0x43d CMakeFiles/pico-UUBUS.dir/home/pi/pico/pico-sdk/src/rp2_common/hardware_claim/claim.c.obj
 .debug_loc     0x00002570      0x233 CMakeFiles/pico-UUBUS.dir/home/pi/pico/pico-sdk/src/rp2_common/hardware_sync/sync.c.obj
 .debug_loc     0x000027a3     0x1463 CMakeFiles/pico-UUBUS.dir/home/pi/pico/pico-sdk/src/rp2_common/hardware_irq/irq.c.obj
 .debug_loc     0x00003c06       0x60 CMakeFiles/pico-UUBUS.dir/home/pi/pico/pico-sdk/src/common/pico_sync/lock_core.c.obj
 .debug_loc     0x00003c66     0x159f CMakeFiles/pico-UUBUS.dir/home/pi/pico/pico-sdk/src/common/pico_sync/mutex.c.obj
 .debug_loc     0x00005205     0x3281 CMakeFiles/pico-UUBUS.dir/home/pi/pico/pico-sdk/src/common/pico_time/time.c.obj
 .debug_loc     0x00008486      0xa7c CMakeFiles/pico-UUBUS.dir/home/pi/pico/pico-sdk/src/rp2_common/hardware_timer/timer.c.obj
 .debug_loc     0x00008f02     0x14bf CMakeFiles/pico-UUBUS.dir/home/pi/pico/pico-sdk/src/common/pico_util/pheap.c.obj
 .debug_loc     0x0000a3c1      0x7af CMakeFiles/pico-UUBUS.dir/home/pi/pico/pico-sdk/src/rp2_common/hardware_clocks/clocks.c.obj
 .debug_loc     0x0000ab70      0x31d CMakeFiles/pico-UUBUS.dir/home/pi/pico/pico-sdk/src/rp2_common/hardware_pll/pll.c.obj
 .debug_loc     0x0000ae8d      0x2a0 CMakeFiles/pico-UUBUS.dir/home/pi/pico/pico-sdk/src/rp2_common/hardware_watchdog/watchdog.c.obj
 .debug_loc     0x0000b12d       0x3d CMakeFiles/pico-UUBUS.dir/home/pi/pico/pico-sdk/src/rp2_common/hardware_xosc/xosc.c.obj
 .debug_loc     0x0000b16a      0x5f2 CMakeFiles/pico-UUBUS.dir/home/pi/pico/pico-sdk/src/rp2_common/pico_runtime/runtime.c.obj
 .debug_loc     0x0000b75c     0x1fee CMakeFiles/pico-UUBUS.dir/home/pi/pico/pico-sdk/src/rp2_common/pico_printf/printf.c.obj
 .debug_loc     0x0000d74a      0x1a1 CMakeFiles/pico-UUBUS.dir/home/pi/pico/pico-sdk/src/rp2_common/pico_bootrom/bootrom.c.obj
 .debug_loc     0x0000d8eb       0x59 CMakeFiles/pico-UUBUS.dir/home/pi/pico/pico-sdk/src/rp2_common/pico_double/double_init_rom.c.obj
 .debug_loc     0x0000d944       0x73 CMakeFiles/pico-UUBUS.dir/home/pi/pico/pico-sdk/src/rp2_common/pico_float/float_init_rom.c.obj
 .debug_loc     0x0000d9b7      0x2dc CMakeFiles/pico-UUBUS.dir/home/pi/pico/pico-sdk/src/rp2_common/pico_malloc/pico_malloc.c.obj
 .debug_loc     0x0000dc93      0xde6 CMakeFiles/pico-UUBUS.dir/home/pi/pico/pico-sdk/src/rp2_common/pico_stdio/stdio.c.obj
 .debug_loc     0x0000ea79      0xf51 CMakeFiles/pico-UUBUS.dir/home/pi/pico/pico-sdk/src/rp2_common/pico_multicore/multicore.c.obj
 .debug_loc     0x0000f9ca       0xa3 /usr/lib/gcc/arm-none-eabi/8.3.1/../../../arm-none-eabi/lib/thumb/v6-m/nofp/libg.a(lib_a-strlen-stub.o)

.debug_aranges  0x00000000      0xf40
 .debug_aranges
                0x00000000       0x30 CMakeFiles/pico-UUBUS.dir/src/pico_servo.c.obj
 .debug_aranges
                0x00000030       0x20 CMakeFiles/pico-UUBUS.dir/main.c.obj
 .debug_aranges
                0x00000050      0x100 CMakeFiles/pico-UUBUS.dir/home/pi/pico/pico-sdk/src/rp2_common/hardware_gpio/gpio.c.obj
 .debug_aranges
                0x00000150       0x28 CMakeFiles/pico-UUBUS.dir/home/pi/pico/pico-sdk/src/rp2_common/pico_platform/platform.c.obj
 .debug_aranges
                0x00000178       0x48 CMakeFiles/pico-UUBUS.dir/home/pi/pico/pico-sdk/src/rp2_common/hardware_claim/claim.c.obj
 .debug_aranges
                0x000001c0       0x58 CMakeFiles/pico-UUBUS.dir/home/pi/pico/pico-sdk/src/rp2_common/hardware_sync/sync.c.obj
 .debug_aranges
                0x00000218       0xc8 CMakeFiles/pico-UUBUS.dir/home/pi/pico/pico-sdk/src/rp2_common/hardware_irq/irq.c.obj
 .debug_aranges
                0x000002e0       0x20 CMakeFiles/pico-UUBUS.dir/home/pi/pico/pico-sdk/src/rp2_common/hardware_irq/irq_handler_chain.S.obj
 .debug_aranges
                0x00000300       0x20 CMakeFiles/pico-UUBUS.dir/home/pi/pico/pico-sdk/src/common/pico_sync/lock_core.c.obj
 .debug_aranges
                0x00000320       0x90 CMakeFiles/pico-UUBUS.dir/home/pi/pico/pico-sdk/src/common/pico_sync/mutex.c.obj
 .debug_aranges
                0x000003b0       0xe8 CMakeFiles/pico-UUBUS.dir/home/pi/pico/pico-sdk/src/common/pico_time/time.c.obj
 .debug_aranges
                0x00000498       0x88 CMakeFiles/pico-UUBUS.dir/home/pi/pico/pico-sdk/src/rp2_common/hardware_timer/timer.c.obj
 .debug_aranges
                0x00000520       0x78 CMakeFiles/pico-UUBUS.dir/home/pi/pico/pico-sdk/src/common/pico_util/pheap.c.obj
 .debug_aranges
                0x00000598       0x70 CMakeFiles/pico-UUBUS.dir/home/pi/pico/pico-sdk/src/rp2_common/hardware_clocks/clocks.c.obj
 .debug_aranges
                0x00000608       0x28 CMakeFiles/pico-UUBUS.dir/home/pi/pico/pico-sdk/src/rp2_common/hardware_pll/pll.c.obj
 .debug_aranges
                0x00000630       0x58 CMakeFiles/pico-UUBUS.dir/home/pi/pico/pico-sdk/src/rp2_common/hardware_watchdog/watchdog.c.obj
 .debug_aranges
                0x00000688       0x30 CMakeFiles/pico-UUBUS.dir/home/pi/pico/pico-sdk/src/rp2_common/hardware_xosc/xosc.c.obj
 .debug_aranges
                0x000006b8       0x88 CMakeFiles/pico-UUBUS.dir/home/pi/pico/pico-sdk/src/rp2_common/pico_runtime/runtime.c.obj
 .debug_aranges
                0x00000740       0x90 CMakeFiles/pico-UUBUS.dir/home/pi/pico/pico-sdk/src/rp2_common/pico_printf/printf.c.obj
 .debug_aranges
                0x000007d0       0x68 CMakeFiles/pico-UUBUS.dir/home/pi/pico/pico-sdk/src/rp2_common/pico_bit_ops/bit_ops_aeabi.S.obj
 .debug_aranges
                0x00000838       0x30 CMakeFiles/pico-UUBUS.dir/home/pi/pico/pico-sdk/src/rp2_common/pico_bootrom/bootrom.c.obj
 .debug_aranges
                0x00000868       0x40 CMakeFiles/pico-UUBUS.dir/home/pi/pico/pico-sdk/src/rp2_common/pico_divider/divider.S.obj
 .debug_aranges
                0x000008a8      0x140 CMakeFiles/pico-UUBUS.dir/home/pi/pico/pico-sdk/src/rp2_common/pico_double/double_aeabi.S.obj
 .debug_aranges
                0x000009e8       0x20 CMakeFiles/pico-UUBUS.dir/home/pi/pico/pico-sdk/src/rp2_common/pico_double/double_init_rom.c.obj
 .debug_aranges
                0x00000a08       0xc8 CMakeFiles/pico-UUBUS.dir/home/pi/pico/pico-sdk/src/rp2_common/pico_double/double_v1_rom_shim.S.obj
 .debug_aranges
                0x00000ad0       0x20 CMakeFiles/pico-UUBUS.dir/home/pi/pico/pico-sdk/src/rp2_common/pico_int64_ops/pico_int64_ops_aeabi.S.obj
 .debug_aranges
                0x00000af0      0x130 CMakeFiles/pico-UUBUS.dir/home/pi/pico/pico-sdk/src/rp2_common/pico_float/float_aeabi.S.obj
 .debug_aranges
                0x00000c20       0x20 CMakeFiles/pico-UUBUS.dir/home/pi/pico/pico-sdk/src/rp2_common/pico_float/float_init_rom.c.obj
 .debug_aranges
                0x00000c40       0x50 CMakeFiles/pico-UUBUS.dir/home/pi/pico/pico-sdk/src/rp2_common/pico_float/float_v1_rom_shim.S.obj
 .debug_aranges
                0x00000c90       0x38 CMakeFiles/pico-UUBUS.dir/home/pi/pico/pico-sdk/src/rp2_common/pico_malloc/pico_malloc.c.obj
 .debug_aranges
                0x00000cc8       0x38 CMakeFiles/pico-UUBUS.dir/home/pi/pico/pico-sdk/src/rp2_common/pico_mem_ops/mem_ops_aeabi.S.obj
 .debug_aranges
                0x00000d00       0x28 CMakeFiles/pico-UUBUS.dir/home/pi/pico/pico-sdk/src/rp2_common/pico_standard_link/crt0.S.obj
 .debug_aranges
                0x00000d28       0x18 CMakeFiles/pico-UUBUS.dir/home/pi/pico/pico-sdk/src/rp2_common/pico_standard_link/binary_info.c.obj
 .debug_aranges
                0x00000d40      0x100 CMakeFiles/pico-UUBUS.dir/home/pi/pico/pico-sdk/src/rp2_common/pico_stdio/stdio.c.obj
 .debug_aranges
                0x00000e40       0xc0 CMakeFiles/pico-UUBUS.dir/home/pi/pico/pico-sdk/src/rp2_common/pico_multicore/multicore.c.obj
 .debug_aranges
                0x00000f00       0x20 /usr/lib/gcc/arm-none-eabi/8.3.1/thumb/v6-m/nofp/libgcc.a(_dvmd_tls.o)
 .debug_aranges
                0x00000f20       0x20 /usr/lib/gcc/arm-none-eabi/8.3.1/../../../arm-none-eabi/lib/thumb/v6-m/nofp/libg.a(lib_a-strlen-stub.o)

.debug_ranges   0x00000000     0x33e0
 .debug_ranges  0x00000000       0x70 CMakeFiles/pico-UUBUS.dir/src/pico_servo.c.obj
 .debug_ranges  0x00000070       0x10 CMakeFiles/pico-UUBUS.dir/main.c.obj
 .debug_ranges  0x00000080      0x150 CMakeFiles/pico-UUBUS.dir/home/pi/pico/pico-sdk/src/rp2_common/hardware_gpio/gpio.c.obj
 .debug_ranges  0x000001d0       0x18 CMakeFiles/pico-UUBUS.dir/home/pi/pico/pico-sdk/src/rp2_common/pico_platform/platform.c.obj
 .debug_ranges  0x000001e8       0xd8 CMakeFiles/pico-UUBUS.dir/home/pi/pico/pico-sdk/src/rp2_common/hardware_claim/claim.c.obj
 .debug_ranges  0x000002c0       0xf0 CMakeFiles/pico-UUBUS.dir/home/pi/pico/pico-sdk/src/rp2_common/hardware_sync/sync.c.obj
 .debug_ranges  0x000003b0      0x400 CMakeFiles/pico-UUBUS.dir/home/pi/pico/pico-sdk/src/rp2_common/hardware_irq/irq.c.obj
 .debug_ranges  0x000007b0       0x10 CMakeFiles/pico-UUBUS.dir/home/pi/pico/pico-sdk/src/common/pico_sync/lock_core.c.obj
 .debug_ranges  0x000007c0      0xad0 CMakeFiles/pico-UUBUS.dir/home/pi/pico/pico-sdk/src/common/pico_sync/mutex.c.obj
 .debug_ranges  0x00001290      0xcb0 CMakeFiles/pico-UUBUS.dir/home/pi/pico/pico-sdk/src/common/pico_time/time.c.obj
 .debug_ranges  0x00001f40      0x408 CMakeFiles/pico-UUBUS.dir/home/pi/pico/pico-sdk/src/rp2_common/hardware_timer/timer.c.obj
 .debug_ranges  0x00002348      0x230 CMakeFiles/pico-UUBUS.dir/home/pi/pico/pico-sdk/src/common/pico_util/pheap.c.obj
 .debug_ranges  0x00002578       0x60 CMakeFiles/pico-UUBUS.dir/home/pi/pico/pico-sdk/src/rp2_common/hardware_clocks/clocks.c.obj
 .debug_ranges  0x000025d8       0x30 CMakeFiles/pico-UUBUS.dir/home/pi/pico/pico-sdk/src/rp2_common/hardware_pll/pll.c.obj
 .debug_ranges  0x00002608       0x48 CMakeFiles/pico-UUBUS.dir/home/pi/pico/pico-sdk/src/rp2_common/hardware_watchdog/watchdog.c.obj
 .debug_ranges  0x00002650       0x20 CMakeFiles/pico-UUBUS.dir/home/pi/pico/pico-sdk/src/rp2_common/hardware_xosc/xosc.c.obj
 .debug_ranges  0x00002670      0x168 CMakeFiles/pico-UUBUS.dir/home/pi/pico/pico-sdk/src/rp2_common/pico_runtime/runtime.c.obj
 .debug_ranges  0x000027d8      0x120 CMakeFiles/pico-UUBUS.dir/home/pi/pico/pico-sdk/src/rp2_common/pico_printf/printf.c.obj
 .debug_ranges  0x000028f8       0x60 CMakeFiles/pico-UUBUS.dir/home/pi/pico/pico-sdk/src/rp2_common/pico_bit_ops/bit_ops_aeabi.S.obj
 .debug_ranges  0x00002958       0x38 CMakeFiles/pico-UUBUS.dir/home/pi/pico/pico-sdk/src/rp2_common/pico_bootrom/bootrom.c.obj
 .debug_ranges  0x00002990       0x38 CMakeFiles/pico-UUBUS.dir/home/pi/pico/pico-sdk/src/rp2_common/pico_divider/divider.S.obj
 .debug_ranges  0x000029c8      0x138 CMakeFiles/pico-UUBUS.dir/home/pi/pico/pico-sdk/src/rp2_common/pico_double/double_aeabi.S.obj
 .debug_ranges  0x00002b00       0x30 CMakeFiles/pico-UUBUS.dir/home/pi/pico/pico-sdk/src/rp2_common/pico_double/double_init_rom.c.obj
 .debug_ranges  0x00002b30       0xc0 CMakeFiles/pico-UUBUS.dir/home/pi/pico/pico-sdk/src/rp2_common/pico_double/double_v1_rom_shim.S.obj
 .debug_ranges  0x00002bf0      0x128 CMakeFiles/pico-UUBUS.dir/home/pi/pico/pico-sdk/src/rp2_common/pico_float/float_aeabi.S.obj
 .debug_ranges  0x00002d18       0x28 CMakeFiles/pico-UUBUS.dir/home/pi/pico/pico-sdk/src/rp2_common/pico_float/float_init_rom.c.obj
 .debug_ranges  0x00002d40       0x48 CMakeFiles/pico-UUBUS.dir/home/pi/pico/pico-sdk/src/rp2_common/pico_float/float_v1_rom_shim.S.obj
 .debug_ranges  0x00002d88       0x70 CMakeFiles/pico-UUBUS.dir/home/pi/pico/pico-sdk/src/rp2_common/pico_malloc/pico_malloc.c.obj
 .debug_ranges  0x00002df8       0x30 CMakeFiles/pico-UUBUS.dir/home/pi/pico/pico-sdk/src/rp2_common/pico_mem_ops/mem_ops_aeabi.S.obj
 .debug_ranges  0x00002e28       0x20 CMakeFiles/pico-UUBUS.dir/home/pi/pico/pico-sdk/src/rp2_common/pico_standard_link/crt0.S.obj
 .debug_ranges  0x00002e48      0x258 CMakeFiles/pico-UUBUS.dir/home/pi/pico/pico-sdk/src/rp2_common/pico_stdio/stdio.c.obj
 .debug_ranges  0x000030a0      0x340 CMakeFiles/pico-UUBUS.dir/home/pi/pico/pico-sdk/src/rp2_common/pico_multicore/multicore.c.obj

.debug_line     0x00000000     0xe0d2
 .debug_line    0x00000000      0x50c CMakeFiles/pico-UUBUS.dir/src/pico_servo.c.obj
 .debug_line    0x0000050c      0x8b3 CMakeFiles/pico-UUBUS.dir/main.c.obj
 .debug_line    0x00000dbf      0xbd8 CMakeFiles/pico-UUBUS.dir/home/pi/pico/pico-sdk/src/rp2_common/hardware_gpio/gpio.c.obj
 .debug_line    0x00001997      0x1d5 CMakeFiles/pico-UUBUS.dir/home/pi/pico/pico-sdk/src/rp2_common/pico_platform/platform.c.obj
 .debug_line    0x00001b6c      0x3ae CMakeFiles/pico-UUBUS.dir/home/pi/pico/pico-sdk/src/rp2_common/hardware_claim/claim.c.obj
 .debug_line    0x00001f1a      0x39d CMakeFiles/pico-UUBUS.dir/home/pi/pico/pico-sdk/src/rp2_common/hardware_sync/sync.c.obj
 .debug_line    0x000022b7      0xf8d CMakeFiles/pico-UUBUS.dir/home/pi/pico/pico-sdk/src/rp2_common/hardware_irq/irq.c.obj
 .debug_line    0x00003244       0x80 CMakeFiles/pico-UUBUS.dir/home/pi/pico/pico-sdk/src/rp2_common/hardware_irq/irq_handler_chain.S.obj
 .debug_line    0x000032c4      0x1db CMakeFiles/pico-UUBUS.dir/home/pi/pico/pico-sdk/src/common/pico_sync/lock_core.c.obj